Archive member included to satisfy reference by file (symbol)

C:/ST/STM32CubeIDE_1.17.0/STM32CubeIDE/plugins/com.st.stm32cube.ide.mcu.externaltools.gnu-tools-for-stm32.13.3.rel1.win32_1.0.0.202411081344/tools/bin/../lib/gcc/arm-none-eabi/13.3.1/../../../../arm-none-eabi/lib/thumb/v7e-m+dp/hard\libc_nano.a(libc_a-exit.o)
                              C:/ST/STM32CubeIDE_1.17.0/STM32CubeIDE/plugins/com.st.stm32cube.ide.mcu.externaltools.gnu-tools-for-stm32.13.3.rel1.win32_1.0.0.202411081344/tools/bin/../lib/gcc/arm-none-eabi/13.3.1/../../../../arm-none-eabi/lib/thumb/v7e-m+dp/hard/crt0.o (exit)
C:/ST/STM32CubeIDE_1.17.0/STM32CubeIDE/plugins/com.st.stm32cube.ide.mcu.externaltools.gnu-tools-for-stm32.13.3.rel1.win32_1.0.0.202411081344/tools/bin/../lib/gcc/arm-none-eabi/13.3.1/../../../../arm-none-eabi/lib/thumb/v7e-m+dp/hard\libc_nano.a(libc_a-findfp.o)
                              C:/ST/STM32CubeIDE_1.17.0/STM32CubeIDE/plugins/com.st.stm32cube.ide.mcu.externaltools.gnu-tools-for-stm32.13.3.rel1.win32_1.0.0.202411081344/tools/bin/../lib/gcc/arm-none-eabi/13.3.1/../../../../arm-none-eabi/lib/thumb/v7e-m+dp/hard\libc_nano.a(libc_a-exit.o) (__stdio_exit_handler)
C:/ST/STM32CubeIDE_1.17.0/STM32CubeIDE/plugins/com.st.stm32cube.ide.mcu.externaltools.gnu-tools-for-stm32.13.3.rel1.win32_1.0.0.202411081344/tools/bin/../lib/gcc/arm-none-eabi/13.3.1/../../../../arm-none-eabi/lib/thumb/v7e-m+dp/hard\libc_nano.a(libc_a-fwalk.o)
                              C:/ST/STM32CubeIDE_1.17.0/STM32CubeIDE/plugins/com.st.stm32cube.ide.mcu.externaltools.gnu-tools-for-stm32.13.3.rel1.win32_1.0.0.202411081344/tools/bin/../lib/gcc/arm-none-eabi/13.3.1/../../../../arm-none-eabi/lib/thumb/v7e-m+dp/hard\libc_nano.a(libc_a-findfp.o) (_fwalk_sglue)
C:/ST/STM32CubeIDE_1.17.0/STM32CubeIDE/plugins/com.st.stm32cube.ide.mcu.externaltools.gnu-tools-for-stm32.13.3.rel1.win32_1.0.0.202411081344/tools/bin/../lib/gcc/arm-none-eabi/13.3.1/../../../../arm-none-eabi/lib/thumb/v7e-m+dp/hard\libc_nano.a(libc_a-stdio.o)
                              C:/ST/STM32CubeIDE_1.17.0/STM32CubeIDE/plugins/com.st.stm32cube.ide.mcu.externaltools.gnu-tools-for-stm32.13.3.rel1.win32_1.0.0.202411081344/tools/bin/../lib/gcc/arm-none-eabi/13.3.1/../../../../arm-none-eabi/lib/thumb/v7e-m+dp/hard\libc_nano.a(libc_a-findfp.o) (__sread)
C:/ST/STM32CubeIDE_1.17.0/STM32CubeIDE/plugins/com.st.stm32cube.ide.mcu.externaltools.gnu-tools-for-stm32.13.3.rel1.win32_1.0.0.202411081344/tools/bin/../lib/gcc/arm-none-eabi/13.3.1/../../../../arm-none-eabi/lib/thumb/v7e-m+dp/hard\libc_nano.a(libc_a-memset.o)
                              C:/ST/STM32CubeIDE_1.17.0/STM32CubeIDE/plugins/com.st.stm32cube.ide.mcu.externaltools.gnu-tools-for-stm32.13.3.rel1.win32_1.0.0.202411081344/tools/bin/../lib/gcc/arm-none-eabi/13.3.1/../../../../arm-none-eabi/lib/thumb/v7e-m+dp/hard/crt0.o (memset)
C:/ST/STM32CubeIDE_1.17.0/STM32CubeIDE/plugins/com.st.stm32cube.ide.mcu.externaltools.gnu-tools-for-stm32.13.3.rel1.win32_1.0.0.202411081344/tools/bin/../lib/gcc/arm-none-eabi/13.3.1/../../../../arm-none-eabi/lib/thumb/v7e-m+dp/hard\libc_nano.a(libc_a-closer.o)
                              C:/ST/STM32CubeIDE_1.17.0/STM32CubeIDE/plugins/com.st.stm32cube.ide.mcu.externaltools.gnu-tools-for-stm32.13.3.rel1.win32_1.0.0.202411081344/tools/bin/../lib/gcc/arm-none-eabi/13.3.1/../../../../arm-none-eabi/lib/thumb/v7e-m+dp/hard\libc_nano.a(libc_a-stdio.o) (_close_r)
C:/ST/STM32CubeIDE_1.17.0/STM32CubeIDE/plugins/com.st.stm32cube.ide.mcu.externaltools.gnu-tools-for-stm32.13.3.rel1.win32_1.0.0.202411081344/tools/bin/../lib/gcc/arm-none-eabi/13.3.1/../../../../arm-none-eabi/lib/thumb/v7e-m+dp/hard\libc_nano.a(libc_a-reent.o)
                              C:/ST/STM32CubeIDE_1.17.0/STM32CubeIDE/plugins/com.st.stm32cube.ide.mcu.externaltools.gnu-tools-for-stm32.13.3.rel1.win32_1.0.0.202411081344/tools/bin/../lib/gcc/arm-none-eabi/13.3.1/../../../../arm-none-eabi/lib/thumb/v7e-m+dp/hard\libc_nano.a(libc_a-closer.o) (errno)
C:/ST/STM32CubeIDE_1.17.0/STM32CubeIDE/plugins/com.st.stm32cube.ide.mcu.externaltools.gnu-tools-for-stm32.13.3.rel1.win32_1.0.0.202411081344/tools/bin/../lib/gcc/arm-none-eabi/13.3.1/../../../../arm-none-eabi/lib/thumb/v7e-m+dp/hard\libc_nano.a(libc_a-impure.o)
                              C:/ST/STM32CubeIDE_1.17.0/STM32CubeIDE/plugins/com.st.stm32cube.ide.mcu.externaltools.gnu-tools-for-stm32.13.3.rel1.win32_1.0.0.202411081344/tools/bin/../lib/gcc/arm-none-eabi/13.3.1/../../../../arm-none-eabi/lib/thumb/v7e-m+dp/hard\libc_nano.a(libc_a-reent.o) (_impure_ptr)
C:/ST/STM32CubeIDE_1.17.0/STM32CubeIDE/plugins/com.st.stm32cube.ide.mcu.externaltools.gnu-tools-for-stm32.13.3.rel1.win32_1.0.0.202411081344/tools/bin/../lib/gcc/arm-none-eabi/13.3.1/../../../../arm-none-eabi/lib/thumb/v7e-m+dp/hard\libc_nano.a(libc_a-lseekr.o)
[...]
Memory Configuration

Name             Origin             Length             Attributes
RAM_D1           0x24000000         0x00080000         xrw
FLASH            0x08000000         0x00100000         xr
DTCMRAM          0x20000000         0x00020000         xrw
RAM_D2           0x30000000         0x00048000         xrw
RAM_D3           0x38000000         0x00010000         xrw
ITCMRAM          0x00000000         0x00010000         xrw
*default*        0x00000000         0xffffffff

Linker script and memory map

LOAD C:/ST/STM32CubeIDE_1.17.0/STM32CubeIDE/plugins/com.st.stm32cube.ide.mcu.externaltools.gnu-tools-for-stm32.13.3.rel1.win32_1.0.0.202411081344/tools/bin/../lib/gcc/arm-none-eabi/13.3.1/thumb/v7e-m+dp/hard/crti.o
LOAD C:/ST/STM32CubeIDE_1.17.0/STM32CubeIDE/plugins/com.st.stm32cube.ide.mcu.externaltools.gnu-tools-for-stm32.13.3.rel1.win32_1.0.0.202411081344/tools/bin/../lib/gcc/arm-none-eabi/13.3.1/thumb/v7e-m+dp/hard/crtbegin.o
LOAD C:/ST/STM32CubeIDE_1.17.0/STM32CubeIDE/plugins/com.st.stm32cube.ide.mcu.externaltools.gnu-tools-for-stm32.13.3.rel1.win32_1.0.0.202411081344/tools/bin/../lib/gcc/arm-none-eabi/13.3.1/../../../../arm-none-eabi/lib/thumb/v7e-m+dp/hard/crt0.o
LOAD ./Common/Src/system_stm32h7xx_dualcore_boot_cm4_cm7.o
LOAD ./Core/Src/main.o
LOAD ./Core/Src/stm32h7xx_hal_msp.o
LOAD ./Core/Src/stm32h7xx_it.o
LOAD ./Core/Src/syscalls.o
LOAD ./Core/Src/sysmem.o
LOAD ./Core/Startup/startup_stm32h755zitx.o
LOAD ./Drivers/STM32H7xx_HAL_Driver/stm32h7xx_hal.o
LOAD ./Drivers/STM32H7xx_HAL_Driver/stm32h7xx_hal_cortex.o
LOAD ./Drivers/STM32H7xx_HAL_Driver/stm32h7xx_hal_dma.o
LOAD ./Drivers/STM32H7xx_HAL_Driver/stm32h7xx_hal_dma_ex.o
LOAD ./Drivers/STM32H7xx_HAL_Driver/stm32h7xx_hal_exti.o
LOAD ./Drivers/STM32H7xx_HAL_Driver/stm32h7xx_hal_flash.o
LOAD ./Drivers/STM32H7xx_HAL_Driver/stm32h7xx_hal_flash_ex.o
LOAD ./Drivers/STM32H7xx_HAL_Driver/stm32h7xx_hal_gpio.o
LOAD ./Drivers/STM32H7xx_HAL_Driver/stm32h7xx_hal_hsem.o
LOAD ./Drivers/STM32H7xx_HAL_Driver/stm32h7xx_hal_i2c.o
LOAD ./Drivers/STM32H7xx_HAL_Driver/stm32h7xx_hal_i2c_ex.o
LOAD ./Drivers/STM32H7xx_HAL_Driver/stm32h7xx_hal_mdma.o
LOAD ./Drivers/STM32H7xx_HAL_Driver/stm32h7xx_hal_pcd.o
LOAD ./Drivers/STM32H7xx_HAL_Driver/stm32h7xx_hal_pcd_ex.o
LOAD ./Drivers/STM32H7xx_HAL_Driver/stm32h7xx_hal_pwr.o
LOAD ./Drivers/STM32H7xx_HAL_Driver/stm32h7xx_hal_pwr_ex.o
LOAD ./Drivers/STM32H7xx_HAL_Driver/stm32h7xx_hal_rcc.o
LOAD ./Drivers/STM32H7xx_HAL_Driver/stm32h7xx_hal_rcc_ex.o
LOAD ./Drivers/STM32H7xx_HAL_Driver/stm32h7xx_hal_spi.o
LOAD ./Drivers/STM32H7xx_HAL_Driver/stm32h7xx_hal_spi_ex.o
LOAD ./Drivers/STM32H7xx_HAL_Driver/stm32h7xx_hal_uart.o
LOAD ./Drivers/STM32H7xx_HAL_Driver/stm32h7xx_hal_uart_ex.o
LOAD ./Drivers/STM32H7xx_HAL_Driver/stm32h7xx_ll_usb.o
START GROUP
LOAD C:/ST/STM32CubeIDE_1.17.0/STM32CubeIDE/plugins/com.st.stm32cube.ide.mcu.externaltools.gnu-tools-for-stm32.13.3.rel1.win32_1.0.0.202411081344/tools/bin/../lib/gcc/arm-none-eabi/13.3.1/../../../../arm-none-eabi/lib/thumb/v7e-m+dp/hard\libc_nano.a
LOAD C:/ST/STM32CubeIDE_1.17.0/STM32CubeIDE/plugins/com.st.stm32cube.ide.mcu.externaltools.gnu-tools-for-stm32.13.3.rel1.win32_1.0.0.202411081344/tools/bin/../lib/gcc/arm-none-eabi/13.3.1/../../../../arm-none-eabi/lib/thumb/v7e-m+dp/hard\libm.a
END GROUP
START GROUP
LOAD C:/ST/STM32CubeIDE_1.17.0/STM32CubeIDE/plugins/com.st.stm32cube.ide.mcu.externaltools.gnu-tools-for-stm32.13.3.rel1.win32_1.0.0.202411081344/tools/bin/../lib/gcc/arm-none-eabi/13.3.1/thumb/v7e-m+dp/hard\libgcc.a
LOAD C:/ST/STM32CubeIDE_1.17.0/STM32CubeIDE/plugins/com.st.stm32cube.ide.mcu.externaltools.gnu-tools-for-stm32.13.3.rel1.win32_1.0.0.202411081344/tools/bin/../lib/gcc/arm-none-eabi/13.3.1/../../../../arm-none-eabi/lib/thumb/v7e-m+dp/hard\libc_nano.a
END GROUP
START GROUP
LOAD C:/ST/STM32CubeIDE_1.17.0/STM32CubeIDE/plugins/com.st.stm32cube.ide.mcu.externaltools.gnu-tools-for-stm32.13.3.rel1.win32_1.0.0.202411081344/tools/bin/../lib/gcc/arm-none-eabi/13.3.1/thumb/v7e-m+dp/hard\libgcc.a
LOAD C:/ST/STM32CubeIDE_1.17.0/STM32CubeIDE/plugins/com.st.stm32cube.ide.mcu.externaltools.gnu-tools-for-stm32.13.3.rel1.win32_1.0.0.202411081344/tools/bin/../lib/gcc/arm-none-eabi/13.3.1/../../../../arm-none-eabi/lib/thumb/v7e-m+dp/hard\libc_nano.a
LOAD C:/ST/STM32CubeIDE_1.17.0/STM32CubeIDE/plugins/com.st.stm32cube.ide.mcu.externaltools.gnu-tools-for-stm32.13.3.rel1.win32_1.0.0.202411081344/tools/bin/../lib/gcc/arm-none-eabi/13.3.1/../../../../arm-none-eabi/lib/thumb/v7e-m+dp/hard\libnosys.a
END GROUP
START GROUP
LOAD C:/ST/STM32CubeIDE_1.17.0/STM32CubeIDE/plugins/com.st.stm32cube.ide.mcu.externaltools.gnu-tools-for-stm32.13.3.rel1.win32_1.0.0.202411081344/tools/bin/../lib/gcc/arm-none-eabi/13.3.1/thumb/v7e-m+dp/hard\libgcc.a
LOAD C:/ST/STM32CubeIDE_1.17.0/STM32CubeIDE/plugins/com.st.stm32cube.ide.mcu.externaltools.gnu-tools-for-stm32.13.3.rel1.win32_1.0.0.202411081344/tools/bin/../lib/gcc/arm-none-eabi/13.3.1/../../../../arm-none-eabi/lib/thumb/v7e-m+dp/hard\libc_nano.a
LOAD C:/ST/STM32CubeIDE_1.17.0/STM32CubeIDE/plugins/com.st.stm32cube.ide.mcu.externaltools.gnu-tools-for-stm32.13.3.rel1.win32_1.0.0.202411081344/tools/bin/../lib/gcc/arm-none-eabi/13.3.1/../../../../arm-none-eabi/lib/thumb/v7e-m+dp/hard\libnosys.a
END GROUP
LOAD C:/ST/STM32CubeIDE_1.17.0/STM32CubeIDE/plugins/com.st.stm32cube.ide.mcu.externaltools.gnu-tools-for-stm32.13.3.rel1.win32_1.0.0.202411081344/tools/bin/../lib/gcc/arm-none-eabi/13.3.1/thumb/v7e-m+dp/hard/crtend.o
LOAD C:/ST/STM32CubeIDE_1.17.0/STM32CubeIDE/plugins/com.st.stm32cube.ide.mcu.externaltools.gnu-tools-for-stm32.13.3.rel1.win32_1.0.0.202411081344/tools/bin/../lib/gcc/arm-none-eabi/13.3.1/thumb/v7e-m+dp/hard/crtn.o
                0x24080000                        _estack = (ORIGIN (RAM_D1) + LENGTH (RAM_D1))
                0x00000200                        _Min_Heap_Size = 0x200
                0x00000400                        _Min_Stack_Size = 0x400

.isr_vector     0x08000000      0x298
                0x08000000                        . = ALIGN (0x4)
 *(.isr_vector)
 .isr_vector    0x08000000      0x298 ./Core/Startup/startup_stm32h755zitx.o
                0x08000000                g_pfnVectors
                0x08000298                        . = ALIGN (0x4)

.text           0x08000298     0x774c
                0x08000298                        . = ALIGN (0x4)
 *(.text)
 .text          0x08000298       0x40 C:/ST/STM32CubeIDE_1.17.0/STM32CubeIDE/plugins/com.st.stm32cube.ide.mcu.externaltools.gnu-tools-for-stm32.13.3.rel1.win32_1.0.0.202411081344/tools/bin/../lib/gcc/arm-none-eabi/13.3.1/thumb/v7e-m+dp/hard/crtbegin.o
 .text          0x080002d8       0x30 C:/ST/STM32CubeIDE_1.17.0/STM32CubeIDE/plugins/com.st.stm32cube.ide.mcu.externaltools.gnu-tools-for-stm32.13.3.rel1.win32_1.0.0.202411081344/tools/bin/../lib/gcc/arm-none-eabi/13.3.1/thumb/v7e-m+dp/hard\libgcc.a(_aeabi_uldivmod.o)
                0x080002d8                __aeabi_uldivmod
 .text          0x08000308      0x2f8 C:/ST/STM32CubeIDE_1.17.0/STM32CubeIDE/plugins/com.st.stm32cube.ide.mcu.externaltools.gnu-tools-for-stm32.13.3.rel1.win32_1.0.0.202411081344/tools/bin/../lib/gcc/arm-none-eabi/13.3.1/thumb/v7e-m+dp/hard\libgcc.a(_udivmoddi4.o)
                0x08000308                __udivmoddi4
 .text          0x08000600        0x4 C:/ST/STM32CubeIDE_1.17.0/STM32CubeIDE/plugins/com.st.stm32cube.ide.mcu.externaltools.gnu-tools-for-stm32.13.3.rel1.win32_1.0.0.202411081344/tools/bin/../lib/gcc/arm-none-eabi/13.3.1/thumb/v7e-m+dp/hard\libgcc.a(_dvmd_tls.o)
                0x08000600                __aeabi_idiv0
                0x08000600                __aeabi_ldiv0
 *(.text*)
 .text.SystemInit
                0x08000604      0x15c ./Common/Src/system_stm32h7xx_dualcore_boot_cm4_cm7.o
                0x08000604                SystemInit
 .text.ExitRun0Mode
                0x08000760       0x34 ./Common/Src/system_stm32h7xx_dualcore_boot_cm4_cm7.o
                0x08000760                ExitRun0Mode
 .text.IOEXP_Init
                0x08000794       0x84 ./Core/Src/main.o
                0x08000794                IOEXP_Init
 .text.SPIIOEXP_Init
                0x08000818       0x48 ./Core/Src/main.o
                0x08000818                SPIIOEXP_Init
 .text.SPIIOEXP_SetModes
                0x08000860       0xca ./Core/Src/main.o
                0x08000860                SPIIOEXP_SetModes
 .text.SPIIOEXP_WritePins
                0x0800092a       0xca ./Core/Src/main.o
                0x0800092a                SPIIOEXP_WritePins
 .text.SPIIOEXP_SetPin
                0x080009f4       0x34 ./Core/Src/main.o
                0x080009f4                SPIIOEXP_SetPin
 .text.main     0x08000a28      0x388 ./Core/Src/main.o
                0x08000a28                main
 .text.SystemClock_Config
                0x08000db0      0x100 ./Core/Src/main.o
                0x08000db0                SystemClock_Config
 .text.MX_I2C2_Init
                0x08000eb0       0x80 ./Core/Src/main.o
 .text.MX_SPI1_Init
                0x08000f30       0xac ./Core/Src/main.o
 .text.MX_SPI2_Init
                0x08000fdc       0xac ./Core/Src/main.o
 .text.MX_USART1_UART_Init
                0x08001088       0x98 ./Core/Src/main.o
 .text.MX_USB_OTG_FS_PCD_Init
                0x08001120       0x64 ./Core/Src/main.o
 .text.MX_GPIO_Init
                0x08001184      0x250 ./Core/Src/main.o
 .text.MPU_Config
                0x080013d4       0x58 ./Core/Src/main.o
 .text.Error_Handler
                0x0800142c        0xc ./Core/Src/main.o
                0x0800142c                Error_Handler
 .text.HAL_MspInit
                0x08001438       0x34 ./Core/Src/stm32h7xx_hal_msp.o
                0x08001438                HAL_MspInit
 .text.HAL_I2C_MspInit
                0x0800146c       0xd4 ./Core/Src/stm32h7xx_hal_msp.o
                0x0800146c                HAL_I2C_MspInit
 .text.HAL_SPI_MspInit
                0x08001540      0x1c0 ./Core/Src/stm32h7xx_hal_msp.o
                0x08001540                HAL_SPI_MspInit
 .text.HAL_UART_MspInit
                0x08001700       0xd4 ./Core/Src/stm32h7xx_hal_msp.o
                0x08001700                HAL_UART_MspInit
 .text.HAL_PCD_MspInit
                0x080017d4       0xd8 ./Core/Src/stm32h7xx_hal_msp.o
                0x080017d4                HAL_PCD_MspInit
 .text.NMI_Handler
                0x080018ac        0x8 ./Core/Src/stm32h7xx_it.o
                0x080018ac                NMI_Handler
 .text.HardFault_Handler
                0x080018b4        0x8 ./Core/Src/stm32h7xx_it.o
                0x080018b4                HardFault_Handler
 .text.MemManage_Handler
                0x080018bc        0x8 ./Core/Src/stm32h7xx_it.o
                0x080018bc                MemManage_Handler
 .text.BusFault_Handler
                0x080018c4        0x8 ./Core/Src/stm32h7xx_it.o
                0x080018c4                BusFault_Handler
 .text.UsageFault_Handler
                0x080018cc        0x8 ./Core/Src/stm32h7xx_it.o
                0x080018cc                UsageFault_Handler
 .text.SVC_Handler
                0x080018d4        0xe ./Core/Src/stm32h7xx_it.o
                0x080018d4                SVC_Handler
 .text.DebugMon_Handler
                0x080018e2        0xe ./Core/Src/stm32h7xx_it.o
                0x080018e2                DebugMon_Handler
 .text.PendSV_Handler
                0x080018f0        0xe ./Core/Src/stm32h7xx_it.o
                0x080018f0                PendSV_Handler
 .text.SysTick_Handler
                0x080018fe        0xc ./Core/Src/stm32h7xx_it.o
                0x080018fe                SysTick_Handler
 *fill*         0x0800190a        0x2 
 .text.Reset_Handler
                0x0800190c       0x54 ./Core/Startup/startup_stm32h755zitx.o
                0x0800190c                Reset_Handler
 .text.Default_Handler
                0x08001960        0x2 ./Core/Startup/startup_stm32h755zitx.o
                0x08001960                RTC_Alarm_IRQHandler
                0x08001960                HASH_RNG_IRQHandler
                0x08001960                EXTI2_IRQHandler
                0x08001960                TIM8_CC_IRQHandler
                0x08001960                HRTIM1_Master_IRQHandler
                0x08001960                UART8_IRQHandler
                0x08001960                SPI4_IRQHandler
                0x08001960                TIM1_CC_IRQHandler
                0x08001960                BDMA_Channel6_IRQHandler
                0x08001960                DMA2_Stream5_IRQHandler
                0x08001960                HRTIM1_FLT_IRQHandler
                0x08001960                JPEG_IRQHandler
                0x08001960                DMA1_Stream5_IRQHandler
                0x08001960                BDMA_Channel1_IRQHandler
                0x08001960                HRTIM1_TIMD_IRQHandler
                0x08001960                TAMP_STAMP_IRQHandler
                0x08001960                EXTI3_IRQHandler
                0x08001960                LPTIM4_IRQHandler
                0x08001960                TIM8_TRG_COM_TIM14_IRQHandler
                0x08001960                LPTIM2_IRQHandler
                0x08001960                DFSDM1_FLT1_IRQHandler
                0x08001960                DMAMUX2_OVR_IRQHandler
                0x08001960                TIM8_UP_TIM13_IRQHandler
                0x08001960                I2C3_ER_IRQHandler
                0x08001960                DFSDM1_FLT2_IRQHandler
                0x08001960                MDMA_IRQHandler
                0x08001960                LPTIM3_IRQHandler
                0x08001960                HSEM1_IRQHandler
                0x08001960                EXTI0_IRQHandler
                0x08001960                I2C2_EV_IRQHandler
                0x08001960                DMA1_Stream2_IRQHandler
                0x08001960                FPU_IRQHandler
                0x08001960                OTG_HS_WKUP_IRQHandler
                0x08001960                FDCAN1_IT1_IRQHandler
                0x08001960                LTDC_ER_IRQHandler
                0x08001960                DMA2_Stream2_IRQHandler
                0x08001960                HRTIM1_TIME_IRQHandler
                0x08001960                SPI1_IRQHandler
                0x08001960                TIM6_DAC_IRQHandler
                0x08001960                DCMI_IRQHandler
                0x08001960                HRTIM1_TIMC_IRQHandler
                0x08001960                DMA2_Stream3_IRQHandler
                0x08001960                SAI2_IRQHandler
                0x08001960                DFSDM1_FLT3_IRQHandler
                0x08001960                USART6_IRQHandler
                0x08001960                TIM17_IRQHandler
                0x08001960                USART3_IRQHandler
                0x08001960                BDMA_Channel7_IRQHandler
                0x08001960                CRYP_IRQHandler
                0x08001960                LPTIM5_IRQHandler
                0x08001960                UART5_IRQHandler
                0x08001960                ADC3_IRQHandler
                0x08001960                DMA2_Stream0_IRQHandler
                0x08001960                TIM4_IRQHandler
                0x08001960                BDMA_Channel2_IRQHandler
                0x08001960                QUADSPI_IRQHandler
                0x08001960                I2C1_EV_IRQHandler
                0x08001960                DMA1_Stream6_IRQHandler
                0x08001960                DMAMUX1_OVR_IRQHandler
                0x08001960                DMA1_Stream1_IRQHandler
                0x08001960                TIM16_IRQHandler
                0x08001960                UART4_IRQHandler
                0x08001960                BDMA_Channel5_IRQHandler
                0x08001960                TIM3_IRQHandler
                0x08001960                RCC_IRQHandler
                0x08001960                TIM8_BRK_TIM12_IRQHandler
                0x08001960                TIM1_TRG_COM_IRQHandler
                0x08001960                Default_Handler
                0x08001960                ECC_IRQHandler
                0x08001960                CEC_IRQHandler
                0x08001960                EXTI15_10_IRQHandler
                0x08001960                BDMA_Channel0_IRQHandler
                0x08001960                ADC_IRQHandler
                0x08001960                DMA1_Stream7_IRQHandler
                0x08001960                HRTIM1_TIMA_IRQHandler
                0x08001960                SPI5_IRQHandler
                0x08001960                TIM7_IRQHandler
                0x08001960                SDMMC1_IRQHandler
                0x08001960                TIM5_IRQHandler
                0x08001960                DMA2_Stream7_IRQHandler
                0x08001960                TIM15_IRQHandler
                0x08001960                PVD_AVD_IRQHandler
                0x08001960                I2C3_EV_IRQHandler
                0x08001960                EXTI9_5_IRQHandler
                0x08001960                RTC_WKUP_IRQHandler
                0x08001960                LTDC_IRQHandler
                0x08001960                SAI3_IRQHandler
                0x08001960                ETH_WKUP_IRQHandler
                0x08001960                SPDIF_RX_IRQHandler
                0x08001960                SPI2_IRQHandler
                0x08001960                OTG_HS_EP1_IN_IRQHandler
                0x08001960                DMA1_Stream0_IRQHandler
                0x08001960                CRS_IRQHandler
                0x08001960                CM7_SEV_IRQHandler
                0x08001960                EXTI4_IRQHandler
                0x08001960                CM4_SEV_IRQHandler
                0x08001960                HRTIM1_TIMB_IRQHandler
                0x08001960                FDCAN2_IT1_IRQHandler
                0x08001960                ETH_IRQHandler
                0x08001960                TIM1_UP_IRQHandler
                0x08001960                WWDG_RST_IRQHandler
                0x08001960                BDMA_Channel4_IRQHandler
                0x08001960                OTG_HS_EP1_OUT_IRQHandler
                0x08001960                WWDG_IRQHandler
                0x08001960                SPI6_IRQHandler
                0x08001960                MDIOS_IRQHandler
                0x08001960                I2C4_EV_IRQHandler
                0x08001960                FDCAN2_IT0_IRQHandler
                0x08001960                LPUART1_IRQHandler
                0x08001960                FDCAN1_IT0_IRQHandler
                0x08001960                TIM2_IRQHandler
                0x08001960                OTG_FS_WKUP_IRQHandler
                0x08001960                OTG_HS_IRQHandler
                0x08001960                HSEM2_IRQHandler
                0x08001960                DMA2D_IRQHandler
                0x08001960                TIM1_BRK_IRQHandler
                0x08001960                EXTI1_IRQHandler
                0x08001960                SDMMC2_IRQHandler
                0x08001960                OTG_FS_EP1_OUT_IRQHandler
                0x08001960                BDMA_Channel3_IRQHandler
                0x08001960                HOLD_CORE_IRQHandler
                0x08001960                UART7_IRQHandler
                0x08001960                MDIOS_WKUP_IRQHandler
                0x08001960                USART2_IRQHandler
                0x08001960                DFSDM1_FLT0_IRQHandler
                0x08001960                SAI4_IRQHandler
                0x08001960                I2C2_ER_IRQHandler
                0x08001960                DMA2_Stream1_IRQHandler
                0x08001960                FLASH_IRQHandler
                0x08001960                DMA2_Stream4_IRQHandler
                0x08001960                USART1_IRQHandler
                0x08001960                OTG_FS_IRQHandler
                0x08001960                SPI3_IRQHandler
                0x08001960                WAKEUP_PIN_IRQHandler
                0x08001960                DMA1_Stream4_IRQHandler
                0x08001960                OTG_FS_EP1_IN_IRQHandler
                0x08001960                I2C1_ER_IRQHandler
                0x08001960                FMC_IRQHandler
                0x08001960                FDCAN_CAL_IRQHandler
                0x08001960                SWPMI1_IRQHandler
                0x08001960                COMP1_IRQHandler
                0x08001960                LPTIM1_IRQHandler
                0x08001960                I2C4_ER_IRQHandler
                0x08001960                DMA2_Stream6_IRQHandler
                0x08001960                SAI1_IRQHandler
                0x08001960                DMA1_Stream3_IRQHandler
 *fill*         0x08001962        0x2 
 .text.HAL_Init
                0x08001964       0x78 ./Drivers/STM32H7xx_HAL_Driver/stm32h7xx_hal.o
                0x08001964                HAL_Init
 .text.HAL_InitTick
                0x080019dc       0x6c ./Drivers/STM32H7xx_HAL_Driver/stm32h7xx_hal.o
                0x080019dc                HAL_InitTick
 .text.HAL_IncTick
                0x08001a48       0x28 ./Drivers/STM32H7xx_HAL_Driver/stm32h7xx_hal.o
                0x08001a48                HAL_IncTick
 .text.HAL_GetTick
                0x08001a70       0x18 ./Drivers/STM32H7xx_HAL_Driver/stm32h7xx_hal.o
                0x08001a70                HAL_GetTick
 .text.HAL_Delay
                0x08001a88       0x48 ./Drivers/STM32H7xx_HAL_Driver/stm32h7xx_hal.o
                0x08001a88                HAL_Delay
 .text.HAL_GetREVID
                0x08001ad0       0x18 ./Drivers/STM32H7xx_HAL_Driver/stm32h7xx_hal.o
                0x08001ad0                HAL_GetREVID
 .text.__NVIC_SetPriorityGrouping
                0x08001ae8       0x48 ./Drivers/STM32H7xx_HAL_Driver/stm32h7xx_hal_cortex.o
 .text.__NVIC_GetPriorityGrouping
                0x08001b30       0x1c ./Drivers/STM32H7xx_HAL_Driver/stm32h7xx_hal_cortex.o
 .text.__NVIC_SetPriority
                0x08001b4c       0x54 ./Drivers/STM32H7xx_HAL_Driver/stm32h7xx_hal_cortex.o
 .text.NVIC_EncodePriority
                0x08001ba0       0x66 ./Drivers/STM32H7xx_HAL_Driver/stm32h7xx_hal_cortex.o
 *fill*         0x08001c06        0x2 
 .text.SysTick_Config
                0x08001c08       0x44 ./Drivers/STM32H7xx_HAL_Driver/stm32h7xx_hal_cortex.o
 .text.HAL_NVIC_SetPriorityGrouping
                0x08001c4c       0x16 ./Drivers/STM32H7xx_HAL_Driver/stm32h7xx_hal_cortex.o
                0x08001c4c                HAL_NVIC_SetPriorityGrouping
 .text.HAL_NVIC_SetPriority
                0x08001c62       0x34 ./Drivers/STM32H7xx_HAL_Driver/stm32h7xx_hal_cortex.o
                0x08001c62                HAL_NVIC_SetPriority
 .text.HAL_SYSTICK_Config
                0x08001c96       0x18 ./Drivers/STM32H7xx_HAL_Driver/stm32h7xx_hal_cortex.o
                0x08001c96                HAL_SYSTICK_Config
 *fill*         0x08001cae        0x2 
 .text.HAL_MPU_Disable
                0x08001cb0       0x30 ./Drivers/STM32H7xx_HAL_Driver/stm32h7xx_hal_cortex.o
                0x08001cb0                HAL_MPU_Disable
 .text.HAL_MPU_Enable
                0x08001ce0       0x40 ./Drivers/STM32H7xx_HAL_Driver/stm32h7xx_hal_cortex.o
                0x08001ce0                HAL_MPU_Enable
 .text.HAL_MPU_ConfigRegion
                0x08001d20       0x80 ./Drivers/STM32H7xx_HAL_Driver/stm32h7xx_hal_cortex.o
                0x08001d20                HAL_MPU_ConfigRegion
 .text.HAL_GPIO_Init
                0x08001da0      0x360 ./Drivers/STM32H7xx_HAL_Driver/stm32h7xx_hal_gpio.o
                0x08001da0                HAL_GPIO_Init
 .text.HAL_GPIO_WritePin
                0x08002100       0x32 ./Drivers/STM32H7xx_HAL_Driver/stm32h7xx_hal_gpio.o
                0x08002100                HAL_GPIO_WritePin
 *fill*         0x08002132        0x2 
 .text.HAL_HSEM_FastTake
                0x08002134       0x34 ./Drivers/STM32H7xx_HAL_Driver/stm32h7xx_hal_hsem.o
                0x08002134                HAL_HSEM_FastTake
 .text.HAL_HSEM_Release
                0x08002168       0x28 ./Drivers/STM32H7xx_HAL_Driver/stm32h7xx_hal_hsem.o
                0x08002168                HAL_HSEM_Release
 .text.HAL_I2C_Init
                0x08002190      0x138 ./Drivers/STM32H7xx_HAL_Driver/stm32h7xx_hal_i2c.o
                0x08002190                HAL_I2C_Init
 .text.HAL_I2C_Master_Transmit
                0x080022c8      0x230 ./Drivers/STM32H7xx_HAL_Driver/stm32h7xx_hal_i2c.o
                0x080022c8                HAL_I2C_Master_Transmit
 .text.I2C_Flush_TXDR
                0x080024f8       0x48 ./Drivers/STM32H7xx_HAL_Driver/stm32h7xx_hal_i2c.o
 .text.I2C_WaitOnFlagUntilTimeout
                0x08002540       0xb2 ./Drivers/STM32H7xx_HAL_Driver/stm32h7xx_hal_i2c.o
 .text.I2C_WaitOnTXISFlagUntilTimeout
                0x080025f2       0x8e ./Drivers/STM32H7xx_HAL_Driver/stm32h7xx_hal_i2c.o
 .text.I2C_WaitOnSTOPFlagUntilTimeout
                0x08002680       0x86 ./Drivers/STM32H7xx_HAL_Driver/stm32h7xx_hal_i2c.o
 *fill*         0x08002706        0x2 
 .text.I2C_IsErrorOccurred
                0x08002708      0x1c0 ./Drivers/STM32H7xx_HAL_Driver/stm32h7xx_hal_i2c.o
 .text.I2C_TransferConfig
                0x080028c8       0x64 ./Drivers/STM32H7xx_HAL_Driver/stm32h7xx_hal_i2c.o
 .text.HAL_I2CEx_ConfigAnalogFilter
                0x0800292c       0x96 ./Drivers/STM32H7xx_HAL_Driver/stm32h7xx_hal_i2c_ex.o
                0x0800292c                HAL_I2CEx_ConfigAnalogFilter
 .text.HAL_I2CEx_ConfigDigitalFilter
                0x080029c2       0x98 ./Drivers/STM32H7xx_HAL_Driver/stm32h7xx_hal_i2c_ex.o
                0x080029c2                HAL_I2CEx_ConfigDigitalFilter
 .text.HAL_PCD_Init
                0x08002a5a      0x218 ./Drivers/STM32H7xx_HAL_Driver/stm32h7xx_hal_pcd.o
                0x08002a5a                HAL_PCD_Init
 *fill*         0x08002c72        0x2 
 .text.HAL_PCDEx_ActivateLPM
                0x08002c74       0x48 ./Drivers/STM32H7xx_HAL_Driver/stm32h7xx_hal_pcd_ex.o
                0x08002c74                HAL_PCDEx_ActivateLPM
 .text.HAL_PWREx_ConfigSupply
                0x08002cbc       0xb4 ./Drivers/STM32H7xx_HAL_Driver/stm32h7xx_hal_pwr_ex.o
                0x08002cbc                HAL_PWREx_ConfigSupply
 .text.HAL_PWREx_EnableUSBVoltageDetector
                0x08002d70       0x20 ./Drivers/STM32H7xx_HAL_Driver/stm32h7xx_hal_pwr_ex.o
                0x08002d70                HAL_PWREx_EnableUSBVoltageDetector
 .text.HAL_RCC_OscConfig
                0x08002d90      0x8b4 ./Drivers/STM32H7xx_HAL_Driver/stm32h7xx_hal_rcc.o
                0x08002d90                HAL_RCC_OscConfig
 .text.HAL_RCC_ClockConfig
                0x08003644      0x36c ./Drivers/STM32H7xx_HAL_Driver/stm32h7xx_hal_rcc.o
                0x08003644                HAL_RCC_ClockConfig
 .text.HAL_RCC_GetSysClockFreq
                0x080039b0      0x2f4 ./Drivers/STM32H7xx_HAL_Driver/stm32h7xx_hal_rcc.o
                0x080039b0                HAL_RCC_GetSysClockFreq
 .text.HAL_RCC_GetHCLKFreq
                0x08003ca4       0x60 ./Drivers/STM32H7xx_HAL_Driver/stm32h7xx_hal_rcc.o
                0x08003ca4                HAL_RCC_GetHCLKFreq
 .text.HAL_RCC_GetPCLK1Freq
                0x08003d04       0x2c ./Drivers/STM32H7xx_HAL_Driver/stm32h7xx_hal_rcc.o
                0x08003d04                HAL_RCC_GetPCLK1Freq
 .text.HAL_RCC_GetPCLK2Freq
                0x08003d30       0x2c ./Drivers/STM32H7xx_HAL_Driver/stm32h7xx_hal_rcc.o
                0x08003d30                HAL_RCC_GetPCLK2Freq
 .text.HAL_RCCEx_PeriphCLKConfig
                0x08003d5c     0x1414 ./Drivers/STM32H7xx_HAL_Driver/stm32h7xx_hal_rcc_ex.o
                0x08003d5c                HAL_RCCEx_PeriphCLKConfig
 .text.HAL_RCCEx_GetD3PCLK1Freq
                0x08005170       0x2c ./Drivers/STM32H7xx_HAL_Driver/stm32h7xx_hal_rcc_ex.o
                0x08005170                HAL_RCCEx_GetD3PCLK1Freq
 .text.HAL_RCCEx_GetPLL2ClockFreq
                0x0800519c      0x2a8 ./Drivers/STM32H7xx_HAL_Driver/stm32h7xx_hal_rcc_ex.o
                0x0800519c                HAL_RCCEx_GetPLL2ClockFreq
 .text.HAL_RCCEx_GetPLL3ClockFreq
                0x08005444      0x2a8 ./Drivers/STM32H7xx_HAL_Driver/stm32h7xx_hal_rcc_ex.o
                0x08005444                HAL_RCCEx_GetPLL3ClockFreq
 .text.RCCEx_PLL2_Config
                0x080056ec      0x164 ./Drivers/STM32H7xx_HAL_Driver/stm32h7xx_hal_rcc_ex.o
 .text.RCCEx_PLL3_Config
                0x08005850      0x164 ./Drivers/STM32H7xx_HAL_Driver/stm32h7xx_hal_rcc_ex.o
 .text.HAL_SPI_Init
                0x080059b4      0x248 ./Drivers/STM32H7xx_HAL_Driver/stm32h7xx_hal_spi.o
                0x080059b4                HAL_SPI_Init
 .text.HAL_SPI_Transmit
                0x08005bfc      0x3dc ./Drivers/STM32H7xx_HAL_Driver/stm32h7xx_hal_spi.o
                0x08005bfc                HAL_SPI_Transmit
 .text.SPI_CloseTransfer
                0x08005fd8      0x140 ./Drivers/STM32H7xx_HAL_Driver/stm32h7xx_hal_spi.o
 .text.SPI_WaitOnFlagUntilTimeout
                0x08006118       0x5c ./Drivers/STM32H7xx_HAL_Driver/stm32h7xx_hal_spi.o
 .text.SPI_GetPacketSize
                0x08006174       0x36 ./Drivers/STM32H7xx_HAL_Driver/stm32h7xx_hal_spi.o
 .text.HAL_UART_Init
                0x080061aa       0xa0 ./Drivers/STM32H7xx_HAL_Driver/stm32h7xx_hal_uart.o
                0x080061aa                HAL_UART_Init
 *fill*         0x0800624a        0x2 
 .text.UART_SetConfig
                0x0800624c      0xad0 ./Drivers/STM32H7xx_HAL_Driver/stm32h7xx_hal_uart.o
                0x0800624c                UART_SetConfig
 .text.UART_AdvFeatureConfig
                0x08006d1c      0x144 ./Drivers/STM32H7xx_HAL_Driver/stm32h7xx_hal_uart.o
                0x08006d1c                UART_AdvFeatureConfig
 .text.UART_CheckIdleState
                0x08006e60      0x154 ./Drivers/STM32H7xx_HAL_Driver/stm32h7xx_hal_uart.o
                0x08006e60                UART_CheckIdleState
 .text.UART_WaitOnFlagUntilTimeout
                0x08006fb4       0xda ./Drivers/STM32H7xx_HAL_Driver/stm32h7xx_hal_uart.o
                0x08006fb4                UART_WaitOnFlagUntilTimeout
 *fill*         0x0800708e        0x2 
 .text.UART_EndRxTransfer
                0x08007090       0xcc ./Drivers/STM32H7xx_HAL_Driver/stm32h7xx_hal_uart.o
 .text.HAL_UARTEx_DisableFifoMode
                0x0800715c       0x72 ./Drivers/STM32H7xx_HAL_Driver/stm32h7xx_hal_uart_ex.o
                0x0800715c                HAL_UARTEx_DisableFifoMode
 .text.HAL_UARTEx_SetTxFifoThreshold
                0x080071ce       0x7c ./Drivers/STM32H7xx_HAL_Driver/stm32h7xx_hal_uart_ex.o
                0x080071ce                HAL_UARTEx_SetTxFifoThreshold
 .text.HAL_UARTEx_SetRxFifoThreshold
                0x0800724a       0x7c ./Drivers/STM32H7xx_HAL_Driver/stm32h7xx_hal_uart_ex.o
                0x0800724a                HAL_UARTEx_SetRxFifoThreshold
 *fill*         0x080072c6        0x2 
 .text.UARTEx_SetNbDataToProcess
                0x080072c8       0x9c ./Drivers/STM32H7xx_HAL_Driver/stm32h7xx_hal_uart_ex.o
 .text.USB_CoreInit
                0x08007364       0xe4 ./Drivers/STM32H7xx_HAL_Driver/stm32h7xx_ll_usb.o
                0x08007364                USB_CoreInit
 .text.USB_DisableGlobalInt
                0x08007448       0x22 ./Drivers/STM32H7xx_HAL_Driver/stm32h7xx_ll_usb.o
                0x08007448                USB_DisableGlobalInt
 .text.USB_SetCurrentMode
                0x0800746a       0x98 ./Drivers/STM32H7xx_HAL_Driver/stm32h7xx_ll_usb.o
                0x0800746a                USB_SetCurrentMode
 *fill*         0x08007502        0x2 
 .text.USB_DevInit
                0x08007504      0x2bc ./Drivers/STM32H7xx_HAL_Driver/stm32h7xx_ll_usb.o
                0x08007504                USB_DevInit
 .text.USB_FlushTxFifo
                0x080077c0       0x64 ./Drivers/STM32H7xx_HAL_Driver/stm32h7xx_ll_usb.o
                0x080077c0                USB_FlushTxFifo
 .text.USB_FlushRxFifo
                0x08007824       0x5c ./Drivers/STM32H7xx_HAL_Driver/stm32h7xx_ll_usb.o
                0x08007824                USB_FlushRxFifo
 .text.USB_SetDevSpeed
                0x08007880       0x32 ./Drivers/STM32H7xx_HAL_Driver/stm32h7xx_ll_usb.o
                0x08007880                USB_SetDevSpeed
 .text.USB_DevDisconnect
                0x080078b2       0x42 ./Drivers/STM32H7xx_HAL_Driver/stm32h7xx_ll_usb.o
                0x080078b2                USB_DevDisconnect
 .text.USB_GetMode
                0x080078f4       0x1c ./Drivers/STM32H7xx_HAL_Driver/stm32h7xx_ll_usb.o
                0x080078f4                USB_GetMode
 .text.USB_CoreReset
                0x08007910       0x62 ./Drivers/STM32H7xx_HAL_Driver/stm32h7xx_ll_usb.o
 .text.memset   0x08007972       0x10 C:/ST/STM32CubeIDE_1.17.0/STM32CubeIDE/plugins/com.st.stm32cube.ide.mcu.externaltools.gnu-tools-for-stm32.13.3.rel1.win32_1.0.0.202411081344/tools/bin/../lib/gcc/arm-none-eabi/13.3.1/../../../../arm-none-eabi/lib/thumb/v7e-m+dp/hard\libc_nano.a(libc_a-memset.o)
                0x08007972                memset
 *fill*         0x08007982        0x2 
 .text.__libc_init_array
                0x08007984       0x48 C:/ST/STM32CubeIDE_1.17.0/STM32CubeIDE/plugins/com.st.stm32cube.ide.mcu.externaltools.gnu-tools-for-stm32.13.3.rel1.win32_1.0.0.202411081344/tools/bin/../lib/gcc/arm-none-eabi/13.3.1/../../../../arm-none-eabi/lib/thumb/v7e-m+dp/hard\libc_nano.a(libc_a-init.o)
                0x08007984                __libc_init_array
 *(.glue_7)
 .glue_7        0x080079cc        0x0 linker stubs
 *(.glue_7t)
 .glue_7t       0x080079cc        0x0 linker stubs
 *(.eh_frame)
 .eh_frame      0x080079cc        0x0 C:/ST/STM32CubeIDE_1.17.0/STM32CubeIDE/plugins/com.st.stm32cube.ide.mcu.externaltools.gnu-tools-for-stm32.13.3.rel1.win32_1.0.0.202411081344/tools/bin/../lib/gcc/arm-none-eabi/13.3.1/thumb/v7e-m+dp/hard/crtbegin.o
 *(.init)
 .init          0x080079cc        0x4 C:/ST/STM32CubeIDE_1.17.0/STM32CubeIDE/plugins/com.st.stm32cube.ide.mcu.externaltools.gnu-tools-for-stm32.13.3.rel1.win32_1.0.0.202411081344/tools/bin/../lib/gcc/arm-none-eabi/13.3.1/thumb/v7e-m+dp/hard/crti.o
                0x080079cc                _init
 .init          0x080079d0        0x8 C:/ST/STM32CubeIDE_1.17.0/STM32CubeIDE/plugins/com.st.stm32cube.ide.mcu.externaltools.gnu-tools-for-stm32.13.3.rel1.win32_1.0.0.202411081344/tools/bin/../lib/gcc/arm-none-eabi/13.3.1/thumb/v7e-m+dp/hard/crtn.o
 *(.fini)
 .fini          0x080079d8        0x4 C:/ST/STM32CubeIDE_1.17.0/STM32CubeIDE/plugins/com.st.stm32cube.ide.mcu.externaltools.gnu-tools-for-stm32.13.3.rel1.win32_1.0.0.202411081344/tools/bin/../lib/gcc/arm-none-eabi/13.3.1/thumb/v7e-m+dp/hard/crti.o
                0x080079d8                _fini
 .fini          0x080079dc        0x8 C:/ST/STM32CubeIDE_1.17.0/STM32CubeIDE/plugins/com.st.stm32cube.ide.mcu.externaltools.gnu-tools-for-stm32.13.3.rel1.win32_1.0.0.202411081344/tools/bin/../lib/gcc/arm-none-eabi/13.3.1/thumb/v7e-m+dp/hard/crtn.o
                0x080079e4                        . = ALIGN (0x4)
                0x080079e4                        _etext = .

.vfp11_veneer   0x080079e4        0x0
 .vfp11_veneer  0x080079e4        0x0 linker stubs

.v4_bx          0x080079e4        0x0
 .v4_bx         0x080079e4        0x0 linker stubs

.iplt           0x080079e4        0x0
 .iplt          0x080079e4        0x0 C:/ST/STM32CubeIDE_1.17.0/STM32CubeIDE/plugins/com.st.stm32cube.ide.mcu.externaltools.gnu-tools-for-stm32.13.3.rel1.win32_1.0.0.202411081344/tools/bin/../lib/gcc/arm-none-eabi/13.3.1/thumb/v7e-m+dp/hard/crtbegin.o

.rodata         0x080079e4       0x38
                0x080079e4                        . = ALIGN (0x4)
 *(.rodata)
 *(.rodata*)
 .rodata.D1CorePrescTable
                0x080079e4       0x10 ./Common/Src/system_stm32h7xx_dualcore_boot_cm4_cm7.o
                0x080079e4                D1CorePrescTable
 .rodata.UARTPrescTable
                0x080079f4       0x18 ./Drivers/STM32H7xx_HAL_Driver/stm32h7xx_hal_uart.o
                0x080079f4                UARTPrescTable
 .rodata.numerator.1
                0x08007a0c        0x8 ./Drivers/STM32H7xx_HAL_Driver/stm32h7xx_hal_uart_ex.o
 .rodata.denominator.0
                0x08007a14        0x8 ./Drivers/STM32H7xx_HAL_Driver/stm32h7xx_hal_uart_ex.o
                0x08007a1c                        . = ALIGN (0x4)

.ARM.extab      0x08007a1c        0x0
                0x08007a1c                        . = ALIGN (0x4)
 *(.ARM.extab* .gnu.linkonce.armextab.*)
                0x08007a1c                        . = ALIGN (0x4)

.ARM            0x08007a1c        0x8
                0x08007a1c                        . = ALIGN (0x4)
                0x08007a1c                        __exidx_start = .
 *(.ARM.exidx*)
 .ARM.exidx     0x08007a1c        0x8 C:/ST/STM32CubeIDE_1.17.0/STM32CubeIDE/plugins/com.st.stm32cube.ide.mcu.externaltools.gnu-tools-for-stm32.13.3.rel1.win32_1.0.0.202411081344/tools/bin/../lib/gcc/arm-none-eabi/13.3.1/thumb/v7e-m+dp/hard\libgcc.a(_udivmoddi4.o)
                0x08007a24                        __exidx_end = .
                0x08007a24                        . = ALIGN (0x4)

.preinit_array  0x08007a24        0x0
                0x08007a24                        . = ALIGN (0x4)
                0x08007a24                        PROVIDE (__preinit_array_start = .)
 *(.preinit_array*)
                0x08007a24                        PROVIDE (__preinit_array_end = .)
                0x08007a24                        . = ALIGN (0x4)

.init_array     0x08007a24        0x4
                0x08007a24                        . = ALIGN (0x4)
                0x08007a24                        PROVIDE (__init_array_start = .)
 *(SORT_BY_NAME(.init_array.*))
 *(.init_array*)
 .init_array    0x08007a24        0x4 C:/ST/STM32CubeIDE_1.17.0/STM32CubeIDE/plugins/com.st.stm32cube.ide.mcu.externaltools.gnu-tools-for-stm32.13.3.rel1.win32_1.0.0.202411081344/tools/bin/../lib/gcc/arm-none-eabi/13.3.1/thumb/v7e-m+dp/hard/crtbegin.o
                0x08007a28                        PROVIDE (__init_array_end = .)
                0x08007a28                        . = ALIGN (0x4)

.fini_array     0x08007a28        0x4
                0x08007a28                        . = ALIGN (0x4)
                [!provide]                        PROVIDE (__fini_array_start = .)
 *(SORT_BY_NAME(.fini_array.*))
 *(.fini_array*)
 .fini_array    0x08007a28        0x4 C:/ST/STM32CubeIDE_1.17.0/STM32CubeIDE/plugins/com.st.stm32cube.ide.mcu.externaltools.gnu-tools-for-stm32.13.3.rel1.win32_1.0.0.202411081344/tools/bin/../lib/gcc/arm-none-eabi/13.3.1/thumb/v7e-m+dp/hard/crtbegin.o
                [!provide]                        PROVIDE (__fini_array_end = .)
                0x08007a2c                        . = ALIGN (0x4)
                0x08007a2c                        _sidata = LOADADDR (.data)

.rel.dyn        0x08007a2c        0x0
 .rel.iplt      0x08007a2c        0x0 C:/ST/STM32CubeIDE_1.17.0/STM32CubeIDE/plugins/com.st.stm32cube.ide.mcu.externaltools.gnu-tools-for-stm32.13.3.rel1.win32_1.0.0.202411081344/tools/bin/../lib/gcc/arm-none-eabi/13.3.1/thumb/v7e-m+dp/hard/crtbegin.o

.data           0x24000000      0x764 load address 0x08007a2c
                0x24000000                        . = ALIGN (0x4)
                0x24000000                        _sdata = .
 *(.data)
 *(.data*)
 .data.SystemCoreClock
                0x24000000        0x4 ./Common/Src/system_stm32h7xx_dualcore_boot_cm4_cm7.o
                0x24000000                SystemCoreClock
 .data.SystemD2Clock
                0x24000004        0x4 ./Common/Src/system_stm32h7xx_dualcore_boot_cm4_cm7.o
                0x24000004                SystemD2Clock
 .data.IOEXP_SPDT
                0x24000008       0x10 ./Core/Src/main.o
                0x24000008                IOEXP_SPDT
 .data.IOEXP_LED
                0x24000018       0x10 ./Core/Src/main.o
                0x24000018                IOEXP_LED
 .data.SPIEXP0  0x24000028       0x10 ./Core/Src/main.o
                0x24000028                SPIEXP0
 .data.SPIEXP1  0x24000038       0x10 ./Core/Src/main.o
                0x24000038                SPIEXP1
 .data.SPIEXP2  0x24000048       0x10 ./Core/Src/main.o
                0x24000048                SPIEXP2
 .data.SPIEXP3  0x24000058       0x10 ./Core/Src/main.o
                0x24000058                SPIEXP3
 .data.SPIEXP4  0x24000068       0x10 ./Core/Src/main.o
                0x24000068                SPIEXP4
 .data.SPIEXP5  0x24000078       0x10 ./Core/Src/main.o
                0x24000078                SPIEXP5
 .data.SPIEXP6  0x24000088       0x10 ./Core/Src/main.o
                0x24000088                SPIEXP6
 .data.SPIPIN2  0x24000098        0xc ./Core/Src/main.o
                0x24000098                SPIPIN2
 .data.SPIPIN3  0x240000a4        0xc ./Core/Src/main.o
                0x240000a4                SPIPIN3
 .data.SPIPIN4  0x240000b0        0xc ./Core/Src/main.o
                0x240000b0                SPIPIN4
 .data.SPIPIN5  0x240000bc        0xc ./Core/Src/main.o
                0x240000bc                SPIPIN5
 .data.SPIPIN6  0x240000c8        0xc ./Core/Src/main.o
                0x240000c8                SPIPIN6
 .data.SPIPIN7  0x240000d4        0xc ./Core/Src/main.o
                0x240000d4                SPIPIN7
 .data.SPIPIN8  0x240000e0        0xc ./Core/Src/main.o
                0x240000e0                SPIPIN8
 .data.SPIPIN9  0x240000ec        0xc ./Core/Src/main.o
                0x240000ec                SPIPIN9
 .data.SPIPIN10
                0x240000f8        0xc ./Core/Src/main.o
                0x240000f8                SPIPIN10
 .data.SPIPIN11
                0x24000104        0xc ./Core/Src/main.o
                0x24000104                SPIPIN11
 .data.SPIPIN12
                0x24000110        0xc ./Core/Src/main.o
                0x24000110                SPIPIN12
 .data.SPIPIN14
                0x2400011c        0xc ./Core/Src/main.o
                0x2400011c                SPIPIN14
 .data.SPIPIN16
                0x24000128        0xc ./Core/Src/main.o
                0x24000128                SPIPIN16
 .data.SPIPIN17
                0x24000134        0xc ./Core/Src/main.o
                0x24000134                SPIPIN17
 .data.SPIPIN18
                0x24000140        0xc ./Core/Src/main.o
                0x24000140                SPIPIN18
 .data.SPIPIN19
                0x2400014c        0xc ./Core/Src/main.o
                0x2400014c                SPIPIN19
 .data.SPIPIN20
                0x24000158        0xc ./Core/Src/main.o
                0x24000158                SPIPIN20
 .data.SPIPIN21
                0x24000164        0xc ./Core/Src/main.o
                0x24000164                SPIPIN21
 .data.SPIPIN22
                0x24000170        0xc ./Core/Src/main.o
                0x24000170                SPIPIN22
 .data.SPIPIN23
                0x2400017c        0xc ./Core/Src/main.o
                0x2400017c                SPIPIN23
 .data.SPIPIN24
                0x24000188        0xc ./Core/Src/main.o
                0x24000188                SPIPIN24
 .data.SPIPIN25
                0x24000194        0xc ./Core/Src/main.o
                0x24000194                SPIPIN25
 .data.SPIPIN26
                0x240001a0        0xc ./Core/Src/main.o
                0x240001a0                SPIPIN26
 .data.SPIPIN27
                0x240001ac        0xc ./Core/Src/main.o
                0x240001ac                SPIPIN27
 .data.SPIPIN28
                0x240001b8        0xc ./Core/Src/main.o
                0x240001b8                SPIPIN28
 .data.SPIPIN29
                0x240001c4        0xc ./Core/Src/main.o
                0x240001c4                SPIPIN29
 .data.SPIPIN32
                0x240001d0        0xc ./Core/Src/main.o
                0x240001d0                SPIPIN32
 .data.SPIPIN33
                0x240001dc        0xc ./Core/Src/main.o
                0x240001dc                SPIPIN33
 .data.SPIPIN34
                0x240001e8        0xc ./Core/Src/main.o
                0x240001e8                SPIPIN34
 .data.SPIPIN35
                0x240001f4        0xc ./Core/Src/main.o
                0x240001f4                SPIPIN35
 .data.SPIPIN36
                0x24000200        0xc ./Core/Src/main.o
                0x24000200                SPIPIN36
 .data.SPIPIN37
                0x2400020c        0xc ./Core/Src/main.o
                0x2400020c                SPIPIN37
 .data.SPIPIN38
                0x24000218        0xc ./Core/Src/main.o
                0x24000218                SPIPIN38
 .data.SPIPIN39
                0x24000224        0xc ./Core/Src/main.o
                0x24000224                SPIPIN39
 .data.SPIPIN40
                0x24000230        0xc ./Core/Src/main.o
                0x24000230                SPIPIN40
 .data.SPIPIN41
                0x2400023c        0xc ./Core/Src/main.o
                0x2400023c                SPIPIN41
 .data.SPIPIN42
                0x24000248        0xc ./Core/Src/main.o
                0x24000248                SPIPIN42
 .data.SPIPIN43
                0x24000254        0xc ./Core/Src/main.o
                0x24000254                SPIPIN43
 .data.SPIPIN44
                0x24000260        0xc ./Core/Src/main.o
                0x24000260                SPIPIN44
 .data.SPIPIN45
                0x2400026c        0xc ./Core/Src/main.o
                0x2400026c                SPIPIN45
 .data.SPIPIN46
                0x24000278        0xc ./Core/Src/main.o
                0x24000278                SPIPIN46
 .data.SPIPIN47
                0x24000284        0xc ./Core/Src/main.o
                0x24000284                SPIPIN47
 .data.SPIPIN48
                0x24000290        0xc ./Core/Src/main.o
                0x24000290                SPIPIN48
 .data.SPIPIN49
                0x2400029c        0xc ./Core/Src/main.o
                0x2400029c                SPIPIN49
 .data.SPIPIN50
                0x240002a8        0xc ./Core/Src/main.o
                0x240002a8                SPIPIN50
 .data.SPIPIN51
                0x240002b4        0xc ./Core/Src/main.o
                0x240002b4                SPIPIN51
 .data.SPIPIN52
                0x240002c0        0xc ./Core/Src/main.o
                0x240002c0                SPIPIN52
 .data.SPIPIN53
                0x240002cc        0xc ./Core/Src/main.o
                0x240002cc                SPIPIN53
 .data.SPIPIN54
                0x240002d8        0xc ./Core/Src/main.o
                0x240002d8                SPIPIN54
 .data.SPIPIN55
                0x240002e4        0xc ./Core/Src/main.o
                0x240002e4                SPIPIN55
 .data.SPIPIN56
                0x240002f0        0xc ./Core/Src/main.o
                0x240002f0                SPIPIN56
 .data.SPIPIN57
                0x240002fc        0xc ./Core/Src/main.o
                0x240002fc                SPIPIN57
 .data.SPIPIN58
                0x24000308        0xc ./Core/Src/main.o
                0x24000308                SPIPIN58
 .data.SPIPIN59
                0x24000314        0xc ./Core/Src/main.o
                0x24000314                SPIPIN59
 .data.SPIPIN62
                0x24000320        0xc ./Core/Src/main.o
                0x24000320                SPIPIN62
 .data.SPIPIN63
                0x2400032c        0xc ./Core/Src/main.o
                0x2400032c                SPIPIN63
 .data.SPIPIN64
                0x24000338        0xc ./Core/Src/main.o
                0x24000338                SPIPIN64
 .data.SPIPIN65
                0x24000344        0xc ./Core/Src/main.o
                0x24000344                SPIPIN65
 .data.SPIPIN66
                0x24000350        0xc ./Core/Src/main.o
                0x24000350                SPIPIN66
 .data.SPIPIN67
                0x2400035c        0xc ./Core/Src/main.o
                0x2400035c                SPIPIN67
 .data.SPIPIN68
                0x24000368        0xc ./Core/Src/main.o
                0x24000368                SPIPIN68
 .data.SPIPIN69
                0x24000374        0xc ./Core/Src/main.o
                0x24000374                SPIPIN69
 .data.SPIPIN70
                0x24000380        0xc ./Core/Src/main.o
                0x24000380                SPIPIN70
 .data.SPIPIN71
                0x2400038c        0xc ./Core/Src/main.o
                0x2400038c                SPIPIN71
 .data.SPIPIN72
                0x24000398        0xc ./Core/Src/main.o
                0x24000398                SPIPIN72
 .data.SPIPIN73
                0x240003a4        0xc ./Core/Src/main.o
                0x240003a4                SPIPIN73
 .data.SPIPIN74
                0x240003b0        0xc ./Core/Src/main.o
                0x240003b0                SPIPIN74
 .data.SPIPIN75
                0x240003bc        0xc ./Core/Src/main.o
                0x240003bc                SPIPIN75
 .data.SPIPIN76
                0x240003c8        0xc ./Core/Src/main.o
                0x240003c8                SPIPIN76
 .data.SPIPIN77
                0x240003d4        0xc ./Core/Src/main.o
                0x240003d4                SPIPIN77
 .data.SPIPIN78
                0x240003e0        0xc ./Core/Src/main.o
                0x240003e0                SPIPIN78
 .data.SPIPIN79
                0x240003ec        0xc ./Core/Src/main.o
                0x240003ec                SPIPIN79
 .data.SPIPIN80
                0x240003f8        0xc ./Core/Src/main.o
                0x240003f8                SPIPIN80
 .data.SPIPIN81
                0x24000404        0xc ./Core/Src/main.o
                0x24000404                SPIPIN81
 .data.SPIPIN82
                0x24000410        0xc ./Core/Src/main.o
                0x24000410                SPIPIN82
 .data.SPIPIN83
                0x2400041c        0xc ./Core/Src/main.o
                0x2400041c                SPIPIN83
 .data.SPIPIN84
                0x24000428        0xc ./Core/Src/main.o
                0x24000428                SPIPIN84
 .data.SPIPIN85
                0x24000434        0xc ./Core/Src/main.o
                0x24000434                SPIPIN85
 .data.SPIPIN86
                0x24000440        0xc ./Core/Src/main.o
                0x24000440                SPIPIN86
 .data.SPIPIN87
                0x2400044c        0xc ./Core/Src/main.o
                0x2400044c                SPIPIN87
 .data.SPIPIN88
                0x24000458        0xc ./Core/Src/main.o
                0x24000458                SPIPIN88
 .data.SPIPIN89
                0x24000464        0xc ./Core/Src/main.o
                0x24000464                SPIPIN89
 .data.SPIPIN_SEL17
                0x24000470        0xc ./Core/Src/main.o
                0x24000470                SPIPIN_SEL17
 .data.SPIPIN_SEL46
                0x2400047c        0xc ./Core/Src/main.o
                0x2400047c                SPIPIN_SEL46
 .data.SPIPIN_SEL74
                0x24000488        0xc ./Core/Src/main.o
                0x24000488                SPIPIN_SEL74
 .data.SPIPIN_SEL40
                0x24000494        0xc ./Core/Src/main.o
                0x24000494                SPIPIN_SEL40
 .data.SPIPIN_SEL55
                0x240004a0        0xc ./Core/Src/main.o
                0x240004a0                SPIPIN_SEL55
 .data.SPIPIN_SEL51
                0x240004ac        0xc ./Core/Src/main.o
                0x240004ac                SPIPIN_SEL51
 .data.SPIPIN_SEL21
                0x240004b8        0xc ./Core/Src/main.o
                0x240004b8                SPIPIN_SEL21
 .data.SPIPIN_SEL50
                0x240004c4        0xc ./Core/Src/main.o
                0x240004c4                SPIPIN_SEL50
 .data.SPIPIN_SEL48
                0x240004d0        0xc ./Core/Src/main.o
                0x240004d0                SPIPIN_SEL48
 .data.SPIPIN_SEL34
                0x240004dc        0xc ./Core/Src/main.o
                0x240004dc                SPIPIN_SEL34
 .data.SPIPIN_SEL32
                0x240004e8        0xc ./Core/Src/main.o
                0x240004e8                SPIPIN_SEL32
 .data.SPIPIN_SEL3
                0x240004f4        0xc ./Core/Src/main.o
                0x240004f4                SPIPIN_SEL3
 .data.SPIPIN_SEL2
                0x24000500        0xc ./Core/Src/main.o
                0x24000500                SPIPIN_SEL2
 .data.SPIPIN_SPDTEN
                0x2400050c        0xc ./Core/Src/main.o
                0x2400050c                SPIPIN_SPDTEN
 .data.SPIPIN_SPDTEN2
                0x24000518        0xc ./Core/Src/main.o
                0x24000518                SPIPIN_SPDTEN2
 .data.SPIPIN_SEL10
                0x24000524        0xc ./Core/Src/main.o
                0x24000524                SPIPIN_SEL10
 .data.SPIPIN_SEL36
                0x24000530        0xc ./Core/Src/main.o
                0x24000530                SPIPIN_SEL36
 .data.SPIPIN_SEL35
                0x2400053c        0xc ./Core/Src/main.o
                0x2400053c                SPIPIN_SEL35
 .data.SPIPIN_SEL6
                0x24000548        0xc ./Core/Src/main.o
                0x24000548                SPIPIN_SEL6
 .data.SPIPIN_SEL33
                0x24000554        0xc ./Core/Src/main.o
                0x24000554                SPIPIN_SEL33
 .data.SPIPIN_MDAC0_A0
                0x24000560        0xc ./Core/Src/main.o
                0x24000560                SPIPIN_MDAC0_A0
 .data.SPIPIN_MDAC0_A1
                0x2400056c        0xc ./Core/Src/main.o
                0x2400056c                SPIPIN_MDAC0_A1
 .data.SPIPIN_MDAC0_A2
                0x24000578        0xc ./Core/Src/main.o
                0x24000578                SPIPIN_MDAC0_A2
 .data.SPIPIN_nMEN0
                0x24000584        0xc ./Core/Src/main.o
                0x24000584                SPIPIN_nMEN0
 .data.SPIPIN_MDAC1_A0
                0x24000590        0xc ./Core/Src/main.o
                0x24000590                SPIPIN_MDAC1_A0
 .data.SPIPIN_MDAC1_A1
                0x2400059c        0xc ./Core/Src/main.o
                0x2400059c                SPIPIN_MDAC1_A1
 .data.SPIPIN_MDAC1_A2
                0x240005a8        0xc ./Core/Src/main.o
                0x240005a8                SPIPIN_MDAC1_A2
 .data.SPIPIN_nMEN1
                0x240005b4        0xc ./Core/Src/main.o
                0x240005b4                SPIPIN_nMEN1
 .data.SPIPIN_MADC_A0
                0x240005c0        0xc ./Core/Src/main.o
                0x240005c0                SPIPIN_MADC_A0
 .data.SPIPIN_MADC_A1
                0x240005cc        0xc ./Core/Src/main.o
                0x240005cc                SPIPIN_MADC_A1
 .data.SPIPIN_MADC_A2
                0x240005d8        0xc ./Core/Src/main.o
                0x240005d8                SPIPIN_MADC_A2
 .data.SPIPIN_nMEN2
                0x240005e4        0xc ./Core/Src/main.o
                0x240005e4                SPIPIN_nMEN2
 .data.SPIPins  0x240005f0      0x16c ./Core/Src/main.o
                0x240005f0                SPIPins
 .data.uwTickPrio
                0x2400075c        0x4 ./Drivers/STM32H7xx_HAL_Driver/stm32h7xx_hal.o
                0x2400075c                uwTickPrio
 .data.uwTickFreq
                0x24000760        0x1 ./Drivers/STM32H7xx_HAL_Driver/stm32h7xx_hal.o
                0x24000760                uwTickFreq
 *(.RamFunc)
 *(.RamFunc*)
                0x24000764                        . = ALIGN (0x4)
 *fill*         0x24000761        0x3 
                0x24000764                        _edata = .

.igot.plt       0x24000764        0x0 load address 0x08008190
 .igot.plt      0x24000764        0x0 C:/ST/STM32CubeIDE_1.17.0/STM32CubeIDE/plugins/com.st.stm32cube.ide.mcu.externaltools.gnu-tools-for-stm32.13.3.rel1.win32_1.0.0.202411081344/tools/bin/../lib/gcc/arm-none-eabi/13.3.1/thumb/v7e-m+dp/hard/crtbegin.o
                0x24000764                        . = ALIGN (0x4)

.bss            0x24000764      0x768 load address 0x08008190
                0x24000764                        _sbss = .
                0x24000764                        __bss_start__ = _sbss
 *(.bss)
 .bss           0x24000764       0x1c C:/ST/STM32CubeIDE_1.17.0/STM32CubeIDE/plugins/com.st.stm32cube.ide.mcu.externaltools.gnu-tools-for-stm32.13.3.rel1.win32_1.0.0.202411081344/tools/bin/../lib/gcc/arm-none-eabi/13.3.1/thumb/v7e-m+dp/hard/crtbegin.o
 *(.bss*)
 .bss.hi2c2     0x24000780       0x54 ./Core/Src/main.o
                0x24000780                hi2c2
 .bss.hspi1     0x240007d4       0x88 ./Core/Src/main.o
                0x240007d4                hspi1
 .bss.hspi2     0x2400085c       0x88 ./Core/Src/main.o
                0x2400085c                hspi2
 .bss.huart1    0x240008e4       0x94 ./Core/Src/main.o
                0x240008e4                huart1
 .bss.hpcd_USB_OTG_FS
                0x24000978      0x4e4 ./Core/Src/main.o
                0x24000978                hpcd_USB_OTG_FS
 .bss.SPIPIN0   0x24000e5c        0xc ./Core/Src/main.o
                0x24000e5c                SPIPIN0
 .bss.SPIPIN1   0x24000e68        0xc ./Core/Src/main.o
                0x24000e68                SPIPIN1
 .bss.SPIPIN13  0x24000e74        0xc ./Core/Src/main.o
                0x24000e74                SPIPIN13
 .bss.SPIPIN15  0x24000e80        0xc ./Core/Src/main.o
                0x24000e80                SPIPIN15
 .bss.SPIPIN30  0x24000e8c        0xc ./Core/Src/main.o
                0x24000e8c                SPIPIN30
 .bss.SPIPIN31  0x24000e98        0xc ./Core/Src/main.o
                0x24000e98                SPIPIN31
 .bss.SPIPIN60  0x24000ea4        0xc ./Core/Src/main.o
                0x24000ea4                SPIPIN60
 .bss.SPIPIN61  0x24000eb0        0xc ./Core/Src/main.o
                0x24000eb0                SPIPIN61
 .bss.SPIPIN90  0x24000ebc        0xc ./Core/Src/main.o
                0x24000ebc                SPIPIN90
 .bss.uwTick    0x24000ec8        0x4 ./Drivers/STM32H7xx_HAL_Driver/stm32h7xx_hal.o
                0x24000ec8                uwTick
 *(COMMON)
                0x24000ecc                        . = ALIGN (0x4)
                0x24000ecc                        _ebss = .
                0x24000ecc                        __bss_end__ = _ebss

._user_heap_stack
                0x24000ecc      0x604 load address 0x08008190
                0x24000ed0                        . = ALIGN (0x8)
 *fill*         0x24000ecc        0x4 
                [!provide]                        PROVIDE (end = .)
                0x24000ed0                        PROVIDE (_end = .)
                0x240010d0                        . = (. + _Min_Heap_Size)
 *fill*         0x24000ed0      0x200 
                0x240014d0                        . = (. + _Min_Stack_Size)
 *fill*         0x240010d0      0x400 
                0x240014d0                        . = ALIGN (0x8)

/DISCARD/
 libc.a(*)
 libm.a(*)
 libgcc.a(*)

.ARM.attributes
                0x00000000       0x2e
 *(.ARM.attributes)
 .ARM.attributes
                0x00000000       0x20 C:/ST/STM32CubeIDE_1.17.0/STM32CubeIDE/plugins/com.st.stm32cube.ide.mcu.externaltools.gnu-tools-for-stm32.13.3.rel1.win32_1.0.0.202411081344/tools/bin/../lib/gcc/arm-none-eabi/13.3.1/thumb/v7e-m+dp/hard/crti.o
 .ARM.attributes
                0x00000020       0x32 C:/ST/STM32CubeIDE_1.17.0/STM32CubeIDE/plugins/com.st.stm32cube.ide.mcu.externaltools.gnu-tools-for-stm32.13.3.rel1.win32_1.0.0.202411081344/tools/bin/../lib/gcc/arm-none-eabi/13.3.1/thumb/v7e-m+dp/hard/crtbegin.o
 .ARM.attributes
                0x00000052       0x32 ./Common/Src/system_stm32h7xx_dualcore_boot_cm4_cm7.o
 .ARM.attributes
                0x00000084       0x32 ./Core/Src/main.o
 .ARM.attributes
                0x000000b6       0x32 ./Core/Src/stm32h7xx_hal_msp.o
 .ARM.attributes
                0x000000e8       0x32 ./Core/Src/stm32h7xx_it.o
 .ARM.attributes
                0x0000011a       0x21 ./Core/Startup/startup_stm32h755zitx.o
 .ARM.attributes
                0x0000013b       0x32 ./Drivers/STM32H7xx_HAL_Driver/stm32h7xx_hal.o
 .ARM.attributes
                0x0000016d       0x32 ./Drivers/STM32H7xx_HAL_Driver/stm32h7xx_hal_cortex.o
 .ARM.attributes
                0x0000019f       0x32 ./Drivers/STM32H7xx_HAL_Driver/stm32h7xx_hal_gpio.o
 .ARM.attributes
                0x000001d1       0x32 ./Drivers/STM32H7xx_HAL_Driver/stm32h7xx_hal_hsem.o
 .ARM.attributes
                0x00000203       0x32 ./Drivers/STM32H7xx_HAL_Driver/stm32h7xx_hal_i2c.o
 .ARM.attributes
                0x00000235       0x32 ./Drivers/STM32H7xx_HAL_Driver/stm32h7xx_hal_i2c_ex.o
 .ARM.attributes
                0x00000267       0x32 ./Drivers/STM32H7xx_HAL_Driver/stm32h7xx_hal_pcd.o
 .ARM.attributes
                0x00000299       0x32 ./Drivers/STM32H7xx_HAL_Driver/stm32h7xx_hal_pcd_ex.o
 .ARM.attributes
                0x000002cb       0x32 ./Drivers/STM32H7xx_HAL_Driver/stm32h7xx_hal_pwr_ex.o
 .ARM.attributes
                0x000002fd       0x32 ./Drivers/STM32H7xx_HAL_Driver/stm32h7xx_hal_rcc.o
 .ARM.attributes
                0x0000032f       0x32 ./Drivers/STM32H7xx_HAL_Driver/stm32h7xx_hal_rcc_ex.o
 .ARM.attributes
                0x00000361       0x32 ./Drivers/STM32H7xx_HAL_Driver/stm32h7xx_hal_spi.o
 .ARM.attributes
                0x00000393       0x32 ./Drivers/STM32H7xx_HAL_Driver/stm32h7xx_hal_uart.o
 .ARM.attributes
                0x000003c5       0x32 ./Drivers/STM32H7xx_HAL_Driver/stm32h7xx_hal_uart_ex.o
 .ARM.attributes
                0x000003f7       0x32 ./Drivers/STM32H7xx_HAL_Driver/stm32h7xx_ll_usb.o
 .ARM.attributes
                0x00000429       0x32 C:/ST/STM32CubeIDE_1.17.0/STM32CubeIDE/plugins/com.st.stm32cube.ide.mcu.externaltools.gnu-tools-for-stm32.13.3.rel1.win32_1.0.0.202411081344/tools/bin/../lib/gcc/arm-none-eabi/13.3.1/../../../../arm-none-eabi/lib/thumb/v7e-m+dp/hard\libc_nano.a(libc_a-memset.o)
 .ARM.attributes
                0x0000045b       0x32 C:/ST/STM32CubeIDE_1.17.0/STM32CubeIDE/plugins/com.st.stm32cube.ide.mcu.externaltools.gnu-tools-for-stm32.13.3.rel1.win32_1.0.0.202411081344/tools/bin/../lib/gcc/arm-none-eabi/13.3.1/../../../../arm-none-eabi/lib/thumb/v7e-m+dp/hard\libc_nano.a(libc_a-init.o)
 .ARM.attributes
                0x0000048d       0x20 C:/ST/STM32CubeIDE_1.17.0/STM32CubeIDE/plugins/com.st.stm32cube.ide.mcu.externaltools.gnu-tools-for-stm32.13.3.rel1.win32_1.0.0.202411081344/tools/bin/../lib/gcc/arm-none-eabi/13.3.1/thumb/v7e-m+dp/hard\libgcc.a(_aeabi_uldivmod.o)
 .ARM.attributes
                0x000004ad       0x32 C:/ST/STM32CubeIDE_1.17.0/STM32CubeIDE/plugins/com.st.stm32cube.ide.mcu.externaltools.gnu-tools-for-stm32.13.3.rel1.win32_1.0.0.202411081344/tools/bin/../lib/gcc/arm-none-eabi/13.3.1/thumb/v7e-m+dp/hard\libgcc.a(_udivmoddi4.o)
 .ARM.attributes
                0x000004df       0x20 C:/ST/STM32CubeIDE_1.17.0/STM32CubeIDE/plugins/com.st.stm32cube.ide.mcu.externaltools.gnu-tools-for-stm32.13.3.rel1.win32_1.0.0.202411081344/tools/bin/../lib/gcc/arm-none-eabi/13.3.1/thumb/v7e-m+dp/hard\libgcc.a(_dvmd_tls.o)
 .ARM.attributes
                0x000004ff       0x20 C:/ST/STM32CubeIDE_1.17.0/STM32CubeIDE/plugins/com.st.stm32cube.ide.mcu.externaltools.gnu-tools-for-stm32.13.3.rel1.win32_1.0.0.202411081344/tools/bin/../lib/gcc/arm-none-eabi/13.3.1/thumb/v7e-m+dp/hard/crtn.o
OUTPUT(DRC_Rev2_0_DVT_Interposer_Controller_CM7.elf elf32-littlearm)
LOAD linker stubs
LOAD C:/ST/STM32CubeIDE_1.17.0/STM32CubeIDE/plugins/com.st.stm32cube.ide.mcu.externaltools.gnu-tools-for-stm32.13.3.rel1.win32_1.0.0.202411081344/tools/bin/../lib/gcc/arm-none-eabi/13.3.1/../../../../arm-none-eabi/lib/thumb/v7e-m+dp/hard\libc.a
LOAD C:/ST/STM32CubeIDE_1.17.0/STM32CubeIDE/plugins/com.st.stm32cube.ide.mcu.externaltools.gnu-tools-for-stm32.13.3.rel1.win32_1.0.0.202411081344/tools/bin/../lib/gcc/arm-none-eabi/13.3.1/../../../../arm-none-eabi/lib/thumb/v7e-m+dp/hard\libm.a
LOAD C:/ST/STM32CubeIDE_1.17.0/STM32CubeIDE/plugins/com.st.stm32cube.ide.mcu.externaltools.gnu-tools-for-stm32.13.3.rel1.win32_1.0.0.202411081344/tools/bin/../lib/gcc/arm-none-eabi/13.3.1/thumb/v7e-m+dp/hard\libgcc.a

.debug_info     0x00000000    0x1ab27
 .debug_info    0x00000000      0xe73 ./Common/Src/system_stm32h7xx_dualcore_boot_cm4_cm7.o
 .debug_info    0x00000e73     0x3902 ./Core/Src/main.o
 .debug_info    0x00004775     0x1dfe ./Core/Src/stm32h7xx_hal_msp.o
 .debug_info    0x00006573      0x128 ./Core/Src/stm32h7xx_it.o
 .debug_info    0x0000669b       0x30 ./Core/Startup/startup_stm32h755zitx.o
 .debug_info    0x000066cb     0x177a ./Drivers/STM32H7xx_HAL_Driver/stm32h7xx_hal.o
 .debug_info    0x00007e45     0x10d5 ./Drivers/STM32H7xx_HAL_Driver/stm32h7xx_hal_cortex.o
 .debug_info    0x00008f1a      0xd06 ./Drivers/STM32H7xx_HAL_Driver/stm32h7xx_hal_gpio.o
 .debug_info    0x00009c20      0x3d3 ./Drivers/STM32H7xx_HAL_Driver/stm32h7xx_hal_hsem.o
 .debug_info    0x00009ff3     0x22c9 ./Drivers/STM32H7xx_HAL_Driver/stm32h7xx_hal_i2c.o
 .debug_info    0x0000c2bc      0xd84 ./Drivers/STM32H7xx_HAL_Driver/stm32h7xx_hal_i2c_ex.o
 .debug_info    0x0000d040     0x1561 ./Drivers/STM32H7xx_HAL_Driver/stm32h7xx_hal_pcd.o
 .debug_info    0x0000e5a1      0x8b3 ./Drivers/STM32H7xx_HAL_Driver/stm32h7xx_hal_pcd_ex.o
 .debug_info    0x0000ee54     0x1225 ./Drivers/STM32H7xx_HAL_Driver/stm32h7xx_hal_pwr_ex.o
 .debug_info    0x00010079      0xe67 ./Drivers/STM32H7xx_HAL_Driver/stm32h7xx_hal_rcc.o
 .debug_info    0x00010ee0     0x1303 ./Drivers/STM32H7xx_HAL_Driver/stm32h7xx_hal_rcc_ex.o
 .debug_info    0x000121e3     0x144a ./Drivers/STM32H7xx_HAL_Driver/stm32h7xx_hal_spi.o
 .debug_info    0x0001362d     0x4b1d ./Drivers/STM32H7xx_HAL_Driver/stm32h7xx_hal_uart.o
 .debug_info    0x0001814a      0xfbf ./Drivers/STM32H7xx_HAL_Driver/stm32h7xx_hal_uart_ex.o
 .debug_info    0x00019109     0x1a1e ./Drivers/STM32H7xx_HAL_Driver/stm32h7xx_ll_usb.o

.debug_abbrev   0x00000000     0x2ed6
 .debug_abbrev  0x00000000      0x165 ./Common/Src/system_stm32h7xx_dualcore_boot_cm4_cm7.o
 .debug_abbrev  0x00000165      0x3ae ./Core/Src/main.o
 .debug_abbrev  0x00000513      0x287 ./Core/Src/stm32h7xx_hal_msp.o
 .debug_abbrev  0x0000079a       0x73 ./Core/Src/stm32h7xx_it.o
 .debug_abbrev  0x0000080d       0x24 ./Core/Startup/startup_stm32h755zitx.o
 .debug_abbrev  0x00000831      0x295 ./Drivers/STM32H7xx_HAL_Driver/stm32h7xx_hal.o
 .debug_abbrev  0x00000ac6      0x339 ./Drivers/STM32H7xx_HAL_Driver/stm32h7xx_hal_cortex.o
 .debug_abbrev  0x00000dff      0x205 ./Drivers/STM32H7xx_HAL_Driver/stm32h7xx_hal_gpio.o
 .debug_abbrev  0x00001004      0x1d3 ./Drivers/STM32H7xx_HAL_Driver/stm32h7xx_hal_hsem.o
 .debug_abbrev  0x000011d7      0x25d ./Drivers/STM32H7xx_HAL_Driver/stm32h7xx_hal_i2c.o
 .debug_abbrev  0x00001434      0x1f5 ./Drivers/STM32H7xx_HAL_Driver/stm32h7xx_hal_i2c_ex.o
 .debug_abbrev  0x00001629      0x2dc ./Drivers/STM32H7xx_HAL_Driver/stm32h7xx_hal_pcd.o
 .debug_abbrev  0x00001905      0x256 ./Drivers/STM32H7xx_HAL_Driver/stm32h7xx_hal_pcd_ex.o
 .debug_abbrev  0x00001b5b      0x2d7 ./Drivers/STM32H7xx_HAL_Driver/stm32h7xx_hal_pwr_ex.o
 .debug_abbrev  0x00001e32      0x2c8 ./Drivers/STM32H7xx_HAL_Driver/stm32h7xx_hal_rcc.o
 .debug_abbrev  0x000020fa      0x269 ./Drivers/STM32H7xx_HAL_Driver/stm32h7xx_hal_rcc_ex.o
 .debug_abbrev  0x00002363      0x2b1 ./Drivers/STM32H7xx_HAL_Driver/stm32h7xx_hal_spi.o
 .debug_abbrev  0x00002614      0x33d ./Drivers/STM32H7xx_HAL_Driver/stm32h7xx_hal_uart.o
 .debug_abbrev  0x00002951      0x2d2 ./Drivers/STM32H7xx_HAL_Driver/stm32h7xx_hal_uart_ex.o
 .debug_abbrev  0x00002c23      0x2b3 ./Drivers/STM32H7xx_HAL_Driver/stm32h7xx_ll_usb.o

.debug_aranges  0x00000000     0x13e0
 .debug_aranges
                0x00000000       0x30 ./Common/Src/system_stm32h7xx_dualcore_boot_cm4_cm7.o
 .debug_aranges
                0x00000030      0x118 ./Core/Src/main.o
 .debug_aranges
                0x00000148       0x60 ./Core/Src/stm32h7xx_hal_msp.o
 .debug_aranges
                0x000001a8       0x60 ./Core/Src/stm32h7xx_it.o
 .debug_aranges
                0x00000208       0x28 ./Core/Startup/startup_stm32h755zitx.o
 .debug_aranges
                0x00000230      0x200 ./Drivers/STM32H7xx_HAL_Driver/stm32h7xx_hal.o
 .debug_aranges
                0x00000430      0x130 ./Drivers/STM32H7xx_HAL_Driver/stm32h7xx_hal_cortex.o
 .debug_aranges
                0x00000560       0x58 ./Drivers/STM32H7xx_HAL_Driver/stm32h7xx_hal_gpio.o
 .debug_aranges
                0x000005b8       0x70 ./Drivers/STM32H7xx_HAL_Driver/stm32h7xx_hal_hsem.o
 .debug_aranges
                0x00000628      0x2a0 ./Drivers/STM32H7xx_HAL_Driver/stm32h7xx_hal_i2c.o
 .debug_aranges
                0x000008c8       0x48 ./Drivers/STM32H7xx_HAL_Driver/stm32h7xx_hal_i2c_ex.o
 .debug_aranges
                0x00000910      0x140 ./Drivers/STM32H7xx_HAL_Driver/stm32h7xx_hal_pcd.o
 .debug_aranges
                0x00000a50       0x60 ./Drivers/STM32H7xx_HAL_Driver/stm32h7xx_hal_pcd_ex.o
 .debug_aranges
                0x00000ab0      0x170 ./Drivers/STM32H7xx_HAL_Driver/stm32h7xx_hal_pwr_ex.o
 .debug_aranges
                0x00000c20       0x88 ./Drivers/STM32H7xx_HAL_Driver/stm32h7xx_hal_rcc.o
 .debug_aranges
                0x00000ca8      0x100 ./Drivers/STM32H7xx_HAL_Driver/stm32h7xx_hal_rcc_ex.o
 .debug_aranges
                0x00000da8      0x1a8 ./Drivers/STM32H7xx_HAL_Driver/stm32h7xx_hal_spi.o
 .debug_aranges
                0x00000f50      0x248 ./Drivers/STM32H7xx_HAL_Driver/stm32h7xx_hal_uart.o
 .debug_aranges
                0x00001198       0xa8 ./Drivers/STM32H7xx_HAL_Driver/stm32h7xx_hal_uart_ex.o
 .debug_aranges
                0x00001240      0x1a0 ./Drivers/STM32H7xx_HAL_Driver/stm32h7xx_ll_usb.o

.debug_rnglists
                0x00000000      0xf74
 .debug_rnglists
                0x00000000       0x21 ./Common/Src/system_stm32h7xx_dualcore_boot_cm4_cm7.o
 .debug_rnglists
                0x00000021       0xdd ./Core/Src/main.o
 .debug_rnglists
                0x000000fe       0x47 ./Core/Src/stm32h7xx_hal_msp.o
 .debug_rnglists
                0x00000145       0x43 ./Core/Src/stm32h7xx_it.o
 .debug_rnglists
                0x00000188       0x19 ./Core/Startup/startup_stm32h755zitx.o
 .debug_rnglists
                0x000001a1      0x180 ./Drivers/STM32H7xx_HAL_Driver/stm32h7xx_hal.o
 .debug_rnglists
                0x00000321       0xe0 ./Drivers/STM32H7xx_HAL_Driver/stm32h7xx_hal_cortex.o
 .debug_rnglists
                0x00000401       0x3f ./Drivers/STM32H7xx_HAL_Driver/stm32h7xx_hal_gpio.o
 .debug_rnglists
                0x00000440       0x4f ./Drivers/STM32H7xx_HAL_Driver/stm32h7xx_hal_hsem.o
 .debug_rnglists
                0x0000048f      0x22a ./Drivers/STM32H7xx_HAL_Driver/stm32h7xx_hal_i2c.o
 .debug_rnglists
                0x000006b9       0x35 ./Drivers/STM32H7xx_HAL_Driver/stm32h7xx_hal_i2c_ex.o
 .debug_rnglists
                0x000006ee       0xf4 ./Drivers/STM32H7xx_HAL_Driver/stm32h7xx_hal_pcd.o
 .debug_rnglists
                0x000007e2       0x45 ./Drivers/STM32H7xx_HAL_Driver/stm32h7xx_hal_pcd_ex.o
 .debug_rnglists
                0x00000827      0x117 ./Drivers/STM32H7xx_HAL_Driver/stm32h7xx_hal_pwr_ex.o
 .debug_rnglists
                0x0000093e       0x68 ./Drivers/STM32H7xx_HAL_Driver/stm32h7xx_hal_rcc.o
 .debug_rnglists
                0x000009a6       0xc6 ./Drivers/STM32H7xx_HAL_Driver/stm32h7xx_hal_rcc_ex.o
 .debug_rnglists
                0x00000a6c      0x148 ./Drivers/STM32H7xx_HAL_Driver/stm32h7xx_hal_spi.o
 .debug_rnglists
                0x00000bb4      0x1fa ./Drivers/STM32H7xx_HAL_Driver/stm32h7xx_hal_uart.o
 .debug_rnglists
                0x00000dae       0x7f ./Drivers/STM32H7xx_HAL_Driver/stm32h7xx_hal_uart_ex.o
 .debug_rnglists
                0x00000e2d      0x147 ./Drivers/STM32H7xx_HAL_Driver/stm32h7xx_ll_usb.o

.debug_macro    0x00000000    0x3b03c
 .debug_macro   0x00000000      0x2d2 ./Common/Src/system_stm32h7xx_dualcore_boot_cm4_cm7.o
 .debug_macro   0x000002d2      0xafc ./Common/Src/system_stm32h7xx_dualcore_boot_cm4_cm7.o
 .debug_macro   0x00000dce       0x2e ./Common/Src/system_stm32h7xx_dualcore_boot_cm4_cm7.o
 .debug_macro   0x00000dfc       0x49 ./Common/Src/system_stm32h7xx_dualcore_boot_cm4_cm7.o
 .debug_macro   0x00000e45       0x22 ./Common/Src/system_stm32h7xx_dualcore_boot_cm4_cm7.o
 .debug_macro   0x00000e67       0x8e ./Common/Src/system_stm32h7xx_dualcore_boot_cm4_cm7.o
 .debug_macro   0x00000ef5       0x51 ./Common/Src/system_stm32h7xx_dualcore_boot_cm4_cm7.o
 .debug_macro   0x00000f46      0x103 ./Common/Src/system_stm32h7xx_dualcore_boot_cm4_cm7.o
 .debug_macro   0x00001049       0x6a ./Common/Src/system_stm32h7xx_dualcore_boot_cm4_cm7.o
 .debug_macro   0x000010b3      0x1df ./Common/Src/system_stm32h7xx_dualcore_boot_cm4_cm7.o
 .debug_macro   0x00001292       0x1c ./Common/Src/system_stm32h7xx_dualcore_boot_cm4_cm7.o
 .debug_macro   0x000012ae       0x22 ./Common/Src/system_stm32h7xx_dualcore_boot_cm4_cm7.o
 .debug_macro   0x000012d0       0xfb ./Common/Src/system_stm32h7xx_dualcore_boot_cm4_cm7.o
 .debug_macro   0x000013cb     0x1305 ./Common/Src/system_stm32h7xx_dualcore_boot_cm4_cm7.o
 .debug_macro   0x000026d0      0x11f ./Common/Src/system_stm32h7xx_dualcore_boot_cm4_cm7.o
 .debug_macro   0x000027ef       0x27 ./Common/Src/system_stm32h7xx_dualcore_boot_cm4_cm7.o
 .debug_macro   0x00002816    0x2769e ./Common/Src/system_stm32h7xx_dualcore_boot_cm4_cm7.o
 .debug_macro   0x00029eb4       0x6d ./Common/Src/system_stm32h7xx_dualcore_boot_cm4_cm7.o
 .debug_macro   0x00029f21      0x23e ./Common/Src/system_stm32h7xx_dualcore_boot_cm4_cm7.o
 .debug_macro   0x0002a15f     0x3d79 ./Common/Src/system_stm32h7xx_dualcore_boot_cm4_cm7.o
 .debug_macro   0x0002ded8      0x190 ./Common/Src/system_stm32h7xx_dualcore_boot_cm4_cm7.o
 .debug_macro   0x0002e068       0x61 ./Common/Src/system_stm32h7xx_dualcore_boot_cm4_cm7.o
 .debug_macro   0x0002e0c9       0x29 ./Common/Src/system_stm32h7xx_dualcore_boot_cm4_cm7.o
 .debug_macro   0x0002e0f2       0x43 ./Common/Src/system_stm32h7xx_dualcore_boot_cm4_cm7.o
 .debug_macro   0x0002e135       0x34 ./Common/Src/system_stm32h7xx_dualcore_boot_cm4_cm7.o
 .debug_macro   0x0002e169      0x370 ./Common/Src/system_stm32h7xx_dualcore_boot_cm4_cm7.o
 .debug_macro   0x0002e4d9       0x16 ./Common/Src/system_stm32h7xx_dualcore_boot_cm4_cm7.o
 .debug_macro   0x0002e4ef       0x4a ./Common/Src/system_stm32h7xx_dualcore_boot_cm4_cm7.o
 .debug_macro   0x0002e539       0x34 ./Common/Src/system_stm32h7xx_dualcore_boot_cm4_cm7.o
 .debug_macro   0x0002e56d       0x10 ./Common/Src/system_stm32h7xx_dualcore_boot_cm4_cm7.o
 .debug_macro   0x0002e57d       0x58 ./Common/Src/system_stm32h7xx_dualcore_boot_cm4_cm7.o
 .debug_macro   0x0002e5d5       0x8e ./Common/Src/system_stm32h7xx_dualcore_boot_cm4_cm7.o
 .debug_macro   0x0002e663       0x1c ./Common/Src/system_stm32h7xx_dualcore_boot_cm4_cm7.o
 .debug_macro   0x0002e67f      0x185 ./Common/Src/system_stm32h7xx_dualcore_boot_cm4_cm7.o
 .debug_macro   0x0002e804      0x19b ./Common/Src/system_stm32h7xx_dualcore_boot_cm4_cm7.o
 .debug_macro   0x0002e99f       0x5d ./Common/Src/system_stm32h7xx_dualcore_boot_cm4_cm7.o
 .debug_macro   0x0002e9fc     0x3b99 ./Common/Src/system_stm32h7xx_dualcore_boot_cm4_cm7.o
 .debug_macro   0x00032595     0x1072 ./Common/Src/system_stm32h7xx_dualcore_boot_cm4_cm7.o
 .debug_macro   0x00033607      0x154 ./Common/Src/system_stm32h7xx_dualcore_boot_cm4_cm7.o
 .debug_macro   0x0003375b      0x130 ./Common/Src/system_stm32h7xx_dualcore_boot_cm4_cm7.o
 .debug_macro   0x0003388b      0x3c2 ./Common/Src/system_stm32h7xx_dualcore_boot_cm4_cm7.o
 .debug_macro   0x00033c4d       0xac ./Common/Src/system_stm32h7xx_dualcore_boot_cm4_cm7.o
 .debug_macro   0x00033cf9      0x72d ./Common/Src/system_stm32h7xx_dualcore_boot_cm4_cm7.o
 .debug_macro   0x00034426      0x228 ./Common/Src/system_stm32h7xx_dualcore_boot_cm4_cm7.o
 .debug_macro   0x0003464e       0x66 ./Common/Src/system_stm32h7xx_dualcore_boot_cm4_cm7.o
 .debug_macro   0x000346b4      0x3bb ./Common/Src/system_stm32h7xx_dualcore_boot_cm4_cm7.o
 .debug_macro   0x00034a6f      0x407 ./Common/Src/system_stm32h7xx_dualcore_boot_cm4_cm7.o
 .debug_macro   0x00034e76      0x27c ./Common/Src/system_stm32h7xx_dualcore_boot_cm4_cm7.o
 .debug_macro   0x000350f2      0x3ca ./Common/Src/system_stm32h7xx_dualcore_boot_cm4_cm7.o
 .debug_macro   0x000354bc      0x4a2 ./Common/Src/system_stm32h7xx_dualcore_boot_cm4_cm7.o
 .debug_macro   0x0003595e       0x51 ./Common/Src/system_stm32h7xx_dualcore_boot_cm4_cm7.o
 .debug_macro   0x000359af       0x4a ./Common/Src/system_stm32h7xx_dualcore_boot_cm4_cm7.o
 .debug_macro   0x000359f9      0x22c ./Common/Src/system_stm32h7xx_dualcore_boot_cm4_cm7.o
 .debug_macro   0x00035c25       0x67 ./Common/Src/system_stm32h7xx_dualcore_boot_cm4_cm7.o
 .debug_macro   0x00035c8c       0xa5 ./Common/Src/system_stm32h7xx_dualcore_boot_cm4_cm7.o
 .debug_macro   0x00035d31      0x218 ./Common/Src/system_stm32h7xx_dualcore_boot_cm4_cm7.o
 .debug_macro   0x00035f49      0x2ea ./Common/Src/system_stm32h7xx_dualcore_boot_cm4_cm7.o
 .debug_macro   0x00036233       0x35 ./Common/Src/system_stm32h7xx_dualcore_boot_cm4_cm7.o
 .debug_macro   0x00036268      0x5e4 ./Common/Src/system_stm32h7xx_dualcore_boot_cm4_cm7.o
 .debug_macro   0x0003684c       0xc1 ./Common/Src/system_stm32h7xx_dualcore_boot_cm4_cm7.o
 .debug_macro   0x0003690d      0x693 ./Common/Src/system_stm32h7xx_dualcore_boot_cm4_cm7.o
 .debug_macro   0x00036fa0       0xa6 ./Common/Src/system_stm32h7xx_dualcore_boot_cm4_cm7.o
 .debug_macro   0x00037046      0x293 ./Common/Src/system_stm32h7xx_dualcore_boot_cm4_cm7.o
 .debug_macro   0x000372d9       0x90 ./Common/Src/system_stm32h7xx_dualcore_boot_cm4_cm7.o
 .debug_macro   0x00037369      0x7a4 ./Common/Src/system_stm32h7xx_dualcore_boot_cm4_cm7.o
 .debug_macro   0x00037b0d      0x31b ./Core/Src/main.o
 .debug_macro   0x00037e28       0x22 ./Core/Src/main.o
 .debug_macro   0x00037e4a      0x2dc ./Core/Src/stm32h7xx_hal_msp.o
 .debug_macro   0x00038126      0x2e6 ./Core/Src/stm32h7xx_it.o
 .debug_macro   0x0003840c      0x2fc ./Drivers/STM32H7xx_HAL_Driver/stm32h7xx_hal.o
 .debug_macro   0x00038708      0x2d2 ./Drivers/STM32H7xx_HAL_Driver/stm32h7xx_hal_cortex.o
 .debug_macro   0x000389da      0x2e6 ./Drivers/STM32H7xx_HAL_Driver/stm32h7xx_hal_gpio.o
 .debug_macro   0x00038cc0      0x2e4 ./Drivers/STM32H7xx_HAL_Driver/stm32h7xx_hal_hsem.o
 .debug_macro   0x00038fa4      0x39e ./Drivers/STM32H7xx_HAL_Driver/stm32h7xx_hal_i2c.o
 .debug_macro   0x00039342      0x2d2 ./Drivers/STM32H7xx_HAL_Driver/stm32h7xx_hal_i2c_ex.o
 .debug_macro   0x00039614      0x2de ./Drivers/STM32H7xx_HAL_Driver/stm32h7xx_hal_pcd.o
 .debug_macro   0x000398f2      0x2d2 ./Drivers/STM32H7xx_HAL_Driver/stm32h7xx_hal_pcd_ex.o
 .debug_macro   0x00039bc4      0x30b ./Drivers/STM32H7xx_HAL_Driver/stm32h7xx_hal_pwr_ex.o
 .debug_macro   0x00039ecf      0x2f6 ./Drivers/STM32H7xx_HAL_Driver/stm32h7xx_hal_rcc.o
 .debug_macro   0x0003a1c5      0x2f0 ./Drivers/STM32H7xx_HAL_Driver/stm32h7xx_hal_rcc_ex.o
 .debug_macro   0x0003a4b5      0x2da ./Drivers/STM32H7xx_HAL_Driver/stm32h7xx_hal_spi.o
 .debug_macro   0x0003a78f      0x2fd ./Drivers/STM32H7xx_HAL_Driver/stm32h7xx_hal_uart.o
 .debug_macro   0x0003aa8c      0x2de ./Drivers/STM32H7xx_HAL_Driver/stm32h7xx_hal_uart_ex.o
 .debug_macro   0x0003ad6a      0x2d2 ./Drivers/STM32H7xx_HAL_Driver/stm32h7xx_ll_usb.o

.debug_line     0x00000000    0x1a92c
 .debug_line    0x00000000      0xbb4 ./Common/Src/system_stm32h7xx_dualcore_boot_cm4_cm7.o
 .debug_line    0x00000bb4     0x1234 ./Core/Src/main.o
 .debug_line    0x00001de8      0xb12 ./Core/Src/stm32h7xx_hal_msp.o
 .debug_line    0x000028fa      0x9dc ./Core/Src/stm32h7xx_it.o
 .debug_line    0x000032d6       0x7b ./Core/Startup/startup_stm32h755zitx.o
 .debug_line    0x00003351     0x10c1 ./Drivers/STM32H7xx_HAL_Driver/stm32h7xx_hal.o
 .debug_line    0x00004412      0xf58 ./Drivers/STM32H7xx_HAL_Driver/stm32h7xx_hal_cortex.o
 .debug_line    0x0000536a      0xdeb ./Drivers/STM32H7xx_HAL_Driver/stm32h7xx_hal_gpio.o
 .debug_line    0x00006155      0xb00 ./Drivers/STM32H7xx_HAL_Driver/stm32h7xx_hal_hsem.o
 .debug_line    0x00006c55     0x3cd9 ./Drivers/STM32H7xx_HAL_Driver/stm32h7xx_hal_i2c.o
 .debug_line    0x0000a92e      0xaf0 ./Drivers/STM32H7xx_HAL_Driver/stm32h7xx_hal_i2c_ex.o
 .debug_line    0x0000b41e     0x16ca ./Drivers/STM32H7xx_HAL_Driver/stm32h7xx_hal_pcd.o
 .debug_line    0x0000cae8      0xb90 ./Drivers/STM32H7xx_HAL_Driver/stm32h7xx_hal_pcd_ex.o
 .debug_line    0x0000d678     0x122b ./Drivers/STM32H7xx_HAL_Driver/stm32h7xx_hal_pwr_ex.o
 .debug_line    0x0000e8a3     0x1609 ./Drivers/STM32H7xx_HAL_Driver/stm32h7xx_hal_rcc.o
 .debug_line    0x0000feac     0x1f2d ./Drivers/STM32H7xx_HAL_Driver/stm32h7xx_hal_rcc_ex.o
 .debug_line    0x00011dd9     0x22f4 ./Drivers/STM32H7xx_HAL_Driver/stm32h7xx_hal_spi.o
 .debug_line    0x000140cd     0x39e9 ./Drivers/STM32H7xx_HAL_Driver/stm32h7xx_hal_uart.o
 .debug_line    0x00017ab6      0xef8 ./Drivers/STM32H7xx_HAL_Driver/stm32h7xx_hal_uart_ex.o
 .debug_line    0x000189ae     0x1f7e ./Drivers/STM32H7xx_HAL_Driver/stm32h7xx_ll_usb.o

.debug_str      0x00000000   0x182e52
 .debug_str     0x00000000   0x182e52 ./Common/Src/system_stm32h7xx_dualcore_boot_cm4_cm7.o
                             0x17b814 (size before relaxing)
 .debug_str     0x00182e52   0x17d334 ./Core/Src/main.o
 .debug_str     0x00182e52   0x17c6ef ./Core/Src/stm32h7xx_hal_msp.o
 .debug_str     0x00182e52   0x17b215 ./Core/Src/stm32h7xx_it.o
 .debug_str     0x00182e52       0xae ./Core/Startup/startup_stm32h755zitx.o
 .debug_str     0x00182e52   0x17c881 ./Drivers/STM32H7xx_HAL_Driver/stm32h7xx_hal.o
 .debug_str     0x00182e52   0x17c0e8 ./Drivers/STM32H7xx_HAL_Driver/stm32h7xx_hal_cortex.o
 .debug_str     0x00182e52   0x17b773 ./Drivers/STM32H7xx_HAL_Driver/stm32h7xx_hal_gpio.o
 .debug_str     0x00182e52   0x17b3fe ./Drivers/STM32H7xx_HAL_Driver/stm32h7xx_hal_hsem.o
 .debug_str     0x00182e52   0x17c79e ./Drivers/STM32H7xx_HAL_Driver/stm32h7xx_hal_i2c.o
 .debug_str     0x00182e52   0x17bb42 ./Drivers/STM32H7xx_HAL_Driver/stm32h7xx_hal_i2c_ex.o
 .debug_str     0x00182e52   0x17beb1 ./Drivers/STM32H7xx_HAL_Driver/stm32h7xx_hal_pcd.o
 .debug_str     0x00182e52   0x17b84f ./Drivers/STM32H7xx_HAL_Driver/stm32h7xx_hal_pcd_ex.o
 .debug_str     0x00182e52   0x17bc7e ./Drivers/STM32H7xx_HAL_Driver/stm32h7xx_hal_pwr_ex.o
 .debug_str     0x00182e52   0x17baf4 ./Drivers/STM32H7xx_HAL_Driver/stm32h7xx_hal_rcc.o
 .debug_str     0x00182e52   0x17c029 ./Drivers/STM32H7xx_HAL_Driver/stm32h7xx_hal_rcc_ex.o
 .debug_str     0x00182e52   0x17be05 ./Drivers/STM32H7xx_HAL_Driver/stm32h7xx_hal_spi.o
 .debug_str     0x00182e52   0x17c622 ./Drivers/STM32H7xx_HAL_Driver/stm32h7xx_hal_uart.o
 .debug_str     0x00182e52   0x17bbe2 ./Drivers/STM32H7xx_HAL_Driver/stm32h7xx_hal_uart_ex.o
 .debug_str     0x00182e52   0x17bdab ./Drivers/STM32H7xx_HAL_Driver/stm32h7xx_ll_usb.o

.comment        0x00000000       0x43
 .comment       0x00000000       0x43 ./Common/Src/system_stm32h7xx_dualcore_boot_cm4_cm7.o
                                 0x44 (size before relaxing)
 .comment       0x00000043       0x44 ./Core/Src/main.o
 .comment       0x00000043       0x44 ./Core/Src/stm32h7xx_hal_msp.o
 .comment       0x00000043       0x44 ./Core/Src/stm32h7xx_it.o
 .comment       0x00000043       0x44 ./Drivers/STM32H7xx_HAL_Driver/stm32h7xx_hal.o
 .comment       0x00000043       0x44 ./Drivers/STM32H7xx_HAL_Driver/stm32h7xx_hal_cortex.o
 .comment       0x00000043       0x44 ./Drivers/STM32H7xx_HAL_Driver/stm32h7xx_hal_gpio.o
 .comment       0x00000043       0x44 ./Drivers/STM32H7xx_HAL_Driver/stm32h7xx_hal_hsem.o
 .comment       0x00000043       0x44 ./Drivers/STM32H7xx_HAL_Driver/stm32h7xx_hal_i2c.o
 .comment       0x00000043       0x44 ./Drivers/STM32H7xx_HAL_Driver/stm32h7xx_hal_i2c_ex.o
 .comment       0x00000043       0x44 ./Drivers/STM32H7xx_HAL_Driver/stm32h7xx_hal_pcd.o
 .comment       0x00000043       0x44 ./Drivers/STM32H7xx_HAL_Driver/stm32h7xx_hal_pcd_ex.o
 .comment       0x00000043       0x44 ./Drivers/STM32H7xx_HAL_Driver/stm32h7xx_hal_pwr_ex.o
 .comment       0x00000043       0x44 ./Drivers/STM32H7xx_HAL_Driver/stm32h7xx_hal_rcc.o
 .comment       0x00000043       0x44 ./Drivers/STM32H7xx_HAL_Driver/stm32h7xx_hal_rcc_ex.o
 .comment       0x00000043       0x44 ./Drivers/STM32H7xx_HAL_Driver/stm32h7xx_hal_spi.o
 .comment       0x00000043       0x44 ./Drivers/STM32H7xx_HAL_Driver/stm32h7xx_hal_uart.o
 .comment       0x00000043       0x44 ./Drivers/STM32H7xx_HAL_Driver/stm32h7xx_hal_uart_ex.o
 .comment       0x00000043       0x44 ./Drivers/STM32H7xx_HAL_Driver/stm32h7xx_ll_usb.o

.debug_frame    0x00000000     0x5560
 .debug_frame   0x00000000       0x78 ./Common/Src/system_stm32h7xx_dualcore_boot_cm4_cm7.o
 .debug_frame   0x00000078      0x458 ./Core/Src/main.o
 .debug_frame   0x000004d0      0x168 ./Core/Src/stm32h7xx_hal_msp.o
 .debug_frame   0x00000638      0x104 ./Core/Src/stm32h7xx_it.o
 .debug_frame   0x0000073c      0x848 ./Drivers/STM32H7xx_HAL_Driver/stm32h7xx_hal.o
 .debug_frame   0x00000f84      0x508 ./Drivers/STM32H7xx_HAL_Driver/stm32h7xx_hal_cortex.o
 .debug_frame   0x0000148c      0x14c ./Drivers/STM32H7xx_HAL_Driver/stm32h7xx_hal_gpio.o
 .debug_frame   0x000015d8      0x1bc ./Drivers/STM32H7xx_HAL_Driver/stm32h7xx_hal_hsem.o
 .debug_frame   0x00001794      0xc40 ./Drivers/STM32H7xx_HAL_Driver/stm32h7xx_hal_i2c.o
 .debug_frame   0x000023d4      0x100 ./Drivers/STM32H7xx_HAL_Driver/stm32h7xx_hal_i2c_ex.o
 .debug_frame   0x000024d4      0x590 ./Drivers/STM32H7xx_HAL_Driver/stm32h7xx_hal_pcd.o
 .debug_frame   0x00002a64      0x174 ./Drivers/STM32H7xx_HAL_Driver/stm32h7xx_hal_pcd_ex.o
 .debug_frame   0x00002bd8      0x5ec ./Drivers/STM32H7xx_HAL_Driver/stm32h7xx_hal_pwr_ex.o
 .debug_frame   0x000031c4      0x1f8 ./Drivers/STM32H7xx_HAL_Driver/stm32h7xx_hal_rcc.o
 .debug_frame   0x000033bc      0x43c ./Drivers/STM32H7xx_HAL_Driver/stm32h7xx_hal_rcc_ex.o
 .debug_frame   0x000037f8      0x7a8 ./Drivers/STM32H7xx_HAL_Driver/stm32h7xx_hal_spi.o
 .debug_frame   0x00003fa0      0xa94 ./Drivers/STM32H7xx_HAL_Driver/stm32h7xx_hal_uart.o
 .debug_frame   0x00004a34      0x2c0 ./Drivers/STM32H7xx_HAL_Driver/stm32h7xx_hal_uart_ex.o
 .debug_frame   0x00004cf4      0x7c0 ./Drivers/STM32H7xx_HAL_Driver/stm32h7xx_ll_usb.o
 .debug_frame   0x000054b4       0x20 C:/ST/STM32CubeIDE_1.17.0/STM32CubeIDE/plugins/com.st.stm32cube.ide.mcu.externaltools.gnu-tools-for-stm32.13.3.rel1.win32_1.0.0.202411081344/tools/bin/../lib/gcc/arm-none-eabi/13.3.1/../../../../arm-none-eabi/lib/thumb/v7e-m+dp/hard\libc_nano.a(libc_a-memset.o)
 .debug_frame   0x000054d4       0x2c C:/ST/STM32CubeIDE_1.17.0/STM32CubeIDE/plugins/com.st.stm32cube.ide.mcu.externaltools.gnu-tools-for-stm32.13.3.rel1.win32_1.0.0.202411081344/tools/bin/../lib/gcc/arm-none-eabi/13.3.1/../../../../arm-none-eabi/lib/thumb/v7e-m+dp/hard\libc_nano.a(libc_a-init.o)
 .debug_frame   0x00005500       0x2c C:/ST/STM32CubeIDE_1.17.0/STM32CubeIDE/plugins/com.st.stm32cube.ide.mcu.externaltools.gnu-tools-for-stm32.13.3.rel1.win32_1.0.0.202411081344/tools/bin/../lib/gcc/arm-none-eabi/13.3.1/thumb/v7e-m+dp/hard\libgcc.a(_aeabi_uldivmod.o)
 .debug_frame   0x0000552c       0x34 C:/ST/STM32CubeIDE_1.17.0/STM32CubeIDE/plugins/com.st.stm32cube.ide.mcu.externaltools.gnu-tools-for-stm32.13.3.rel1.win32_1.0.0.202411081344/tools/bin/../lib/gcc/arm-none-eabi/13.3.1/thumb/v7e-m+dp/hard\libgcc.a(_udivmoddi4.o)

.debug_line_str
                0x00000000       0x92
 .debug_line_str
                0x00000000       0x92 ./Core/Startup/startup_stm32h755zitx.o
