22:56:40 **** Build of configuration Debug for project DRC_Rev2_0_DVT_Interposer_Controller_CM7 ****
make -j32 all 
arm-none-eabi-gcc "C:/Users/youse/STM32CubeIDE/workspace_1.18.0/DRC_Workspace/DRC_Rev2_0_DVT_Interposer_Controller/Drivers/STM32H7xx_HAL_Driver/Src/stm32h7xx_hal.c" -mcpu=cortex-m7 -std=gnu11 -g3 -DDEBUG -DCORE_CM7 -DUSE_HAL_DRIVER -DSTM32H755xx -DUSE_PWR_LDO_SUPPLY -c -I../Core/Inc -I../../Drivers/STM32H7xx_HAL_Driver/Inc -I../../Drivers/STM32H7xx_HAL_Driver/Inc/Legacy -I../../Drivers/CMSIS/Device/ST/STM32H7xx/Include -I../../Drivers/CMSIS/Include -O0 -ffunction-sections -fdata-sections -Wall -fstack-usage -fcyclomatic-complexity -MMD -MP -MF"Drivers/STM32H7xx_HAL_Driver/stm32h7xx_hal.d" -MT"Drivers/STM32H7xx_HAL_Driver/stm32h7xx_hal.o" --specs=nano.specs -mfpu=fpv5-d16 -mfloat-abi=hard -mthumb -o "Drivers/STM32H7xx_HAL_Driver/stm32h7xx_hal.o"
arm-none-eabi-gcc "C:/Users/youse/STM32CubeIDE/workspace_1.18.0/DRC_Workspace/DRC_Rev2_0_DVT_Interposer_Controller/Drivers/STM32H7xx_HAL_Driver/Src/stm32h7xx_hal_cortex.c" -mcpu=cortex-m7 -std=gnu11 -g3 -DDEBUG -DCORE_CM7 -DUSE_HAL_DRIVER -DSTM32H755xx -DUSE_PWR_LDO_SUPPLY -c -I../Core/Inc -I../../Drivers/STM32H7xx_HAL_Driver/Inc -I../../Drivers/STM32H7xx_HAL_Driver/Inc/Legacy -I../../Drivers/CMSIS/Device/ST/STM32H7xx/Include -I../../Drivers/CMSIS/Include -O0 -ffunction-sections -fdata-sections -Wall -fstack-usage -fcyclomatic-complexity -MMD -MP -MF"Drivers/STM32H7xx_HAL_Driver/stm32h7xx_hal_cortex.d" -MT"Drivers/STM32H7xx_HAL_Driver/stm32h7xx_hal_cortex.o" --specs=nano.specs -mfpu=fpv5-d16 -mfloat-abi=hard -mthumb -o "Drivers/STM32H7xx_HAL_Driver/stm32h7xx_hal_cortex.o"
arm-none-eabi-gcc "C:/Users/youse/STM32CubeIDE/workspace_1.18.0/DRC_Workspace/DRC_Rev2_0_DVT_Interposer_Controller/Drivers/STM32H7xx_HAL_Driver/Src/stm32h7xx_hal_dma.c" -mcpu=cortex-m7 -std=gnu11 -g3 -DDEBUG -DCORE_CM7 -DUSE_HAL_DRIVER -DSTM32H755xx -DUSE_PWR_LDO_SUPPLY -c -I../Core/Inc -I../../Drivers/STM32H7xx_HAL_Driver/Inc -I../../Drivers/STM32H7xx_HAL_Driver/Inc/Legacy -I../../Drivers/CMSIS/Device/ST/STM32H7xx/Include -I../../Drivers/CMSIS/Include -O0 -ffunction-sections -fdata-sections -Wall -fstack-usage -fcyclomatic-complexity -MMD -MP -MF"Drivers/STM32H7xx_HAL_Driver/stm32h7xx_hal_dma.d" -MT"Drivers/STM32H7xx_HAL_Driver/stm32h7xx_hal_dma.o" --specs=nano.specs -mfpu=fpv5-d16 -mfloat-abi=hard -mthumb -o "Drivers/STM32H7xx_HAL_Driver/stm32h7xx_hal_dma.o"
arm-none-eabi-gcc "C:/Users/youse/STM32CubeIDE/workspace_1.18.0/DRC_Workspace/DRC_Rev2_0_DVT_Interposer_Controller/Drivers/STM32H7xx_HAL_Driver/Src/stm32h7xx_hal_dma_ex.c" -mcpu=cortex-m7 -std=gnu11 -g3 -DDEBUG -DCORE_CM7 -DUSE_HAL_DRIVER -DSTM32H755xx -DUSE_PWR_LDO_SUPPLY -c -I../Core/Inc -I../../Drivers/STM32H7xx_HAL_Driver/Inc -I../../Drivers/STM32H7xx_HAL_Driver/Inc/Legacy -I../../Drivers/CMSIS/Device/ST/STM32H7xx/Include -I../../Drivers/CMSIS/Include -O0 -ffunction-sections -fdata-sections -Wall -fstack-usage -fcyclomatic-complexity -MMD -MP -MF"Drivers/STM32H7xx_HAL_Driver/stm32h7xx_hal_dma_ex.d" -MT"Drivers/STM32H7xx_HAL_Driver/stm32h7xx_hal_dma_ex.o" --specs=nano.specs -mfpu=fpv5-d16 -mfloat-abi=hard -mthumb -o "Drivers/STM32H7xx_HAL_Driver/stm32h7xx_hal_dma_ex.o"
arm-none-eabi-gcc "C:/Users/youse/STM32CubeIDE/workspace_1.18.0/DRC_Workspace/DRC_Rev2_0_DVT_Interposer_Controller/Drivers/STM32H7xx_HAL_Driver/Src/stm32h7xx_hal_exti.c" -mcpu=cortex-m7 -std=gnu11 -g3 -DDEBUG -DCORE_CM7 -DUSE_HAL_DRIVER -DSTM32H755xx -DUSE_PWR_LDO_SUPPLY -c -I../Core/Inc -I../../Drivers/STM32H7xx_HAL_Driver/Inc -I../../Drivers/STM32H7xx_HAL_Driver/Inc/Legacy -I../../Drivers/CMSIS/Device/ST/STM32H7xx/Include -I../../Drivers/CMSIS/Include -O0 -ffunction-sections -fdata-sections -Wall -fstack-usage -fcyclomatic-complexity -MMD -MP -MF"Drivers/STM32H7xx_HAL_Driver/stm32h7xx_hal_exti.d" -MT"Drivers/STM32H7xx_HAL_Driver/stm32h7xx_hal_exti.o" --specs=nano.specs -mfpu=fpv5-d16 -mfloat-abi=hard -mthumb -o "Drivers/STM32H7xx_HAL_Driver/stm32h7xx_hal_exti.o"
arm-none-eabi-gcc "C:/Users/youse/STM32CubeIDE/workspace_1.18.0/DRC_Workspace/DRC_Rev2_0_DVT_Interposer_Controller/Drivers/STM32H7xx_HAL_Driver/Src/stm32h7xx_hal_flash.c" -mcpu=cortex-m7 -std=gnu11 -g3 -DDEBUG -DCORE_CM7 -DUSE_HAL_DRIVER -DSTM32H755xx -DUSE_PWR_LDO_SUPPLY -c -I../Core/Inc -I../../Drivers/STM32H7xx_HAL_Driver/Inc -I../../Drivers/STM32H7xx_HAL_Driver/Inc/Legacy -I../../Drivers/CMSIS/Device/ST/STM32H7xx/Include -I../../Drivers/CMSIS/Include -O0 -ffunction-sections -fdata-sections -Wall -fstack-usage -fcyclomatic-complexity -MMD -MP -MF"Drivers/STM32H7xx_HAL_Driver/stm32h7xx_hal_flash.d" -MT"Drivers/STM32H7xx_HAL_Driver/stm32h7xx_hal_flash.o" --specs=nano.specs -mfpu=fpv5-d16 -mfloat-abi=hard -mthumb -o "Drivers/STM32H7xx_HAL_Driver/stm32h7xx_hal_flash.o"
arm-none-eabi-gcc "C:/Users/youse/STM32CubeIDE/workspace_1.18.0/DRC_Workspace/DRC_Rev2_0_DVT_Interposer_Controller/Drivers/STM32H7xx_HAL_Driver/Src/stm32h7xx_hal_flash_ex.c" -mcpu=cortex-m7 -std=gnu11 -g3 -DDEBUG -DCORE_CM7 -DUSE_HAL_DRIVER -DSTM32H755xx -DUSE_PWR_LDO_SUPPLY -c -I../Core/Inc -I../../Drivers/STM32H7xx_HAL_Driver/Inc -I../../Drivers/STM32H7xx_HAL_Driver/Inc/Legacy -I../../Drivers/CMSIS/Device/ST/STM32H7xx/Include -I../../Drivers/CMSIS/Include -O0 -ffunction-sections -fdata-sections -Wall -fstack-usage -fcyclomatic-complexity -MMD -MP -MF"Drivers/STM32H7xx_HAL_Driver/stm32h7xx_hal_flash_ex.d" -MT"Drivers/STM32H7xx_HAL_Driver/stm32h7xx_hal_flash_ex.o" --specs=nano.specs -mfpu=fpv5-d16 -mfloat-abi=hard -mthumb -o "Drivers/STM32H7xx_HAL_Driver/stm32h7xx_hal_flash_ex.o"
arm-none-eabi-gcc "C:/Users/youse/STM32CubeIDE/workspace_1.18.0/DRC_Workspace/DRC_Rev2_0_DVT_Interposer_Controller/Drivers/STM32H7xx_HAL_Driver/Src/stm32h7xx_hal_gpio.c" -mcpu=cortex-m7 -std=gnu11 -g3 -DDEBUG -DCORE_CM7 -DUSE_HAL_DRIVER -DSTM32H755xx -DUSE_PWR_LDO_SUPPLY -c -I../Core/Inc -I../../Drivers/STM32H7xx_HAL_Driver/Inc -I../../Drivers/STM32H7xx_HAL_Driver/Inc/Legacy -I../../Drivers/CMSIS/Device/ST/STM32H7xx/Include -I../../Drivers/CMSIS/Include -O0 -ffunction-sections -fdata-sections -Wall -fstack-usage -fcyclomatic-complexity -MMD -MP -MF"Drivers/STM32H7xx_HAL_Driver/stm32h7xx_hal_gpio.d" -MT"Drivers/STM32H7xx_HAL_Driver/stm32h7xx_hal_gpio.o" --specs=nano.specs -mfpu=fpv5-d16 -mfloat-abi=hard -mthumb -o "Drivers/STM32H7xx_HAL_Driver/stm32h7xx_hal_gpio.o"
arm-none-eabi-gcc "C:/Users/youse/STM32CubeIDE/workspace_1.18.0/DRC_Workspace/DRC_Rev2_0_DVT_Interposer_Controller/Drivers/STM32H7xx_HAL_Driver/Src/stm32h7xx_hal_hsem.c" -mcpu=cortex-m7 -std=gnu11 -g3 -DDEBUG -DCORE_CM7 -DUSE_HAL_DRIVER -DSTM32H755xx -DUSE_PWR_LDO_SUPPLY -c -I../Core/Inc -I../../Drivers/STM32H7xx_HAL_Driver/Inc -I../../Drivers/STM32H7xx_HAL_Driver/Inc/Legacy -I../../Drivers/CMSIS/Device/ST/STM32H7xx/Include -I../../Drivers/CMSIS/Include -O0 -ffunction-sections -fdata-sections -Wall -fstack-usage -fcyclomatic-complexity -MMD -MP -MF"Drivers/STM32H7xx_HAL_Driver/stm32h7xx_hal_hsem.d" -MT"Drivers/STM32H7xx_HAL_Driver/stm32h7xx_hal_hsem.o" --specs=nano.specs -mfpu=fpv5-d16 -mfloat-abi=hard -mthumb -o "Drivers/STM32H7xx_HAL_Driver/stm32h7xx_hal_hsem.o"
arm-none-eabi-gcc "C:/Users/youse/STM32CubeIDE/workspace_1.18.0/DRC_Workspace/DRC_Rev2_0_DVT_Interposer_Controller/Drivers/STM32H7xx_HAL_Driver/Src/stm32h7xx_hal_i2c.c" -mcpu=cortex-m7 -std=gnu11 -g3 -DDEBUG -DCORE_CM7 -DUSE_HAL_DRIVER -DSTM32H755xx -DUSE_PWR_LDO_SUPPLY -c -I../Core/Inc -I../../Drivers/STM32H7xx_HAL_Driver/Inc -I../../Drivers/STM32H7xx_HAL_Driver/Inc/Legacy -I../../Drivers/CMSIS/Device/ST/STM32H7xx/Include -I../../Drivers/CMSIS/Include -O0 -ffunction-sections -fdata-sections -Wall -fstack-usage -fcyclomatic-complexity -MMD -MP -MF"Drivers/STM32H7xx_HAL_Driver/stm32h7xx_hal_i2c.d" -MT"Drivers/STM32H7xx_HAL_Driver/stm32h7xx_hal_i2c.o" --specs=nano.specs -mfpu=fpv5-d16 -mfloat-abi=hard -mthumb -o "Drivers/STM32H7xx_HAL_Driver/stm32h7xx_hal_i2c.o"
arm-none-eabi-gcc "C:/Users/youse/STM32CubeIDE/workspace_1.18.0/DRC_Workspace/DRC_Rev2_0_DVT_Interposer_Controller/Drivers/STM32H7xx_HAL_Driver/Src/stm32h7xx_hal_i2c_ex.c" -mcpu=cortex-m7 -std=gnu11 -g3 -DDEBUG -DCORE_CM7 -DUSE_HAL_DRIVER -DSTM32H755xx -DUSE_PWR_LDO_SUPPLY -c -I../Core/Inc -I../../Drivers/STM32H7xx_HAL_Driver/Inc -I../../Drivers/STM32H7xx_HAL_Driver/Inc/Legacy -I../../Drivers/CMSIS/Device/ST/STM32H7xx/Include -I../../Drivers/CMSIS/Include -O0 -ffunction-sections -fdata-sections -Wall -fstack-usage -fcyclomatic-complexity -MMD -MP -MF"Drivers/STM32H7xx_HAL_Driver/stm32h7xx_hal_i2c_ex.d" -MT"Drivers/STM32H7xx_HAL_Driver/stm32h7xx_hal_i2c_ex.o" --specs=nano.specs -mfpu=fpv5-d16 -mfloat-abi=hard -mthumb -o "Drivers/STM32H7xx_HAL_Driver/stm32h7xx_hal_i2c_ex.o"
arm-none-eabi-gcc "C:/Users/youse/STM32CubeIDE/workspace_1.18.0/DRC_Workspace/DRC_Rev2_0_DVT_Interposer_Controller/Drivers/STM32H7xx_HAL_Driver/Src/stm32h7xx_hal_mdma.c" -mcpu=cortex-m7 -std=gnu11 -g3 -DDEBUG -DCORE_CM7 -DUSE_HAL_DRIVER -DSTM32H755xx -DUSE_PWR_LDO_SUPPLY -c -I../Core/Inc -I../../Drivers/STM32H7xx_HAL_Driver/Inc -I../../Drivers/STM32H7xx_HAL_Driver/Inc/Legacy -I../../Drivers/CMSIS/Device/ST/STM32H7xx/Include -I../../Drivers/CMSIS/Include -O0 -ffunction-sections -fdata-sections -Wall -fstack-usage -fcyclomatic-complexity -MMD -MP -MF"Drivers/STM32H7xx_HAL_Driver/stm32h7xx_hal_mdma.d" -MT"Drivers/STM32H7xx_HAL_Driver/stm32h7xx_hal_mdma.o" --specs=nano.specs -mfpu=fpv5-d16 -mfloat-abi=hard -mthumb -o "Drivers/STM32H7xx_HAL_Driver/stm32h7xx_hal_mdma.o"
arm-none-eabi-gcc "C:/Users/youse/STM32CubeIDE/workspace_1.18.0/DRC_Workspace/DRC_Rev2_0_DVT_Interposer_Controller/Drivers/STM32H7xx_HAL_Driver/Src/stm32h7xx_hal_pcd.c" -mcpu=cortex-m7 -std=gnu11 -g3 -DDEBUG -DCORE_CM7 -DUSE_HAL_DRIVER -DSTM32H755xx -DUSE_PWR_LDO_SUPPLY -c -I../Core/Inc -I../../Drivers/STM32H7xx_HAL_Driver/Inc -I../../Drivers/STM32H7xx_HAL_Driver/Inc/Legacy -I../../Drivers/CMSIS/Device/ST/STM32H7xx/Include -I../../Drivers/CMSIS/Include -O0 -ffunction-sections -fdata-sections -Wall -fstack-usage -fcyclomatic-complexity -MMD -MP -MF"Drivers/STM32H7xx_HAL_Driver/stm32h7xx_hal_pcd.d" -MT"Drivers/STM32H7xx_HAL_Driver/stm32h7xx_hal_pcd.o" --specs=nano.specs -mfpu=fpv5-d16 -mfloat-abi=hard -mthumb -o "Drivers/STM32H7xx_HAL_Driver/stm32h7xx_hal_pcd.o"
arm-none-eabi-gcc "C:/Users/youse/STM32CubeIDE/workspace_1.18.0/DRC_Workspace/DRC_Rev2_0_DVT_Interposer_Controller/Drivers/STM32H7xx_HAL_Driver/Src/stm32h7xx_hal_pcd_ex.c" -mcpu=cortex-m7 -std=gnu11 -g3 -DDEBUG -DCORE_CM7 -DUSE_HAL_DRIVER -DSTM32H755xx -DUSE_PWR_LDO_SUPPLY -c -I../Core/Inc -I../../Drivers/STM32H7xx_HAL_Driver/Inc -I../../Drivers/STM32H7xx_HAL_Driver/Inc/Legacy -I../../Drivers/CMSIS/Device/ST/STM32H7xx/Include -I../../Drivers/CMSIS/Include -O0 -ffunction-sections -fdata-sections -Wall -fstack-usage -fcyclomatic-complexity -MMD -MP -MF"Drivers/STM32H7xx_HAL_Driver/stm32h7xx_hal_pcd_ex.d" -MT"Drivers/STM32H7xx_HAL_Driver/stm32h7xx_hal_pcd_ex.o" --specs=nano.specs -mfpu=fpv5-d16 -mfloat-abi=hard -mthumb -o "Drivers/STM32H7xx_HAL_Driver/stm32h7xx_hal_pcd_ex.o"
arm-none-eabi-gcc "C:/Users/youse/STM32CubeIDE/workspace_1.18.0/DRC_Workspace/DRC_Rev2_0_DVT_Interposer_Controller/Drivers/STM32H7xx_HAL_Driver/Src/stm32h7xx_hal_pwr.c" -mcpu=cortex-m7 -std=gnu11 -g3 -DDEBUG -DCORE_CM7 -DUSE_HAL_DRIVER -DSTM32H755xx -DUSE_PWR_LDO_SUPPLY -c -I../Core/Inc -I../../Drivers/STM32H7xx_HAL_Driver/Inc -I../../Drivers/STM32H7xx_HAL_Driver/Inc/Legacy -I../../Drivers/CMSIS/Device/ST/STM32H7xx/Include -I../../Drivers/CMSIS/Include -O0 -ffunction-sections -fdata-sections -Wall -fstack-usage -fcyclomatic-complexity -MMD -MP -MF"Drivers/STM32H7xx_HAL_Driver/stm32h7xx_hal_pwr.d" -MT"Drivers/STM32H7xx_HAL_Driver/stm32h7xx_hal_pwr.o" --specs=nano.specs -mfpu=fpv5-d16 -mfloat-abi=hard -mthumb -o "Drivers/STM32H7xx_HAL_Driver/stm32h7xx_hal_pwr.o"
arm-none-eabi-gcc "C:/Users/youse/STM32CubeIDE/workspace_1.18.0/DRC_Workspace/DRC_Rev2_0_DVT_Interposer_Controller/Drivers/STM32H7xx_HAL_Driver/Src/stm32h7xx_hal_pwr_ex.c" -mcpu=cortex-m7 -std=gnu11 -g3 -DDEBUG -DCORE_CM7 -DUSE_HAL_DRIVER -DSTM32H755xx -DUSE_PWR_LDO_SUPPLY -c -I../Core/Inc -I../../Drivers/STM32H7xx_HAL_Driver/Inc -I../../Drivers/STM32H7xx_HAL_Driver/Inc/Legacy -I../../Drivers/CMSIS/Device/ST/STM32H7xx/Include -I../../Drivers/CMSIS/Include -O0 -ffunction-sections -fdata-sections -Wall -fstack-usage -fcyclomatic-complexity -MMD -MP -MF"Drivers/STM32H7xx_HAL_Driver/stm32h7xx_hal_pwr_ex.d" -MT"Drivers/STM32H7xx_HAL_Driver/stm32h7xx_hal_pwr_ex.o" --specs=nano.specs -mfpu=fpv5-d16 -mfloat-abi=hard -mthumb -o "Drivers/STM32H7xx_HAL_Driver/stm32h7xx_hal_pwr_ex.o"
arm-none-eabi-gcc "C:/Users/youse/STM32CubeIDE/workspace_1.18.0/DRC_Workspace/DRC_Rev2_0_DVT_Interposer_Controller/Drivers/STM32H7xx_HAL_Driver/Src/stm32h7xx_hal_rcc.c" -mcpu=cortex-m7 -std=gnu11 -g3 -DDEBUG -DCORE_CM7 -DUSE_HAL_DRIVER -DSTM32H755xx -DUSE_PWR_LDO_SUPPLY -c -I../Core/Inc -I../../Drivers/STM32H7xx_HAL_Driver/Inc -I../../Drivers/STM32H7xx_HAL_Driver/Inc/Legacy -I../../Drivers/CMSIS/Device/ST/STM32H7xx/Include -I../../Drivers/CMSIS/Include -O0 -ffunction-sections -fdata-sections -Wall -fstack-usage -fcyclomatic-complexity -MMD -MP -MF"Drivers/STM32H7xx_HAL_Driver/stm32h7xx_hal_rcc.d" -MT"Drivers/STM32H7xx_HAL_Driver/stm32h7xx_hal_rcc.o" --specs=nano.specs -mfpu=fpv5-d16 -mfloat-abi=hard -mthumb -o "Drivers/STM32H7xx_HAL_Driver/stm32h7xx_hal_rcc.o"
arm-none-eabi-gcc "C:/Users/youse/STM32CubeIDE/workspace_1.18.0/DRC_Workspace/DRC_Rev2_0_DVT_Interposer_Controller/Drivers/STM32H7xx_HAL_Driver/Src/stm32h7xx_hal_rcc_ex.c" -mcpu=cortex-m7 -std=gnu11 -g3 -DDEBUG -DCORE_CM7 -DUSE_HAL_DRIVER -DSTM32H755xx -DUSE_PWR_LDO_SUPPLY -c -I../Core/Inc -I../../Drivers/STM32H7xx_HAL_Driver/Inc -I../../Drivers/STM32H7xx_HAL_Driver/Inc/Legacy -I../../Drivers/CMSIS/Device/ST/STM32H7xx/Include -I../../Drivers/CMSIS/Include -O0 -ffunction-sections -fdata-sections -Wall -fstack-usage -fcyclomatic-complexity -MMD -MP -MF"Drivers/STM32H7xx_HAL_Driver/stm32h7xx_hal_rcc_ex.d" -MT"Drivers/STM32H7xx_HAL_Driver/stm32h7xx_hal_rcc_ex.o" --specs=nano.specs -mfpu=fpv5-d16 -mfloat-abi=hard -mthumb -o "Drivers/STM32H7xx_HAL_Driver/stm32h7xx_hal_rcc_ex.o"
arm-none-eabi-gcc "C:/Users/youse/STM32CubeIDE/workspace_1.18.0/DRC_Workspace/DRC_Rev2_0_DVT_Interposer_Controller/Drivers/STM32H7xx_HAL_Driver/Src/stm32h7xx_hal_spi.c" -mcpu=cortex-m7 -std=gnu11 -g3 -DDEBUG -DCORE_CM7 -DUSE_HAL_DRIVER -DSTM32H755xx -DUSE_PWR_LDO_SUPPLY -c -I../Core/Inc -I../../Drivers/STM32H7xx_HAL_Driver/Inc -I../../Drivers/STM32H7xx_HAL_Driver/Inc/Legacy -I../../Drivers/CMSIS/Device/ST/STM32H7xx/Include -I../../Drivers/CMSIS/Include -O0 -ffunction-sections -fdata-sections -Wall -fstack-usage -fcyclomatic-complexity -MMD -MP -MF"Drivers/STM32H7xx_HAL_Driver/stm32h7xx_hal_spi.d" -MT"Drivers/STM32H7xx_HAL_Driver/stm32h7xx_hal_spi.o" --specs=nano.specs -mfpu=fpv5-d16 -mfloat-abi=hard -mthumb -o "Drivers/STM32H7xx_HAL_Driver/stm32h7xx_hal_spi.o"
arm-none-eabi-gcc "C:/Users/youse/STM32CubeIDE/workspace_1.18.0/DRC_Workspace/DRC_Rev2_0_DVT_Interposer_Controller/Drivers/STM32H7xx_HAL_Driver/Src/stm32h7xx_hal_spi_ex.c" -mcpu=cortex-m7 -std=gnu11 -g3 -DDEBUG -DCORE_CM7 -DUSE_HAL_DRIVER -DSTM32H755xx -DUSE_PWR_LDO_SUPPLY -c -I../Core/Inc -I../../Drivers/STM32H7xx_HAL_Driver/Inc -I../../Drivers/STM32H7xx_HAL_Driver/Inc/Legacy -I../../Drivers/CMSIS/Device/ST/STM32H7xx/Include -I../../Drivers/CMSIS/Include -O0 -ffunction-sections -fdata-sections -Wall -fstack-usage -fcyclomatic-complexity -MMD -MP -MF"Drivers/STM32H7xx_HAL_Driver/stm32h7xx_hal_spi_ex.d" -MT"Drivers/STM32H7xx_HAL_Driver/stm32h7xx_hal_spi_ex.o" --specs=nano.specs -mfpu=fpv5-d16 -mfloat-abi=hard -mthumb -o "Drivers/STM32H7xx_HAL_Driver/stm32h7xx_hal_spi_ex.o"
arm-none-eabi-gcc "C:/Users/youse/STM32CubeIDE/workspace_1.18.0/DRC_Workspace/DRC_Rev2_0_DVT_Interposer_Controller/Drivers/STM32H7xx_HAL_Driver/Src/stm32h7xx_hal_uart.c" -mcpu=cortex-m7 -std=gnu11 -g3 -DDEBUG -DCORE_CM7 -DUSE_HAL_DRIVER -DSTM32H755xx -DUSE_PWR_LDO_SUPPLY -c -I../Core/Inc -I../../Drivers/STM32H7xx_HAL_Driver/Inc -I../../Drivers/STM32H7xx_HAL_Driver/Inc/Legacy -I../../Drivers/CMSIS/Device/ST/STM32H7xx/Include -I../../Drivers/CMSIS/Include -O0 -ffunction-sections -fdata-sections -Wall -fstack-usage -fcyclomatic-complexity -MMD -MP -MF"Drivers/STM32H7xx_HAL_Driver/stm32h7xx_hal_uart.d" -MT"Drivers/STM32H7xx_HAL_Driver/stm32h7xx_hal_uart.o" --specs=nano.specs -mfpu=fpv5-d16 -mfloat-abi=hard -mthumb -o "Drivers/STM32H7xx_HAL_Driver/stm32h7xx_hal_uart.o"
arm-none-eabi-gcc "C:/Users/youse/STM32CubeIDE/workspace_1.18.0/DRC_Workspace/DRC_Rev2_0_DVT_Interposer_Controller/Drivers/STM32H7xx_HAL_Driver/Src/stm32h7xx_hal_uart_ex.c" -mcpu=cortex-m7 -std=gnu11 -g3 -DDEBUG -DCORE_CM7 -DUSE_HAL_DRIVER -DSTM32H755xx -DUSE_PWR_LDO_SUPPLY -c -I../Core/Inc -I../../Drivers/STM32H7xx_HAL_Driver/Inc -I../../Drivers/STM32H7xx_HAL_Driver/Inc/Legacy -I../../Drivers/CMSIS/Device/ST/STM32H7xx/Include -I../../Drivers/CMSIS/Include -O0 -ffunction-sections -fdata-sections -Wall -fstack-usage -fcyclomatic-complexity -MMD -MP -MF"Drivers/STM32H7xx_HAL_Driver/stm32h7xx_hal_uart_ex.d" -MT"Drivers/STM32H7xx_HAL_Driver/stm32h7xx_hal_uart_ex.o" --specs=nano.specs -mfpu=fpv5-d16 -mfloat-abi=hard -mthumb -o "Drivers/STM32H7xx_HAL_Driver/stm32h7xx_hal_uart_ex.o"
arm-none-eabi-gcc "C:/Users/youse/STM32CubeIDE/workspace_1.18.0/DRC_Workspace/DRC_Rev2_0_DVT_Interposer_Controller/Drivers/STM32H7xx_HAL_Driver/Src/stm32h7xx_ll_usb.c" -mcpu=cortex-m7 -std=gnu11 -g3 -DDEBUG -DCORE_CM7 -DUSE_HAL_DRIVER -DSTM32H755xx -DUSE_PWR_LDO_SUPPLY -c -I../Core/Inc -I../../Drivers/STM32H7xx_HAL_Driver/Inc -I../../Drivers/STM32H7xx_HAL_Driver/Inc/Legacy -I../../Drivers/CMSIS/Device/ST/STM32H7xx/Include -I../../Drivers/CMSIS/Include -O0 -ffunction-sections -fdata-sections -Wall -fstack-usage -fcyclomatic-complexity -MMD -MP -MF"Drivers/STM32H7xx_HAL_Driver/stm32h7xx_ll_usb.d" -MT"Drivers/STM32H7xx_HAL_Driver/stm32h7xx_ll_usb.o" --specs=nano.specs -mfpu=fpv5-d16 -mfloat-abi=hard -mthumb -o "Drivers/STM32H7xx_HAL_Driver/stm32h7xx_ll_usb.o"
arm-none-eabi-gcc -mcpu=cortex-m7 -g3 -DDEBUG -c -x assembler-with-cpp -MMD -MP -MF"Core/Startup/startup_stm32h755zitx.d" -MT"Core/Startup/startup_stm32h755zitx.o" --specs=nano.specs -mfpu=fpv5-d16 -mfloat-abi=hard -mthumb -o "Core/Startup/startup_stm32h755zitx.o" "../Core/Startup/startup_stm32h755zitx.s"
arm-none-eabi-gcc "../Core/Src/main.c" -mcpu=cortex-m7 -std=gnu11 -g3 -DDEBUG -DCORE_CM7 -DUSE_HAL_DRIVER -DSTM32H755xx -DUSE_PWR_LDO_SUPPLY -c -I../Core/Inc -I../../Drivers/STM32H7xx_HAL_Driver/Inc -I../../Drivers/STM32H7xx_HAL_Driver/Inc/Legacy -I../../Drivers/CMSIS/Device/ST/STM32H7xx/Include -I../../Drivers/CMSIS/Include -O0 -ffunction-sections -fdata-sections -Wall -fstack-usage -fcyclomatic-complexity -MMD -MP -MF"Core/Src/main.d" -MT"Core/Src/main.o" --specs=nano.specs -mfpu=fpv5-d16 -mfloat-abi=hard -mthumb -o "Core/Src/main.o"
arm-none-eabi-gcc "../Core/Src/stm32h7xx_hal_msp.c" -mcpu=cortex-m7 -std=gnu11 -g3 -DDEBUG -DCORE_CM7 -DUSE_HAL_DRIVER -DSTM32H755xx -DUSE_PWR_LDO_SUPPLY -c -I../Core/Inc -I../../Drivers/STM32H7xx_HAL_Driver/Inc -I../../Drivers/STM32H7xx_HAL_Driver/Inc/Legacy -I../../Drivers/CMSIS/Device/ST/STM32H7xx/Include -I../../Drivers/CMSIS/Include -O0 -ffunction-sections -fdata-sections -Wall -fstack-usage -fcyclomatic-complexity -MMD -MP -MF"Core/Src/stm32h7xx_hal_msp.d" -MT"Core/Src/stm32h7xx_hal_msp.o" --specs=nano.specs -mfpu=fpv5-d16 -mfloat-abi=hard -mthumb -o "Core/Src/stm32h7xx_hal_msp.o"
arm-none-eabi-gcc "../Core/Src/stm32h7xx_it.c" -mcpu=cortex-m7 -std=gnu11 -g3 -DDEBUG -DCORE_CM7 -DUSE_HAL_DRIVER -DSTM32H755xx -DUSE_PWR_LDO_SUPPLY -c -I../Core/Inc -I../../Drivers/STM32H7xx_HAL_Driver/Inc -I../../Drivers/STM32H7xx_HAL_Driver/Inc/Legacy -I../../Drivers/CMSIS/Device/ST/STM32H7xx/Include -I../../Drivers/CMSIS/Include -O0 -ffunction-sections -fdata-sections -Wall -fstack-usage -fcyclomatic-complexity -MMD -MP -MF"Core/Src/stm32h7xx_it.d" -MT"Core/Src/stm32h7xx_it.o" --specs=nano.specs -mfpu=fpv5-d16 -mfloat-abi=hard -mthumb -o "Core/Src/stm32h7xx_it.o"
arm-none-eabi-gcc "../Core/Src/syscalls.c" -mcpu=cortex-m7 -std=gnu11 -g3 -DDEBUG -DCORE_CM7 -DUSE_HAL_DRIVER -DSTM32H755xx -DUSE_PWR_LDO_SUPPLY -c -I../Core/Inc -I../../Drivers/STM32H7xx_HAL_Driver/Inc -I../../Drivers/STM32H7xx_HAL_Driver/Inc/Legacy -I../../Drivers/CMSIS/Device/ST/STM32H7xx/Include -I../../Drivers/CMSIS/Include -O0 -ffunction-sections -fdata-sections -Wall -fstack-usage -fcyclomatic-complexity -MMD -MP -MF"Core/Src/syscalls.d" -MT"Core/Src/syscalls.o" --specs=nano.specs -mfpu=fpv5-d16 -mfloat-abi=hard -mthumb -o "Core/Src/syscalls.o"
arm-none-eabi-gcc "../Core/Src/sysmem.c" -mcpu=cortex-m7 -std=gnu11 -g3 -DDEBUG -DCORE_CM7 -DUSE_HAL_DRIVER -DSTM32H755xx -DUSE_PWR_LDO_SUPPLY -c -I../Core/Inc -I../../Drivers/STM32H7xx_HAL_Driver/Inc -I../../Drivers/STM32H7xx_HAL_Driver/Inc/Legacy -I../../Drivers/CMSIS/Device/ST/STM32H7xx/Include -I../../Drivers/CMSIS/Include -O0 -ffunction-sections -fdata-sections -Wall -fstack-usage -fcyclomatic-complexity -MMD -MP -MF"Core/Src/sysmem.d" -MT"Core/Src/sysmem.o" --specs=nano.specs -mfpu=fpv5-d16 -mfloat-abi=hard -mthumb -o "Core/Src/sysmem.o"
arm-none-eabi-gcc "C:/Users/youse/STM32CubeIDE/workspace_1.18.0/DRC_Workspace/DRC_Rev2_0_DVT_Interposer_Controller/Common/Src/system_stm32h7xx_dualcore_boot_cm4_cm7.c" -mcpu=cortex-m7 -std=gnu11 -g3 -DDEBUG -DCORE_CM7 -DUSE_HAL_DRIVER -DSTM32H755xx -DUSE_PWR_LDO_SUPPLY -c -I../Core/Inc -I../../Drivers/STM32H7xx_HAL_Driver/Inc -I../../Drivers/STM32H7xx_HAL_Driver/Inc/Legacy -I../../Drivers/CMSIS/Device/ST/STM32H7xx/Include -I../../Drivers/CMSIS/Include -O0 -ffunction-sections -fdata-sections -Wall -fstack-usage -fcyclomatic-complexity -MMD -MP -MF"Common/Src/system_stm32h7xx_dualcore_boot_cm4_cm7.d" -MT"Common/Src/system_stm32h7xx_dualcore_boot_cm4_cm7.o" --specs=nano.specs -mfpu=fpv5-d16 -mfloat-abi=hard -mthumb -o "Common/Src/system_stm32h7xx_dualcore_boot_cm4_cm7.o"
../Core/Src/main.c:41:9: error: unknown type name 'bool'
   41 |         bool                    has_SPDT;     //true if pin on DRC is multifunctional; false otherwise
      |         ^~~~
../Core/Src/main.c:117:57: error: 'true' undeclared here (not in a function)
  117 |                         PIN2  = {1, GPIOD, GPIO_PIN_3 , true, 0x000002 /*21*/, 0x010000 /*0*/, LED_DAC_MODE},
      |                                                         ^~~~
../Core/Src/main.c:21:1: note: 'true' is defined in header '<stdbool.h>'; did you forget to '#include <stdbool.h>'?
   20 | #include "main.h"
  +++ |+#include <stdbool.h>
   21 | 
../Core/Src/main.c:119:57: error: 'false' undeclared here (not in a function)
  119 |                         PIN4  = {1, GPIOC, GPIO_PIN_12, false},
      |                                                         ^~~~~
../Core/Src/main.c:119:57: note: 'false' is defined in header '<stdbool.h>'; did you forget to '#include <stdbool.h>'?
../Core/Src/main.c: In function 'SPIIOEXP_SetModes':
../Core/Src/main.c:410:17: warning: unused variable 'newPortB_State' [-Wunused-variable]
  410 |         uint8_t newPortB_State = (currentPortB_State & ~(mask & 0xFF)) | (mode & mask & 0xFF);
      |                 ^~~~~~~~~~~~~~
../Core/Src/main.c:409:17: warning: unused variable 'newPortA_State' [-Wunused-variable]
  409 |         uint8_t newPortA_State = (currentPortA_State & ~((mask >> 8) & 0xFF)) | ((mode >> 8) & (mask >> 8) & 0xFF);
      |                 ^~~~~~~~~~~~~~
../Core/Src/main.c: In function 'SPIIOEXP_ReadPins':
../Core/Src/main.c:424:9: warning: 'return' with no value, in function returning non-void [-Wreturn-type]
  424 |         return;
      |         ^~~~~~
../Core/Src/main.c:423:10: note: declared here
  423 | uint16_t SPIIOEXP_ReadPins(SPIIOEXP_t* SPIEXP){
      |          ^~~~~~~~~~~~~~~~~
make: *** [Core/Src/subdir.mk:31: Core/Src/main.o] Error 1
make: *** Waiting for unfinished jobs....
"make -j32 all" terminated with exit code 2. Build might be incomplete.
22:57:49 **** Build of configuration Debug for project DRC_Rev2_0_DVT_Interposer_Controller_CM4 ****
make -j32 all 
arm-none-eabi-gcc "C:/Users/youse/STM32CubeIDE/workspace_1.18.0/DRC_Workspace/DRC_Rev2_0_DVT_Interposer_Controller/Drivers/STM32H7xx_HAL_Driver/Src/stm32h7xx_hal.c" -mcpu=cortex-m4 -std=gnu11 -g3 -DDEBUG -DCORE_CM4 -DUSE_HAL_DRIVER -DSTM32H755xx -DUSE_PWR_LDO_SUPPLY -c -I../Core/Inc -I../../Drivers/STM32H7xx_HAL_Driver/Inc -I../../Drivers/STM32H7xx_HAL_Driver/Inc/Legacy -I../../Drivers/CMSIS/Device/ST/STM32H7xx/Include -I../../Drivers/CMSIS/Include -O0 -ffunction-sections -fdata-sections -Wall -fstack-usage -fcyclomatic-complexity -MMD -MP -MF"Drivers/STM32H7xx_HAL_Driver/stm32h7xx_hal.d" -MT"Drivers/STM32H7xx_HAL_Driver/stm32h7xx_hal.o" --specs=nano.specs -mfpu=fpv4-sp-d16 -mfloat-abi=hard -mthumb -o "Drivers/STM32H7xx_HAL_Driver/stm32h7xx_hal.o"
arm-none-eabi-gcc "C:/Users/youse/STM32CubeIDE/workspace_1.18.0/DRC_Workspace/DRC_Rev2_0_DVT_Interposer_Controller/Drivers/STM32H7xx_HAL_Driver/Src/stm32h7xx_hal_cortex.c" -mcpu=cortex-m4 -std=gnu11 -g3 -DDEBUG -DCORE_CM4 -DUSE_HAL_DRIVER -DSTM32H755xx -DUSE_PWR_LDO_SUPPLY -c -I../Core/Inc -I../../Drivers/STM32H7xx_HAL_Driver/Inc -I../../Drivers/STM32H7xx_HAL_Driver/Inc/Legacy -I../../Drivers/CMSIS/Device/ST/STM32H7xx/Include -I../../Drivers/CMSIS/Include -O0 -ffunction-sections -fdata-sections -Wall -fstack-usage -fcyclomatic-complexity -MMD -MP -MF"Drivers/STM32H7xx_HAL_Driver/stm32h7xx_hal_cortex.d" -MT"Drivers/STM32H7xx_HAL_Driver/stm32h7xx_hal_cortex.o" --specs=nano.specs -mfpu=fpv4-sp-d16 -mfloat-abi=hard -mthumb -o "Drivers/STM32H7xx_HAL_Driver/stm32h7xx_hal_cortex.o"
arm-none-eabi-gcc "C:/Users/youse/STM32CubeIDE/workspace_1.18.0/DRC_Workspace/DRC_Rev2_0_DVT_Interposer_Controller/Drivers/STM32H7xx_HAL_Driver/Src/stm32h7xx_hal_dma.c" -mcpu=cortex-m4 -std=gnu11 -g3 -DDEBUG -DCORE_CM4 -DUSE_HAL_DRIVER -DSTM32H755xx -DUSE_PWR_LDO_SUPPLY -c -I../Core/Inc -I../../Drivers/STM32H7xx_HAL_Driver/Inc -I../../Drivers/STM32H7xx_HAL_Driver/Inc/Legacy -I../../Drivers/CMSIS/Device/ST/STM32H7xx/Include -I../../Drivers/CMSIS/Include -O0 -ffunction-sections -fdata-sections -Wall -fstack-usage -fcyclomatic-complexity -MMD -MP -MF"Drivers/STM32H7xx_HAL_Driver/stm32h7xx_hal_dma.d" -MT"Drivers/STM32H7xx_HAL_Driver/stm32h7xx_hal_dma.o" --specs=nano.specs -mfpu=fpv4-sp-d16 -mfloat-abi=hard -mthumb -o "Drivers/STM32H7xx_HAL_Driver/stm32h7xx_hal_dma.o"
arm-none-eabi-gcc "C:/Users/youse/STM32CubeIDE/workspace_1.18.0/DRC_Workspace/DRC_Rev2_0_DVT_Interposer_Controller/Drivers/STM32H7xx_HAL_Driver/Src/stm32h7xx_hal_dma_ex.c" -mcpu=cortex-m4 -std=gnu11 -g3 -DDEBUG -DCORE_CM4 -DUSE_HAL_DRIVER -DSTM32H755xx -DUSE_PWR_LDO_SUPPLY -c -I../Core/Inc -I../../Drivers/STM32H7xx_HAL_Driver/Inc -I../../Drivers/STM32H7xx_HAL_Driver/Inc/Legacy -I../../Drivers/CMSIS/Device/ST/STM32H7xx/Include -I../../Drivers/CMSIS/Include -O0 -ffunction-sections -fdata-sections -Wall -fstack-usage -fcyclomatic-complexity -MMD -MP -MF"Drivers/STM32H7xx_HAL_Driver/stm32h7xx_hal_dma_ex.d" -MT"Drivers/STM32H7xx_HAL_Driver/stm32h7xx_hal_dma_ex.o" --specs=nano.specs -mfpu=fpv4-sp-d16 -mfloat-abi=hard -mthumb -o "Drivers/STM32H7xx_HAL_Driver/stm32h7xx_hal_dma_ex.o"
arm-none-eabi-gcc "C:/Users/youse/STM32CubeIDE/workspace_1.18.0/DRC_Workspace/DRC_Rev2_0_DVT_Interposer_Controller/Drivers/STM32H7xx_HAL_Driver/Src/stm32h7xx_hal_exti.c" -mcpu=cortex-m4 -std=gnu11 -g3 -DDEBUG -DCORE_CM4 -DUSE_HAL_DRIVER -DSTM32H755xx -DUSE_PWR_LDO_SUPPLY -c -I../Core/Inc -I../../Drivers/STM32H7xx_HAL_Driver/Inc -I../../Drivers/STM32H7xx_HAL_Driver/Inc/Legacy -I../../Drivers/CMSIS/Device/ST/STM32H7xx/Include -I../../Drivers/CMSIS/Include -O0 -ffunction-sections -fdata-sections -Wall -fstack-usage -fcyclomatic-complexity -MMD -MP -MF"Drivers/STM32H7xx_HAL_Driver/stm32h7xx_hal_exti.d" -MT"Drivers/STM32H7xx_HAL_Driver/stm32h7xx_hal_exti.o" --specs=nano.specs -mfpu=fpv4-sp-d16 -mfloat-abi=hard -mthumb -o "Drivers/STM32H7xx_HAL_Driver/stm32h7xx_hal_exti.o"
arm-none-eabi-gcc "C:/Users/youse/STM32CubeIDE/workspace_1.18.0/DRC_Workspace/DRC_Rev2_0_DVT_Interposer_Controller/Drivers/STM32H7xx_HAL_Driver/Src/stm32h7xx_hal_flash.c" -mcpu=cortex-m4 -std=gnu11 -g3 -DDEBUG -DCORE_CM4 -DUSE_HAL_DRIVER -DSTM32H755xx -DUSE_PWR_LDO_SUPPLY -c -I../Core/Inc -I../../Drivers/STM32H7xx_HAL_Driver/Inc -I../../Drivers/STM32H7xx_HAL_Driver/Inc/Legacy -I../../Drivers/CMSIS/Device/ST/STM32H7xx/Include -I../../Drivers/CMSIS/Include -O0 -ffunction-sections -fdata-sections -Wall -fstack-usage -fcyclomatic-complexity -MMD -MP -MF"Drivers/STM32H7xx_HAL_Driver/stm32h7xx_hal_flash.d" -MT"Drivers/STM32H7xx_HAL_Driver/stm32h7xx_hal_flash.o" --specs=nano.specs -mfpu=fpv4-sp-d16 -mfloat-abi=hard -mthumb -o "Drivers/STM32H7xx_HAL_Driver/stm32h7xx_hal_flash.o"
arm-none-eabi-gcc "C:/Users/youse/STM32CubeIDE/workspace_1.18.0/DRC_Workspace/DRC_Rev2_0_DVT_Interposer_Controller/Drivers/STM32H7xx_HAL_Driver/Src/stm32h7xx_hal_flash_ex.c" -mcpu=cortex-m4 -std=gnu11 -g3 -DDEBUG -DCORE_CM4 -DUSE_HAL_DRIVER -DSTM32H755xx -DUSE_PWR_LDO_SUPPLY -c -I../Core/Inc -I../../Drivers/STM32H7xx_HAL_Driver/Inc -I../../Drivers/STM32H7xx_HAL_Driver/Inc/Legacy -I../../Drivers/CMSIS/Device/ST/STM32H7xx/Include -I../../Drivers/CMSIS/Include -O0 -ffunction-sections -fdata-sections -Wall -fstack-usage -fcyclomatic-complexity -MMD -MP -MF"Drivers/STM32H7xx_HAL_Driver/stm32h7xx_hal_flash_ex.d" -MT"Drivers/STM32H7xx_HAL_Driver/stm32h7xx_hal_flash_ex.o" --specs=nano.specs -mfpu=fpv4-sp-d16 -mfloat-abi=hard -mthumb -o "Drivers/STM32H7xx_HAL_Driver/stm32h7xx_hal_flash_ex.o"
arm-none-eabi-gcc "C:/Users/youse/STM32CubeIDE/workspace_1.18.0/DRC_Workspace/DRC_Rev2_0_DVT_Interposer_Controller/Drivers/STM32H7xx_HAL_Driver/Src/stm32h7xx_hal_gpio.c" -mcpu=cortex-m4 -std=gnu11 -g3 -DDEBUG -DCORE_CM4 -DUSE_HAL_DRIVER -DSTM32H755xx -DUSE_PWR_LDO_SUPPLY -c -I../Core/Inc -I../../Drivers/STM32H7xx_HAL_Driver/Inc -I../../Drivers/STM32H7xx_HAL_Driver/Inc/Legacy -I../../Drivers/CMSIS/Device/ST/STM32H7xx/Include -I../../Drivers/CMSIS/Include -O0 -ffunction-sections -fdata-sections -Wall -fstack-usage -fcyclomatic-complexity -MMD -MP -MF"Drivers/STM32H7xx_HAL_Driver/stm32h7xx_hal_gpio.d" -MT"Drivers/STM32H7xx_HAL_Driver/stm32h7xx_hal_gpio.o" --specs=nano.specs -mfpu=fpv4-sp-d16 -mfloat-abi=hard -mthumb -o "Drivers/STM32H7xx_HAL_Driver/stm32h7xx_hal_gpio.o"
arm-none-eabi-gcc "C:/Users/youse/STM32CubeIDE/workspace_1.18.0/DRC_Workspace/DRC_Rev2_0_DVT_Interposer_Controller/Drivers/STM32H7xx_HAL_Driver/Src/stm32h7xx_hal_hsem.c" -mcpu=cortex-m4 -std=gnu11 -g3 -DDEBUG -DCORE_CM4 -DUSE_HAL_DRIVER -DSTM32H755xx -DUSE_PWR_LDO_SUPPLY -c -I../Core/Inc -I../../Drivers/STM32H7xx_HAL_Driver/Inc -I../../Drivers/STM32H7xx_HAL_Driver/Inc/Legacy -I../../Drivers/CMSIS/Device/ST/STM32H7xx/Include -I../../Drivers/CMSIS/Include -O0 -ffunction-sections -fdata-sections -Wall -fstack-usage -fcyclomatic-complexity -MMD -MP -MF"Drivers/STM32H7xx_HAL_Driver/stm32h7xx_hal_hsem.d" -MT"Drivers/STM32H7xx_HAL_Driver/stm32h7xx_hal_hsem.o" --specs=nano.specs -mfpu=fpv4-sp-d16 -mfloat-abi=hard -mthumb -o "Drivers/STM32H7xx_HAL_Driver/stm32h7xx_hal_hsem.o"
arm-none-eabi-gcc "C:/Users/youse/STM32CubeIDE/workspace_1.18.0/DRC_Workspace/DRC_Rev2_0_DVT_Interposer_Controller/Drivers/STM32H7xx_HAL_Driver/Src/stm32h7xx_hal_i2c.c" -mcpu=cortex-m4 -std=gnu11 -g3 -DDEBUG -DCORE_CM4 -DUSE_HAL_DRIVER -DSTM32H755xx -DUSE_PWR_LDO_SUPPLY -c -I../Core/Inc -I../../Drivers/STM32H7xx_HAL_Driver/Inc -I../../Drivers/STM32H7xx_HAL_Driver/Inc/Legacy -I../../Drivers/CMSIS/Device/ST/STM32H7xx/Include -I../../Drivers/CMSIS/Include -O0 -ffunction-sections -fdata-sections -Wall -fstack-usage -fcyclomatic-complexity -MMD -MP -MF"Drivers/STM32H7xx_HAL_Driver/stm32h7xx_hal_i2c.d" -MT"Drivers/STM32H7xx_HAL_Driver/stm32h7xx_hal_i2c.o" --specs=nano.specs -mfpu=fpv4-sp-d16 -mfloat-abi=hard -mthumb -o "Drivers/STM32H7xx_HAL_Driver/stm32h7xx_hal_i2c.o"
arm-none-eabi-gcc "C:/Users/youse/STM32CubeIDE/workspace_1.18.0/DRC_Workspace/DRC_Rev2_0_DVT_Interposer_Controller/Drivers/STM32H7xx_HAL_Driver/Src/stm32h7xx_hal_i2c_ex.c" -mcpu=cortex-m4 -std=gnu11 -g3 -DDEBUG -DCORE_CM4 -DUSE_HAL_DRIVER -DSTM32H755xx -DUSE_PWR_LDO_SUPPLY -c -I../Core/Inc -I../../Drivers/STM32H7xx_HAL_Driver/Inc -I../../Drivers/STM32H7xx_HAL_Driver/Inc/Legacy -I../../Drivers/CMSIS/Device/ST/STM32H7xx/Include -I../../Drivers/CMSIS/Include -O0 -ffunction-sections -fdata-sections -Wall -fstack-usage -fcyclomatic-complexity -MMD -MP -MF"Drivers/STM32H7xx_HAL_Driver/stm32h7xx_hal_i2c_ex.d" -MT"Drivers/STM32H7xx_HAL_Driver/stm32h7xx_hal_i2c_ex.o" --specs=nano.specs -mfpu=fpv4-sp-d16 -mfloat-abi=hard -mthumb -o "Drivers/STM32H7xx_HAL_Driver/stm32h7xx_hal_i2c_ex.o"
arm-none-eabi-gcc "C:/Users/youse/STM32CubeIDE/workspace_1.18.0/DRC_Workspace/DRC_Rev2_0_DVT_Interposer_Controller/Drivers/STM32H7xx_HAL_Driver/Src/stm32h7xx_hal_mdma.c" -mcpu=cortex-m4 -std=gnu11 -g3 -DDEBUG -DCORE_CM4 -DUSE_HAL_DRIVER -DSTM32H755xx -DUSE_PWR_LDO_SUPPLY -c -I../Core/Inc -I../../Drivers/STM32H7xx_HAL_Driver/Inc -I../../Drivers/STM32H7xx_HAL_Driver/Inc/Legacy -I../../Drivers/CMSIS/Device/ST/STM32H7xx/Include -I../../Drivers/CMSIS/Include -O0 -ffunction-sections -fdata-sections -Wall -fstack-usage -fcyclomatic-complexity -MMD -MP -MF"Drivers/STM32H7xx_HAL_Driver/stm32h7xx_hal_mdma.d" -MT"Drivers/STM32H7xx_HAL_Driver/stm32h7xx_hal_mdma.o" --specs=nano.specs -mfpu=fpv4-sp-d16 -mfloat-abi=hard -mthumb -o "Drivers/STM32H7xx_HAL_Driver/stm32h7xx_hal_mdma.o"
arm-none-eabi-gcc "C:/Users/youse/STM32CubeIDE/workspace_1.18.0/DRC_Workspace/DRC_Rev2_0_DVT_Interposer_Controller/Drivers/STM32H7xx_HAL_Driver/Src/stm32h7xx_hal_pwr.c" -mcpu=cortex-m4 -std=gnu11 -g3 -DDEBUG -DCORE_CM4 -DUSE_HAL_DRIVER -DSTM32H755xx -DUSE_PWR_LDO_SUPPLY -c -I../Core/Inc -I../../Drivers/STM32H7xx_HAL_Driver/Inc -I../../Drivers/STM32H7xx_HAL_Driver/Inc/Legacy -I../../Drivers/CMSIS/Device/ST/STM32H7xx/Include -I../../Drivers/CMSIS/Include -O0 -ffunction-sections -fdata-sections -Wall -fstack-usage -fcyclomatic-complexity -MMD -MP -MF"Drivers/STM32H7xx_HAL_Driver/stm32h7xx_hal_pwr.d" -MT"Drivers/STM32H7xx_HAL_Driver/stm32h7xx_hal_pwr.o" --specs=nano.specs -mfpu=fpv4-sp-d16 -mfloat-abi=hard -mthumb -o "Drivers/STM32H7xx_HAL_Driver/stm32h7xx_hal_pwr.o"
arm-none-eabi-gcc "C:/Users/youse/STM32CubeIDE/workspace_1.18.0/DRC_Workspace/DRC_Rev2_0_DVT_Interposer_Controller/Drivers/STM32H7xx_HAL_Driver/Src/stm32h7xx_hal_pwr_ex.c" -mcpu=cortex-m4 -std=gnu11 -g3 -DDEBUG -DCORE_CM4 -DUSE_HAL_DRIVER -DSTM32H755xx -DUSE_PWR_LDO_SUPPLY -c -I../Core/Inc -I../../Drivers/STM32H7xx_HAL_Driver/Inc -I../../Drivers/STM32H7xx_HAL_Driver/Inc/Legacy -I../../Drivers/CMSIS/Device/ST/STM32H7xx/Include -I../../Drivers/CMSIS/Include -O0 -ffunction-sections -fdata-sections -Wall -fstack-usage -fcyclomatic-complexity -MMD -MP -MF"Drivers/STM32H7xx_HAL_Driver/stm32h7xx_hal_pwr_ex.d" -MT"Drivers/STM32H7xx_HAL_Driver/stm32h7xx_hal_pwr_ex.o" --specs=nano.specs -mfpu=fpv4-sp-d16 -mfloat-abi=hard -mthumb -o "Drivers/STM32H7xx_HAL_Driver/stm32h7xx_hal_pwr_ex.o"
arm-none-eabi-gcc "C:/Users/youse/STM32CubeIDE/workspace_1.18.0/DRC_Workspace/DRC_Rev2_0_DVT_Interposer_Controller/Drivers/STM32H7xx_HAL_Driver/Src/stm32h7xx_hal_rcc.c" -mcpu=cortex-m4 -std=gnu11 -g3 -DDEBUG -DCORE_CM4 -DUSE_HAL_DRIVER -DSTM32H755xx -DUSE_PWR_LDO_SUPPLY -c -I../Core/Inc -I../../Drivers/STM32H7xx_HAL_Driver/Inc -I../../Drivers/STM32H7xx_HAL_Driver/Inc/Legacy -I../../Drivers/CMSIS/Device/ST/STM32H7xx/Include -I../../Drivers/CMSIS/Include -O0 -ffunction-sections -fdata-sections -Wall -fstack-usage -fcyclomatic-complexity -MMD -MP -MF"Drivers/STM32H7xx_HAL_Driver/stm32h7xx_hal_rcc.d" -MT"Drivers/STM32H7xx_HAL_Driver/stm32h7xx_hal_rcc.o" --specs=nano.specs -mfpu=fpv4-sp-d16 -mfloat-abi=hard -mthumb -o "Drivers/STM32H7xx_HAL_Driver/stm32h7xx_hal_rcc.o"
arm-none-eabi-gcc "C:/Users/youse/STM32CubeIDE/workspace_1.18.0/DRC_Workspace/DRC_Rev2_0_DVT_Interposer_Controller/Drivers/STM32H7xx_HAL_Driver/Src/stm32h7xx_hal_rcc_ex.c" -mcpu=cortex-m4 -std=gnu11 -g3 -DDEBUG -DCORE_CM4 -DUSE_HAL_DRIVER -DSTM32H755xx -DUSE_PWR_LDO_SUPPLY -c -I../Core/Inc -I../../Drivers/STM32H7xx_HAL_Driver/Inc -I../../Drivers/STM32H7xx_HAL_Driver/Inc/Legacy -I../../Drivers/CMSIS/Device/ST/STM32H7xx/Include -I../../Drivers/CMSIS/Include -O0 -ffunction-sections -fdata-sections -Wall -fstack-usage -fcyclomatic-complexity -MMD -MP -MF"Drivers/STM32H7xx_HAL_Driver/stm32h7xx_hal_rcc_ex.d" -MT"Drivers/STM32H7xx_HAL_Driver/stm32h7xx_hal_rcc_ex.o" --specs=nano.specs -mfpu=fpv4-sp-d16 -mfloat-abi=hard -mthumb -o "Drivers/STM32H7xx_HAL_Driver/stm32h7xx_hal_rcc_ex.o"
arm-none-eabi-gcc -mcpu=cortex-m4 -g3 -DDEBUG -c -x assembler-with-cpp -MMD -MP -MF"Core/Startup/startup_stm32h755zitx.d" -MT"Core/Startup/startup_stm32h755zitx.o" --specs=nano.specs -mfpu=fpv4-sp-d16 -mfloat-abi=hard -mthumb -o "Core/Startup/startup_stm32h755zitx.o" "../Core/Startup/startup_stm32h755zitx.s"
arm-none-eabi-gcc "../Core/Src/main.c" -mcpu=cortex-m4 -std=gnu11 -g3 -DDEBUG -DCORE_CM4 -DUSE_HAL_DRIVER -DSTM32H755xx -DUSE_PWR_LDO_SUPPLY -c -I../Core/Inc -I../../Drivers/STM32H7xx_HAL_Driver/Inc -I../../Drivers/STM32H7xx_HAL_Driver/Inc/Legacy -I../../Drivers/CMSIS/Device/ST/STM32H7xx/Include -I../../Drivers/CMSIS/Include -O0 -ffunction-sections -fdata-sections -Wall -fstack-usage -fcyclomatic-complexity -MMD -MP -MF"Core/Src/main.d" -MT"Core/Src/main.o" --specs=nano.specs -mfpu=fpv4-sp-d16 -mfloat-abi=hard -mthumb -o "Core/Src/main.o"
arm-none-eabi-gcc "../Core/Src/stm32h7xx_hal_msp.c" -mcpu=cortex-m4 -std=gnu11 -g3 -DDEBUG -DCORE_CM4 -DUSE_HAL_DRIVER -DSTM32H755xx -DUSE_PWR_LDO_SUPPLY -c -I../Core/Inc -I../../Drivers/STM32H7xx_HAL_Driver/Inc -I../../Drivers/STM32H7xx_HAL_Driver/Inc/Legacy -I../../Drivers/CMSIS/Device/ST/STM32H7xx/Include -I../../Drivers/CMSIS/Include -O0 -ffunction-sections -fdata-sections -Wall -fstack-usage -fcyclomatic-complexity -MMD -MP -MF"Core/Src/stm32h7xx_hal_msp.d" -MT"Core/Src/stm32h7xx_hal_msp.o" --specs=nano.specs -mfpu=fpv4-sp-d16 -mfloat-abi=hard -mthumb -o "Core/Src/stm32h7xx_hal_msp.o"
arm-none-eabi-gcc "../Core/Src/stm32h7xx_it.c" -mcpu=cortex-m4 -std=gnu11 -g3 -DDEBUG -DCORE_CM4 -DUSE_HAL_DRIVER -DSTM32H755xx -DUSE_PWR_LDO_SUPPLY -c -I../Core/Inc -I../../Drivers/STM32H7xx_HAL_Driver/Inc -I../../Drivers/STM32H7xx_HAL_Driver/Inc/Legacy -I../../Drivers/CMSIS/Device/ST/STM32H7xx/Include -I../../Drivers/CMSIS/Include -O0 -ffunction-sections -fdata-sections -Wall -fstack-usage -fcyclomatic-complexity -MMD -MP -MF"Core/Src/stm32h7xx_it.d" -MT"Core/Src/stm32h7xx_it.o" --specs=nano.specs -mfpu=fpv4-sp-d16 -mfloat-abi=hard -mthumb -o "Core/Src/stm32h7xx_it.o"
arm-none-eabi-gcc "../Core/Src/syscalls.c" -mcpu=cortex-m4 -std=gnu11 -g3 -DDEBUG -DCORE_CM4 -DUSE_HAL_DRIVER -DSTM32H755xx -DUSE_PWR_LDO_SUPPLY -c -I../Core/Inc -I../../Drivers/STM32H7xx_HAL_Driver/Inc -I../../Drivers/STM32H7xx_HAL_Driver/Inc/Legacy -I../../Drivers/CMSIS/Device/ST/STM32H7xx/Include -I../../Drivers/CMSIS/Include -O0 -ffunction-sections -fdata-sections -Wall -fstack-usage -fcyclomatic-complexity -MMD -MP -MF"Core/Src/syscalls.d" -MT"Core/Src/syscalls.o" --specs=nano.specs -mfpu=fpv4-sp-d16 -mfloat-abi=hard -mthumb -o "Core/Src/syscalls.o"
arm-none-eabi-gcc "../Core/Src/sysmem.c" -mcpu=cortex-m4 -std=gnu11 -g3 -DDEBUG -DCORE_CM4 -DUSE_HAL_DRIVER -DSTM32H755xx -DUSE_PWR_LDO_SUPPLY -c -I../Core/Inc -I../../Drivers/STM32H7xx_HAL_Driver/Inc -I../../Drivers/STM32H7xx_HAL_Driver/Inc/Legacy -I../../Drivers/CMSIS/Device/ST/STM32H7xx/Include -I../../Drivers/CMSIS/Include -O0 -ffunction-sections -fdata-sections -Wall -fstack-usage -fcyclomatic-complexity -MMD -MP -MF"Core/Src/sysmem.d" -MT"Core/Src/sysmem.o" --specs=nano.specs -mfpu=fpv4-sp-d16 -mfloat-abi=hard -mthumb -o "Core/Src/sysmem.o"
arm-none-eabi-gcc "C:/Users/youse/STM32CubeIDE/workspace_1.18.0/DRC_Workspace/DRC_Rev2_0_DVT_Interposer_Controller/Common/Src/system_stm32h7xx_dualcore_boot_cm4_cm7.c" -mcpu=cortex-m4 -std=gnu11 -g3 -DDEBUG -DCORE_CM4 -DUSE_HAL_DRIVER -DSTM32H755xx -DUSE_PWR_LDO_SUPPLY -c -I../Core/Inc -I../../Drivers/STM32H7xx_HAL_Driver/Inc -I../../Drivers/STM32H7xx_HAL_Driver/Inc/Legacy -I../../Drivers/CMSIS/Device/ST/STM32H7xx/Include -I../../Drivers/CMSIS/Include -O0 -ffunction-sections -fdata-sections -Wall -fstack-usage -fcyclomatic-complexity -MMD -MP -MF"Common/Src/system_stm32h7xx_dualcore_boot_cm4_cm7.d" -MT"Common/Src/system_stm32h7xx_dualcore_boot_cm4_cm7.o" --specs=nano.specs -mfpu=fpv4-sp-d16 -mfloat-abi=hard -mthumb -o "Common/Src/system_stm32h7xx_dualcore_boot_cm4_cm7.o"
arm-none-eabi-gcc -o "DRC_Rev2_0_DVT_Interposer_Controller_CM4.elf" @"objects.list"   -mcpu=cortex-m4 -T"C:\Users\youse\STM32CubeIDE\workspace_1.18.0\DRC_Workspace\DRC_Rev2_0_DVT_Interposer_Controller\CM4\STM32H755ZITX_FLASH.ld" --specs=nosys.specs -Wl,-Map="DRC_Rev2_0_DVT_Interposer_Controller_CM4.map" -Wl,--gc-sections -static --specs=nano.specs -mfpu=fpv4-sp-d16 -mfloat-abi=hard -mthumb -Wl,--start-group -lc -lm -Wl,--end-group
Finished building target: DRC_Rev2_0_DVT_Interposer_Controller_CM4.elf
 
arm-none-eabi-size  DRC_Rev2_0_DVT_Interposer_Controller_CM4.elf 
arm-none-eabi-objdump -h -S DRC_Rev2_0_DVT_Interposer_Controller_CM4.elf  > "DRC_Rev2_0_DVT_Interposer_Controller_CM4.list"
   text	   data	    bss	    dec	    hex	filename
   3200	     16	   1568	   4784	   12b0	DRC_Rev2_0_DVT_Interposer_Controller_CM4.elf
Finished building: default.size.stdout
 
Finished building: DRC_Rev2_0_DVT_Interposer_Controller_CM4.list
 
22:57:51 **** Incremental Build of configuration Debug for project DRC_Rev2_0_DVT_Interposer_Controller_CM7 ****
make -j32 all 
arm-none-eabi-gcc "../Core/Src/main.c" -mcpu=cortex-m7 -std=gnu11 -g3 -DDEBUG -DCORE_CM7 -DUSE_HAL_DRIVER -DSTM32H755xx -DUSE_PWR_LDO_SUPPLY -c -I../Core/Inc -I../../Drivers/STM32H7xx_HAL_Driver/Inc -I../../Drivers/STM32H7xx_HAL_Driver/Inc/Legacy -I../../Drivers/CMSIS/Device/ST/STM32H7xx/Include -I../../Drivers/CMSIS/Include -O0 -ffunction-sections -fdata-sections -Wall -fstack-usage -fcyclomatic-complexity -MMD -MP -MF"Core/Src/main.d" -MT"Core/Src/main.o" --specs=nano.specs -mfpu=fpv5-d16 -mfloat-abi=hard -mthumb -o "Core/Src/main.o"
../Core/Src/main.c: In function 'SPIIOEXP_SetModes':
../Core/Src/main.c:410:17: warning: unused variable 'newPortB_State' [-Wunused-variable]
  410 |         uint8_t newPortB_State = (currentPortB_State & ~(mask & 0xFF)) | (mode & mask & 0xFF);
      |                 ^~~~~~~~~~~~~~
../Core/Src/main.c:409:17: warning: unused variable 'newPortA_State' [-Wunused-variable]
  409 |         uint8_t newPortA_State = (currentPortA_State & ~((mask >> 8) & 0xFF)) | ((mode >> 8) & (mask >> 8) & 0xFF);
      |                 ^~~~~~~~~~~~~~
../Core/Src/main.c: In function 'SPIIOEXP_ReadPins':
../Core/Src/main.c:424:9: warning: 'return' with no value, in function returning non-void [-Wreturn-type]
  424 |         return;
      |         ^~~~~~
../Core/Src/main.c:423:10: note: declared here
  423 | uint16_t SPIIOEXP_ReadPins(SPIIOEXP_t* SPIEXP){
      |          ^~~~~~~~~~~~~~~~~
arm-none-eabi-gcc -o "DRC_Rev2_0_DVT_Interposer_Controller_CM7.elf" @"objects.list"   -mcpu=cortex-m7 -T"C:\Users\youse\STM32CubeIDE\workspace_1.18.0\DRC_Workspace\DRC_Rev2_0_DVT_Interposer_Controller\CM7\STM32H755ZITX_FLASH.ld" --specs=nosys.specs -Wl,-Map="DRC_Rev2_0_DVT_Interposer_Controller_CM7.map" -Wl,--gc-sections -static --specs=nano.specs -mfpu=fpv5-d16 -mfloat-abi=hard -mthumb -Wl,--start-group -lc -lm -Wl,--end-group
Finished building target: DRC_Rev2_0_DVT_Interposer_Controller_CM7.elf
 
arm-none-eabi-size  DRC_Rev2_0_DVT_Interposer_Controller_CM7.elf 
arm-none-eabi-objdump -h -S DRC_Rev2_0_DVT_Interposer_Controller_CM7.elf  > "DRC_Rev2_0_DVT_Interposer_Controller_CM7.list"
   text	   data	    bss	    dec	    hex	filename
  32364	    412	   3324	  36100	   8d04	DRC_Rev2_0_DVT_Interposer_Controller_CM7.elf
Finished building: default.size.stdout
 
Finished building: DRC_Rev2_0_DVT_Interposer_Controller_CM7.list
 
22:59:01 **** Incremental Build of configuration Debug for project DRC_Rev2_0_DVT_Interposer_Controller_CM4 ****
make -j32 all 
arm-none-eabi-size  DRC_Rev2_0_DVT_Interposer_Controller_CM4.elf 
   text	   data	    bss	    dec	    hex	filename
   3200	     16	   1568	   4784	   12b0	DRC_Rev2_0_DVT_Interposer_Controller_CM4.elf
Finished building: default.size.stdout
 
22:59:01 **** Incremental Build of configuration Debug for project DRC_Rev2_0_DVT_Interposer_Controller_CM7 ****
make -j32 all 
arm-none-eabi-gcc "../Core/Src/main.c" -mcpu=cortex-m7 -std=gnu11 -g3 -DDEBUG -DCORE_CM7 -DUSE_HAL_DRIVER -DSTM32H755xx -DUSE_PWR_LDO_SUPPLY -c -I../Core/Inc -I../../Drivers/STM32H7xx_HAL_Driver/Inc -I../../Drivers/STM32H7xx_HAL_Driver/Inc/Legacy -I../../Drivers/CMSIS/Device/ST/STM32H7xx/Include -I../../Drivers/CMSIS/Include -O0 -ffunction-sections -fdata-sections -Wall -fstack-usage -fcyclomatic-complexity -MMD -MP -MF"Core/Src/main.d" -MT"Core/Src/main.o" --specs=nano.specs -mfpu=fpv5-d16 -mfloat-abi=hard -mthumb -o "Core/Src/main.o"
../Core/Src/main.c: In function 'SPIIOEXP_ReadPins':
../Core/Src/main.c:424:9: warning: 'return' with no value, in function returning non-void [-Wreturn-type]
  424 |         return;
      |         ^~~~~~
../Core/Src/main.c:423:10: note: declared here
  423 | uint16_t SPIIOEXP_ReadPins(SPIIOEXP_t* SPIEXP){
      |          ^~~~~~~~~~~~~~~~~
arm-none-eabi-gcc -o "DRC_Rev2_0_DVT_Interposer_Controller_CM7.elf" @"objects.list"   -mcpu=cortex-m7 -T"C:\Users\youse\STM32CubeIDE\workspace_1.18.0\DRC_Workspace\DRC_Rev2_0_DVT_Interposer_Controller\CM7\STM32H755ZITX_FLASH.ld" --specs=nosys.specs -Wl,-Map="DRC_Rev2_0_DVT_Interposer_Controller_CM7.map" -Wl,--gc-sections -static --specs=nano.specs -mfpu=fpv5-d16 -mfloat-abi=hard -mthumb -Wl,--start-group -lc -lm -Wl,--end-group
Finished building target: DRC_Rev2_0_DVT_Interposer_Controller_CM7.elf
 
arm-none-eabi-size  DRC_Rev2_0_DVT_Interposer_Controller_CM7.elf 
arm-none-eabi-objdump -h -S DRC_Rev2_0_DVT_Interposer_Controller_CM7.elf  > "DRC_Rev2_0_DVT_Interposer_Controller_CM7.list"
   text	   data	    bss	    dec	    hex	filename
  32364	    412	   3324	  36100	   8d04	DRC_Rev2_0_DVT_Interposer_Controller_CM7.elf
Finished building: default.size.stdout
 
Finished building: DRC_Rev2_0_DVT_Interposer_Controller_CM7.list
 
23:07:55 **** Incremental Build of configuration Debug for project DRC_Rev2_0_DVT_Interposer_Controller_CM4 ****
make -j32 all 
arm-none-eabi-size  DRC_Rev2_0_DVT_Interposer_Controller_CM4.elf 
   text	   data	    bss	    dec	    hex	filename
   3200	     16	   1568	   4784	   12b0	DRC_Rev2_0_DVT_Interposer_Controller_CM4.elf
Finished building: default.size.stdout
 
23:07:56 **** Incremental Build of configuration Debug for project DRC_Rev2_0_DVT_Interposer_Controller_CM7 ****
make -j32 all 
arm-none-eabi-gcc "../Core/Src/main.c" -mcpu=cortex-m7 -std=gnu11 -g3 -DDEBUG -DCORE_CM7 -DUSE_HAL_DRIVER -DSTM32H755xx -DUSE_PWR_LDO_SUPPLY -c -I../Core/Inc -I../../Drivers/STM32H7xx_HAL_Driver/Inc -I../../Drivers/STM32H7xx_HAL_Driver/Inc/Legacy -I../../Drivers/CMSIS/Device/ST/STM32H7xx/Include -I../../Drivers/CMSIS/Include -O0 -ffunction-sections -fdata-sections -Wall -fstack-usage -fcyclomatic-complexity -MMD -MP -MF"Core/Src/main.d" -MT"Core/Src/main.o" --specs=nano.specs -mfpu=fpv5-d16 -mfloat-abi=hard -mthumb -o "Core/Src/main.o"
arm-none-eabi-gcc -o "DRC_Rev2_0_DVT_Interposer_Controller_CM7.elf" @"objects.list"   -mcpu=cortex-m7 -T"C:\Users\youse\STM32CubeIDE\workspace_1.18.0\DRC_Workspace\DRC_Rev2_0_DVT_Interposer_Controller\CM7\STM32H755ZITX_FLASH.ld" --specs=nosys.specs -Wl,-Map="DRC_Rev2_0_DVT_Interposer_Controller_CM7.map" -Wl,--gc-sections -static --specs=nano.specs -mfpu=fpv5-d16 -mfloat-abi=hard -mthumb -Wl,--start-group -lc -lm -Wl,--end-group
Finished building target: DRC_Rev2_0_DVT_Interposer_Controller_CM7.elf
 
arm-none-eabi-size  DRC_Rev2_0_DVT_Interposer_Controller_CM7.elf 
arm-none-eabi-objdump -h -S DRC_Rev2_0_DVT_Interposer_Controller_CM7.elf  > "DRC_Rev2_0_DVT_Interposer_Controller_CM7.list"
   text	   data	    bss	    dec	    hex	filename
  32364	    412	   3324	  36100	   8d04	DRC_Rev2_0_DVT_Interposer_Controller_CM7.elf
Finished building: default.size.stdout
 
Finished building: DRC_Rev2_0_DVT_Interposer_Controller_CM7.list
 
23:12:45 **** Incremental Build of configuration Debug for project DRC_Rev2_0_DVT_Interposer_Controller_CM4 ****
make -j32 all 
arm-none-eabi-size  DRC_Rev2_0_DVT_Interposer_Controller_CM4.elf 
   text	   data	    bss	    dec	    hex	filename
   3200	     16	   1568	   4784	   12b0	DRC_Rev2_0_DVT_Interposer_Controller_CM4.elf
Finished building: default.size.stdout
 
23:12:46 **** Incremental Build of configuration Debug for project DRC_Rev2_0_DVT_Interposer_Controller_CM7 ****
make -j32 all 
arm-none-eabi-gcc "../Core/Src/main.c" -mcpu=cortex-m7 -std=gnu11 -g3 -DDEBUG -DCORE_CM7 -DUSE_HAL_DRIVER -DSTM32H755xx -DUSE_PWR_LDO_SUPPLY -c -I../Core/Inc -I../../Drivers/STM32H7xx_HAL_Driver/Inc -I../../Drivers/STM32H7xx_HAL_Driver/Inc/Legacy -I../../Drivers/CMSIS/Device/ST/STM32H7xx/Include -I../../Drivers/CMSIS/Include -O0 -ffunction-sections -fdata-sections -Wall -fstack-usage -fcyclomatic-complexity -MMD -MP -MF"Core/Src/main.d" -MT"Core/Src/main.o" --specs=nano.specs -mfpu=fpv5-d16 -mfloat-abi=hard -mthumb -o "Core/Src/main.o"
arm-none-eabi-gcc -o "DRC_Rev2_0_DVT_Interposer_Controller_CM7.elf" @"objects.list"   -mcpu=cortex-m7 -T"C:\Users\youse\STM32CubeIDE\workspace_1.18.0\DRC_Workspace\DRC_Rev2_0_DVT_Interposer_Controller\CM7\STM32H755ZITX_FLASH.ld" --specs=nosys.specs -Wl,-Map="DRC_Rev2_0_DVT_Interposer_Controller_CM7.map" -Wl,--gc-sections -static --specs=nano.specs -mfpu=fpv5-d16 -mfloat-abi=hard -mthumb -Wl,--start-group -lc -lm -Wl,--end-group
Finished building target: DRC_Rev2_0_DVT_Interposer_Controller_CM7.elf
 
arm-none-eabi-size  DRC_Rev2_0_DVT_Interposer_Controller_CM7.elf 
arm-none-eabi-objdump -h -S DRC_Rev2_0_DVT_Interposer_Controller_CM7.elf  > "DRC_Rev2_0_DVT_Interposer_Controller_CM7.list"
   text	   data	    bss	    dec	    hex	filename
  30548	    160	   3328	  34036	   84f4	DRC_Rev2_0_DVT_Interposer_Controller_CM7.elf
Finished building: default.size.stdout
 
Finished building: DRC_Rev2_0_DVT_Interposer_Controller_CM7.list
 
23:14:05 **** Incremental Build of configuration Debug for project DRC_Rev2_0_DVT_Interposer_Controller_CM7 ****
make -j32 all 
arm-none-eabi-size  DRC_Rev2_0_DVT_Interposer_Controller_CM7.elf 
   text	   data	    bss	    dec	    hex	filename
  30548	    160	   3328	  34036	   84f4	DRC_Rev2_0_DVT_Interposer_Controller_CM7.elf
Finished building: default.size.stdout
 
23:26:33 **** Incremental Build of configuration Debug for project DRC_Rev2_0_DVT_Interposer_Controller_CM7 ****
make -j32 all 
arm-none-eabi-gcc "../Core/Src/main.c" -mcpu=cortex-m7 -std=gnu11 -g3 -DDEBUG -DCORE_CM7 -DUSE_HAL_DRIVER -DSTM32H755xx -DUSE_PWR_LDO_SUPPLY -c -I../Core/Inc -I../../Drivers/STM32H7xx_HAL_Driver/Inc -I../../Drivers/STM32H7xx_HAL_Driver/Inc/Legacy -I../../Drivers/CMSIS/Device/ST/STM32H7xx/Include -I../../Drivers/CMSIS/Include -O0 -ffunction-sections -fdata-sections -Wall -fstack-usage -fcyclomatic-complexity -MMD -MP -MF"Core/Src/main.d" -MT"Core/Src/main.o" --specs=nano.specs -mfpu=fpv5-d16 -mfloat-abi=hard -mthumb -o "Core/Src/main.o"
arm-none-eabi-gcc -o "DRC_Rev2_0_DVT_Interposer_Controller_CM7.elf" @"objects.list"   -mcpu=cortex-m7 -T"C:\Users\youse\STM32CubeIDE\workspace_1.18.0\DRC_Workspace\DRC_Rev2_0_DVT_Interposer_Controller\CM7\STM32H755ZITX_FLASH.ld" --specs=nosys.specs -Wl,-Map="DRC_Rev2_0_DVT_Interposer_Controller_CM7.map" -Wl,--gc-sections -static --specs=nano.specs -mfpu=fpv5-d16 -mfloat-abi=hard -mthumb -Wl,--start-group -lc -lm -Wl,--end-group
Finished building target: DRC_Rev2_0_DVT_Interposer_Controller_CM7.elf
 
arm-none-eabi-size  DRC_Rev2_0_DVT_Interposer_Controller_CM7.elf 
arm-none-eabi-objdump -h -S DRC_Rev2_0_DVT_Interposer_Controller_CM7.elf  > "DRC_Rev2_0_DVT_Interposer_Controller_CM7.list"
   text	   data	    bss	    dec	    hex	filename
  34332	    524	   3324	  38180	   9524	DRC_Rev2_0_DVT_Interposer_Controller_CM7.elf
Finished building: default.size.stdout
 
Finished building: DRC_Rev2_0_DVT_Interposer_Controller_CM7.list
 
23:27:45 **** Incremental Build of configuration Debug for project DRC_Rev2_0_DVT_Interposer_Controller_CM7 ****
make -j32 all 
arm-none-eabi-gcc "../Core/Src/main.c" -mcpu=cortex-m7 -std=gnu11 -g3 -DDEBUG -DCORE_CM7 -DUSE_HAL_DRIVER -DSTM32H755xx -DUSE_PWR_LDO_SUPPLY -c -I../Core/Inc -I../../Drivers/STM32H7xx_HAL_Driver/Inc -I../../Drivers/STM32H7xx_HAL_Driver/Inc/Legacy -I../../Drivers/CMSIS/Device/ST/STM32H7xx/Include -I../../Drivers/CMSIS/Include -O0 -ffunction-sections -fdata-sections -Wall -fstack-usage -fcyclomatic-complexity -MMD -MP -MF"Core/Src/main.d" -MT"Core/Src/main.o" --specs=nano.specs -mfpu=fpv5-d16 -mfloat-abi=hard -mthumb -o "Core/Src/main.o"
arm-none-eabi-gcc -o "DRC_Rev2_0_DVT_Interposer_Controller_CM7.elf" @"objects.list"   -mcpu=cortex-m7 -T"C:\Users\youse\STM32CubeIDE\workspace_1.18.0\DRC_Workspace\DRC_Rev2_0_DVT_Interposer_Controller\CM7\STM32H755ZITX_FLASH.ld" --specs=nosys.specs -Wl,-Map="DRC_Rev2_0_DVT_Interposer_Controller_CM7.map" -Wl,--gc-sections -static --specs=nano.specs -mfpu=fpv5-d16 -mfloat-abi=hard -mthumb -Wl,--start-group -lc -lm -Wl,--end-group
Finished building target: DRC_Rev2_0_DVT_Interposer_Controller_CM7.elf
 
arm-none-eabi-size  DRC_Rev2_0_DVT_Interposer_Controller_CM7.elf 
arm-none-eabi-objdump -h -S DRC_Rev2_0_DVT_Interposer_Controller_CM7.elf  > "DRC_Rev2_0_DVT_Interposer_Controller_CM7.list"
   text	   data	    bss	    dec	    hex	filename
  34376	    524	   3324	  38224	   9550	DRC_Rev2_0_DVT_Interposer_Controller_CM7.elf
Finished building: default.size.stdout
 
Finished building: DRC_Rev2_0_DVT_Interposer_Controller_CM7.list
 
23:30:57 **** Incremental Build of configuration Debug for project DRC_Rev2_0_DVT_Interposer_Controller_CM7 ****
make -j32 all 
arm-none-eabi-size  DRC_Rev2_0_DVT_Interposer_Controller_CM7.elf 
   text	   data	    bss	    dec	    hex	filename
  34376	    524	   3324	  38224	   9550	DRC_Rev2_0_DVT_Interposer_Controller_CM7.elf
Finished building: default.size.stdout
 
23:31:20 **** Incremental Build of configuration Debug for project DRC_Rev2_0_DVT_Interposer_Controller_CM7 ****
make -j32 all 
arm-none-eabi-size  DRC_Rev2_0_DVT_Interposer_Controller_CM7.elf 
   text	   data	    bss	    dec	    hex	filename
  34376	    524	   3324	  38224	   9550	DRC_Rev2_0_DVT_Interposer_Controller_CM7.elf
Finished building: default.size.stdout
 
23:32:50 **** Incremental Build of configuration Debug for project DRC_Rev2_0_DVT_Interposer_Controller_CM7 ****
make -j32 all 
arm-none-eabi-size  DRC_Rev2_0_DVT_Interposer_Controller_CM7.elf 
   text	   data	    bss	    dec	    hex	filename
  34376	    524	   3324	  38224	   9550	DRC_Rev2_0_DVT_Interposer_Controller_CM7.elf
Finished building: default.size.stdout
 
23:34:06 **** Incremental Build of configuration Debug for project DRC_Rev2_0_DVT_Interposer_Controller_CM7 ****
make -j32 all 
arm-none-eabi-size  DRC_Rev2_0_DVT_Interposer_Controller_CM7.elf 
   text	   data	    bss	    dec	    hex	filename
  34376	    524	   3324	  38224	   9550	DRC_Rev2_0_DVT_Interposer_Controller_CM7.elf
Finished building: default.size.stdout
 
23:35:57 **** Incremental Build of configuration Debug for project DRC_Rev2_0_DVT_Interposer_Controller_CM4 ****
make -j32 all 
arm-none-eabi-gcc "../Core/Src/main.c" -mcpu=cortex-m4 -std=gnu11 -g3 -DDEBUG -DCORE_CM4 -DUSE_HAL_DRIVER -DSTM32H755xx -DUSE_PWR_LDO_SUPPLY -c -I../Core/Inc -I../../Drivers/STM32H7xx_HAL_Driver/Inc -I../../Drivers/STM32H7xx_HAL_Driver/Inc/Legacy -I../../Drivers/CMSIS/Device/ST/STM32H7xx/Include -I../../Drivers/CMSIS/Include -O0 -ffunction-sections -fdata-sections -Wall -fstack-usage -fcyclomatic-complexity -MMD -MP -MF"Core/Src/main.d" -MT"Core/Src/main.o" --specs=nano.specs -mfpu=fpv4-sp-d16 -mfloat-abi=hard -mthumb -o "Core/Src/main.o"
arm-none-eabi-gcc -o "DRC_Rev2_0_DVT_Interposer_Controller_CM4.elf" @"objects.list"   -mcpu=cortex-m4 -T"C:\Users\youse\STM32CubeIDE\workspace_1.18.0\DRC_Workspace\DRC_Rev2_0_DVT_Interposer_Controller\CM4\STM32H755ZITX_FLASH.ld" --specs=nosys.specs -Wl,-Map="DRC_Rev2_0_DVT_Interposer_Controller_CM4.map" -Wl,--gc-sections -static --specs=nano.specs -mfpu=fpv4-sp-d16 -mfloat-abi=hard -mthumb -Wl,--start-group -lc -lm -Wl,--end-group
Finished building target: DRC_Rev2_0_DVT_Interposer_Controller_CM4.elf
 
arm-none-eabi-size  DRC_Rev2_0_DVT_Interposer_Controller_CM4.elf 
arm-none-eabi-objdump -h -S DRC_Rev2_0_DVT_Interposer_Controller_CM4.elf  > "DRC_Rev2_0_DVT_Interposer_Controller_CM4.list"
   text	   data	    bss	    dec	    hex	filename
   3264	     16	   1568	   4848	   12f0	DRC_Rev2_0_DVT_Interposer_Controller_CM4.elf
Finished building: default.size.stdout
 
Finished building: DRC_Rev2_0_DVT_Interposer_Controller_CM4.list
 
23:36:11 **** Incremental Build of configuration Debug for project DRC_Rev2_0_DVT_Interposer_Controller_CM4 ****
make -j32 all 
arm-none-eabi-size  DRC_Rev2_0_DVT_Interposer_Controller_CM4.elf 
   text	   data	    bss	    dec	    hex	filename
   3264	     16	   1568	   4848	   12f0	DRC_Rev2_0_DVT_Interposer_Controller_CM4.elf
Finished building: default.size.stdout
 
23:36:37 **** Incremental Build of configuration Debug for project DRC_Rev2_0_DVT_Interposer_Controller_CM7 ****
make -j32 all 
arm-none-eabi-size  DRC_Rev2_0_DVT_Interposer_Controller_CM7.elf 
   text	   data	    bss	    dec	    hex	filename
  34376	    524	   3324	  38224	   9550	DRC_Rev2_0_DVT_Interposer_Controller_CM7.elf
Finished building: default.size.stdout
 
23:37:04 **** Incremental Build of configuration Debug for project DRC_Rev2_0_DVT_Interposer_Controller_CM4 ****
make -j32 all 
arm-none-eabi-size  DRC_Rev2_0_DVT_Interposer_Controller_CM4.elf 
   text	   data	    bss	    dec	    hex	filename
   3264	     16	   1568	   4848	   12f0	DRC_Rev2_0_DVT_Interposer_Controller_CM4.elf
Finished building: default.size.stdout
 
23:37:20 **** Incremental Build of configuration Debug for project DRC_Rev2_0_DVT_Interposer_Controller_CM7 ****
make -j32 all 
arm-none-eabi-size  DRC_Rev2_0_DVT_Interposer_Controller_CM7.elf 
   text	   data	    bss	    dec	    hex	filename
  34376	    524	   3324	  38224	   9550	DRC_Rev2_0_DVT_Interposer_Controller_CM7.elf
Finished building: default.size.stdout
 
23:45:41 **** Incremental Build of configuration Debug for project DRC_Rev2_0_DVT_Interposer_Controller_CM4 ****
make -j32 all 
arm-none-eabi-gcc "../Core/Src/main.c" -mcpu=cortex-m4 -std=gnu11 -g3 -DDEBUG -DCORE_CM4 -DUSE_HAL_DRIVER -DSTM32H755xx -DUSE_PWR_LDO_SUPPLY -c -I../Core/Inc -I../../Drivers/STM32H7xx_HAL_Driver/Inc -I../../Drivers/STM32H7xx_HAL_Driver/Inc/Legacy -I../../Drivers/CMSIS/Device/ST/STM32H7xx/Include -I../../Drivers/CMSIS/Include -O0 -ffunction-sections -fdata-sections -Wall -fstack-usage -fcyclomatic-complexity -MMD -MP -MF"Core/Src/main.d" -MT"Core/Src/main.o" --specs=nano.specs -mfpu=fpv4-sp-d16 -mfloat-abi=hard -mthumb -o "Core/Src/main.o"
arm-none-eabi-gcc -o "DRC_Rev2_0_DVT_Interposer_Controller_CM4.elf" @"objects.list"   -mcpu=cortex-m4 -T"C:\Users\youse\STM32CubeIDE\workspace_1.18.0\DRC_Workspace\DRC_Rev2_0_DVT_Interposer_Controller\CM4\STM32H755ZITX_FLASH.ld" --specs=nosys.specs -Wl,-Map="DRC_Rev2_0_DVT_Interposer_Controller_CM4.map" -Wl,--gc-sections -static --specs=nano.specs -mfpu=fpv4-sp-d16 -mfloat-abi=hard -mthumb -Wl,--start-group -lc -lm -Wl,--end-group
Finished building target: DRC_Rev2_0_DVT_Interposer_Controller_CM4.elf
 
arm-none-eabi-size  DRC_Rev2_0_DVT_Interposer_Controller_CM4.elf 
arm-none-eabi-objdump -h -S DRC_Rev2_0_DVT_Interposer_Controller_CM4.elf  > "DRC_Rev2_0_DVT_Interposer_Controller_CM4.list"
   text	   data	    bss	    dec	    hex	filename
   3200	     16	   1568	   4784	   12b0	DRC_Rev2_0_DVT_Interposer_Controller_CM4.elf
Finished building: default.size.stdout
 
Finished building: DRC_Rev2_0_DVT_Interposer_Controller_CM4.list
 
23:45:42 **** Incremental Build of configuration Debug for project DRC_Rev2_0_DVT_Interposer_Controller_CM7 ****
make -j32 all 
arm-none-eabi-size  DRC_Rev2_0_DVT_Interposer_Controller_CM7.elf 
   text	   data	    bss	    dec	    hex	filename
  34376	    524	   3324	  38224	   9550	DRC_Rev2_0_DVT_Interposer_Controller_CM7.elf
Finished building: default.size.stdout
 
23:45:45 **** Incremental Build of configuration Debug for project DRC_Rev2_0_DVT_Interposer_Controller_CM4 ****
make -j32 all 
arm-none-eabi-size  DRC_Rev2_0_DVT_Interposer_Controller_CM4.elf 
   text	   data	    bss	    dec	    hex	filename
   3200	     16	   1568	   4784	   12b0	DRC_Rev2_0_DVT_Interposer_Controller_CM4.elf
Finished building: default.size.stdout
 
23:46:04 **** Incremental Build of configuration Debug for project DRC_Rev2_0_DVT_Interposer_Controller_CM7 ****
make -j32 all 
arm-none-eabi-size  DRC_Rev2_0_DVT_Interposer_Controller_CM7.elf 
   text	   data	    bss	    dec	    hex	filename
  34376	    524	   3324	  38224	   9550	DRC_Rev2_0_DVT_Interposer_Controller_CM7.elf
Finished building: default.size.stdout
 
00:03:58 **** Incremental Build of configuration Debug for project DRC_Rev2_0_DVT_Interposer_Controller_CM4 ****
make -j32 all 
arm-none-eabi-size  DRC_Rev2_0_DVT_Interposer_Controller_CM4.elf 
   text	   data	    bss	    dec	    hex	filename
   3200	     16	   1568	   4784	   12b0	DRC_Rev2_0_DVT_Interposer_Controller_CM4.elf
Finished building: default.size.stdout
 
00:03:58 **** Incremental Build of configuration Debug for project DRC_Rev2_0_DVT_Interposer_Controller_CM7 ****
make -j32 all 
arm-none-eabi-gcc "../Core/Src/main.c" -mcpu=cortex-m7 -std=gnu11 -g3 -DDEBUG -DCORE_CM7 -DUSE_HAL_DRIVER -DSTM32H755xx -DUSE_PWR_LDO_SUPPLY -c -I../Core/Inc -I../../Drivers/STM32H7xx_HAL_Driver/Inc -I../../Drivers/STM32H7xx_HAL_Driver/Inc/Legacy -I../../Drivers/CMSIS/Device/ST/STM32H7xx/Include -I../../Drivers/CMSIS/Include -O0 -ffunction-sections -fdata-sections -Wall -fstack-usage -fcyclomatic-complexity -MMD -MP -MF"Core/Src/main.d" -MT"Core/Src/main.o" --specs=nano.specs -mfpu=fpv5-d16 -mfloat-abi=hard -mthumb -o "Core/Src/main.o"
arm-none-eabi-gcc -o "DRC_Rev2_0_DVT_Interposer_Controller_CM7.elf" @"objects.list"   -mcpu=cortex-m7 -T"C:\Users\youse\STM32CubeIDE\workspace_1.18.0\DRC_Workspace\DRC_Rev2_0_DVT_Interposer_Controller\CM7\STM32H755ZITX_FLASH.ld" --specs=nosys.specs -Wl,-Map="DRC_Rev2_0_DVT_Interposer_Controller_CM7.map" -Wl,--gc-sections -static --specs=nano.specs -mfpu=fpv5-d16 -mfloat-abi=hard -mthumb -Wl,--start-group -lc -lm -Wl,--end-group
Finished building target: DRC_Rev2_0_DVT_Interposer_Controller_CM7.elf
 
arm-none-eabi-size  DRC_Rev2_0_DVT_Interposer_Controller_CM7.elf 
arm-none-eabi-objdump -h -S DRC_Rev2_0_DVT_Interposer_Controller_CM7.elf  > "DRC_Rev2_0_DVT_Interposer_Controller_CM7.list"
   text	   data	    bss	    dec	    hex	filename
  34392	    524	   3324	  38240	   9560	DRC_Rev2_0_DVT_Interposer_Controller_CM7.elf
Finished building: default.size.stdout
 
Finished building: DRC_Rev2_0_DVT_Interposer_Controller_CM7.list
 
00:04:00 **** Incremental Build of configuration Debug for project DRC_Rev2_0_DVT_Interposer_Controller_CM4 ****
make -j32 all 
arm-none-eabi-size  DRC_Rev2_0_DVT_Interposer_Controller_CM4.elf 
   text	   data	    bss	    dec	    hex	filename
   3200	     16	   1568	   4784	   12b0	DRC_Rev2_0_DVT_Interposer_Controller_CM4.elf
Finished building: default.size.stdout
 
00:04:00 **** Incremental Build of configuration Debug for project DRC_Rev2_0_DVT_Interposer_Controller_CM7 ****
make -j32 all 
arm-none-eabi-size  DRC_Rev2_0_DVT_Interposer_Controller_CM7.elf 
   text	   data	    bss	    dec	    hex	filename
  34392	    524	   3324	  38240	   9560	DRC_Rev2_0_DVT_Interposer_Controller_CM7.elf
Finished building: default.size.stdout
 
00:04:04 **** Incremental Build of configuration Debug for project DRC_Rev2_0_DVT_Interposer_Controller_CM7 ****
make -j32 all 
arm-none-eabi-size  DRC_Rev2_0_DVT_Interposer_Controller_CM7.elf 
   text	   data	    bss	    dec	    hex	filename
  34392	    524	   3324	  38240	   9560	DRC_Rev2_0_DVT_Interposer_Controller_CM7.elf
Finished building: default.size.stdout
 
00:06:38 **** Clean-only build of configuration Debug for project DRC_Rev2_0_DVT_Interposer_Controller_CM7 ****
make -j32 clean 
rm -rf ./Drivers/STM32H7xx_HAL_Driver/stm32h7xx_hal.cyclo ./Drivers/STM32H7xx_HAL_Driver/stm32h7xx_hal.d ./Drivers/STM32H7xx_HAL_Driver/stm32h7xx_hal.o ./Drivers/STM32H7xx_HAL_Driver/stm32h7xx_hal.su ./Drivers/STM32H7xx_HAL_Driver/stm32h7xx_hal_cortex.cyclo ./Drivers/STM32H7xx_HAL_Driver/stm32h7xx_hal_cortex.d ./Drivers/STM32H7xx_HAL_Driver/stm32h7xx_hal_cortex.o ./Drivers/STM32H7xx_HAL_Driver/stm32h7xx_hal_cortex.su ./Drivers/STM32H7xx_HAL_Driver/stm32h7xx_hal_dma.cyclo ./Drivers/STM32H7xx_HAL_Driver/stm32h7xx_hal_dma.d ./Drivers/STM32H7xx_HAL_Driver/stm32h7xx_hal_dma.o ./Drivers/STM32H7xx_HAL_Driver/stm32h7xx_hal_dma.su ./Drivers/STM32H7xx_HAL_Driver/stm32h7xx_hal_dma_ex.cyclo ./Drivers/STM32H7xx_HAL_Driver/stm32h7xx_hal_dma_ex.d ./Drivers/STM32H7xx_HAL_Driver/stm32h7xx_hal_dma_ex.o ./Drivers/STM32H7xx_HAL_Driver/stm32h7xx_hal_dma_ex.su ./Drivers/STM32H7xx_HAL_Driver/stm32h7xx_hal_exti.cyclo ./Drivers/STM32H7xx_HAL_Driver/stm32h7xx_hal_exti.d ./Drivers/STM32H7xx_HAL_Driver/stm32h7xx_hal_exti.o ./Drivers/STM32H7xx_HAL_Driver/stm32h7xx_hal_exti.su ./Drivers/STM32H7xx_HAL_Driver/stm32h7xx_hal_flash.cyclo ./Drivers/STM32H7xx_HAL_Driver/stm32h7xx_hal_flash.d ./Drivers/STM32H7xx_HAL_Driver/stm32h7xx_hal_flash.o ./Drivers/STM32H7xx_HAL_Driver/stm32h7xx_hal_flash.su ./Drivers/STM32H7xx_HAL_Driver/stm32h7xx_hal_flash_ex.cyclo ./Drivers/STM32H7xx_HAL_Driver/stm32h7xx_hal_flash_ex.d ./Drivers/STM32H7xx_HAL_Driver/stm32h7xx_hal_flash_ex.o ./Drivers/STM32H7xx_HAL_Driver/stm32h7xx_hal_flash_ex.su ./Drivers/STM32H7xx_HAL_Driver/stm32h7xx_hal_gpio.cyclo ./Drivers/STM32H7xx_HAL_Driver/stm32h7xx_hal_gpio.d ./Drivers/STM32H7xx_HAL_Driver/stm32h7xx_hal_gpio.o ./Drivers/STM32H7xx_HAL_Driver/stm32h7xx_hal_gpio.su ./Drivers/STM32H7xx_HAL_Driver/stm32h7xx_hal_hsem.cyclo ./Drivers/STM32H7xx_HAL_Driver/stm32h7xx_hal_hsem.d ./Drivers/STM32H7xx_HAL_Driver/stm32h7xx_hal_hsem.o ./Drivers/STM32H7xx_HAL_Driver/stm32h7xx_hal_hsem.su ./Drivers/STM32H7xx_HAL_Driver/stm32h7xx_hal_i2c.cyclo ./Drivers/STM32H7xx_HAL_Driver/stm32h7xx_hal_i2c.d ./Drivers/STM32H7xx_HAL_Driver/stm32h7xx_hal_i2c.o ./Drivers/STM32H7xx_HAL_Driver/stm32h7xx_hal_i2c.su ./Drivers/STM32H7xx_HAL_Driver/stm32h7xx_hal_i2c_ex.cyclo ./Drivers/STM32H7xx_HAL_Driver/stm32h7xx_hal_i2c_ex.d ./Drivers/STM32H7xx_HAL_Driver/stm32h7xx_hal_i2c_ex.o ./Drivers/STM32H7xx_HAL_Driver/stm32h7xx_hal_i2c_ex.su ./Drivers/STM32H7xx_HAL_Driver/stm32h7xx_hal_mdma.cyclo ./Drivers/STM32H7xx_HAL_Driver/stm32h7xx_hal_mdma.d ./Drivers/STM32H7xx_HAL_Driver/stm32h7xx_hal_mdma.o ./Drivers/STM32H7xx_HAL_Driver/stm32h7xx_hal_mdma.su ./Drivers/STM32H7xx_HAL_Driver/stm32h7xx_hal_pcd.cyclo ./Drivers/STM32H7xx_HAL_Driver/stm32h7xx_hal_pcd.d ./Drivers/STM32H7xx_HAL_Driver/stm32h7xx_hal_pcd.o ./Drivers/STM32H7xx_HAL_Driver/stm32h7xx_hal_pcd.su ./Drivers/STM32H7xx_HAL_Driver/stm32h7xx_hal_pcd_ex.cyclo ./Drivers/STM32H7xx_HAL_Driver/stm32h7xx_hal_pcd_ex.d ./Drivers/STM32H7xx_HAL_Driver/stm32h7xx_hal_pcd_ex.o ./Drivers/STM32H7xx_HAL_Driver/stm32h7xx_hal_pcd_ex.su ./Drivers/STM32H7xx_HAL_Driver/stm32h7xx_hal_pwr.cyclo ./Drivers/STM32H7xx_HAL_Driver/stm32h7xx_hal_pwr.d ./Drivers/STM32H7xx_HAL_Driver/stm32h7xx_hal_pwr.o ./Drivers/STM32H7xx_HAL_Driver/stm32h7xx_hal_pwr.su ./Drivers/STM32H7xx_HAL_Driver/stm32h7xx_hal_pwr_ex.cyclo ./Drivers/STM32H7xx_HAL_Driver/stm32h7xx_hal_pwr_ex.d ./Drivers/STM32H7xx_HAL_Driver/stm32h7xx_hal_pwr_ex.o ./Drivers/STM32H7xx_HAL_Driver/stm32h7xx_hal_pwr_ex.su ./Drivers/STM32H7xx_HAL_Driver/stm32h7xx_hal_rcc.cyclo ./Drivers/STM32H7xx_HAL_Driver/stm32h7xx_hal_rcc.d ./Drivers/STM32H7xx_HAL_Driver/stm32h7xx_hal_rcc.o ./Drivers/STM32H7xx_HAL_Driver/stm32h7xx_hal_rcc.su ./Drivers/STM32H7xx_HAL_Driver/stm32h7xx_hal_rcc_ex.cyclo ./Drivers/STM32H7xx_HAL_Driver/stm32h7xx_hal_rcc_ex.d ./Drivers/STM32H7xx_HAL_Driver/stm32h7xx_hal_rcc_ex.o ./Drivers/STM32H7xx_HAL_Driver/stm32h7xx_hal_rcc_ex.su ./Drivers/STM32H7xx_HAL_Driver/stm32h7xx_hal_spi.cyclo ./Drivers/STM32H7xx_HAL_Driver/stm32h7xx_hal_spi.d ./Drivers/STM32H7xx_HAL_Driver/stm32h7xx_hal_spi.o ./Drivers/STM32H7xx_HAL_Driver/stm32h7xx_hal_spi.su ./Drivers/STM32H7xx_HAL_Driver/stm32h7xx_hal_spi_ex.cyclo ./Drivers/STM32H7xx_HAL_Driver/stm32h7xx_hal_spi_ex.d ./Drivers/STM32H7xx_HAL_Driver/stm32h7xx_hal_spi_ex.o ./Drivers/STM32H7xx_HAL_Driver/stm32h7xx_hal_spi_ex.su ./Drivers/STM32H7xx_HAL_Driver/stm32h7xx_hal_uart.cyclo ./Drivers/STM32H7xx_HAL_Driver/stm32h7xx_hal_uart.d ./Drivers/STM32H7xx_HAL_Driver/stm32h7xx_hal_uart.o ./Drivers/STM32H7xx_HAL_Driver/stm32h7xx_hal_uart.su ./Drivers/STM32H7xx_HAL_Driver/stm32h7xx_hal_uart_ex.cyclo ./Drivers/STM32H7xx_HAL_Driver/stm32h7xx_hal_uart_ex.d ./Drivers/STM32H7xx_HAL_Driver/stm32h7xx_hal_uart_ex.o ./Drivers/STM32H7xx_HAL_Driver/stm32h7xx_hal_uart_ex.su ./Drivers/STM32H7xx_HAL_Driver/stm32h7xx_ll_usb.cyclo ./Drivers/STM32H7xx_HAL_Driver/stm32h7xx_ll_usb.d ./Drivers/STM32H7xx_HAL_Driver/stm32h7xx_ll_usb.o ./Drivers/STM32H7xx_HAL_Driver/stm32h7xx_ll_usb.su
rm -rf ./Core/Startup/startup_stm32h755zitx.d ./Core/Startup/startup_stm32h755zitx.o
rm -rf ./Core/Src/main.cyclo ./Core/Src/main.d ./Core/Src/main.o ./Core/Src/main.su ./Core/Src/stm32h7xx_hal_msp.cyclo ./Core/Src/stm32h7xx_hal_msp.d ./Core/Src/stm32h7xx_hal_msp.o ./Core/Src/stm32h7xx_hal_msp.su ./Core/Src/stm32h7xx_it.cyclo ./Core/Src/stm32h7xx_it.d ./Core/Src/stm32h7xx_it.o ./Core/Src/stm32h7xx_it.su ./Core/Src/syscalls.cyclo ./Core/Src/syscalls.d ./Core/Src/syscalls.o ./Core/Src/syscalls.su ./Core/Src/sysmem.cyclo ./Core/Src/sysmem.d ./Core/Src/sysmem.o ./Core/Src/sysmem.su
rm -rf ./Common/Src/system_stm32h7xx_dualcore_boot_cm4_cm7.cyclo ./Common/Src/system_stm32h7xx_dualcore_boot_cm4_cm7.d ./Common/Src/system_stm32h7xx_dualcore_boot_cm4_cm7.o ./Common/Src/system_stm32h7xx_dualcore_boot_cm4_cm7.su
rm -rf DRC_Rev2_0_DVT_Interposer_Controller_CM7.elf DRC_Rev2_0_DVT_Interposer_Controller_CM7.list DRC_Rev2_0_DVT_Interposer_Controller_CM7.map default.size.stdout
 
00:06:38 **** Incremental Build of configuration Debug for project DRC_Rev2_0_DVT_Interposer_Controller_CM7 ****
make -j32 all 
arm-none-eabi-gcc "C:/Users/youse/STM32CubeIDE/workspace_1.18.0/DRC_Workspace/DRC_Rev2_0_DVT_Interposer_Controller/Drivers/STM32H7xx_HAL_Driver/Src/stm32h7xx_hal.c" -mcpu=cortex-m7 -std=gnu11 -g3 -DDEBUG -DCORE_CM7 -DUSE_HAL_DRIVER -DSTM32H755xx -DUSE_PWR_LDO_SUPPLY -c -I../Core/Inc -I../../Drivers/STM32H7xx_HAL_Driver/Inc -I../../Drivers/STM32H7xx_HAL_Driver/Inc/Legacy -I../../Drivers/CMSIS/Device/ST/STM32H7xx/Include -I../../Drivers/CMSIS/Include -O0 -ffunction-sections -fdata-sections -Wall -fstack-usage -fcyclomatic-complexity -MMD -MP -MF"Drivers/STM32H7xx_HAL_Driver/stm32h7xx_hal.d" -MT"Drivers/STM32H7xx_HAL_Driver/stm32h7xx_hal.o" --specs=nano.specs -mfpu=fpv5-d16 -mfloat-abi=hard -mthumb -o "Drivers/STM32H7xx_HAL_Driver/stm32h7xx_hal.o"
arm-none-eabi-gcc "C:/Users/youse/STM32CubeIDE/workspace_1.18.0/DRC_Workspace/DRC_Rev2_0_DVT_Interposer_Controller/Drivers/STM32H7xx_HAL_Driver/Src/stm32h7xx_hal_cortex.c" -mcpu=cortex-m7 -std=gnu11 -g3 -DDEBUG -DCORE_CM7 -DUSE_HAL_DRIVER -DSTM32H755xx -DUSE_PWR_LDO_SUPPLY -c -I../Core/Inc -I../../Drivers/STM32H7xx_HAL_Driver/Inc -I../../Drivers/STM32H7xx_HAL_Driver/Inc/Legacy -I../../Drivers/CMSIS/Device/ST/STM32H7xx/Include -I../../Drivers/CMSIS/Include -O0 -ffunction-sections -fdata-sections -Wall -fstack-usage -fcyclomatic-complexity -MMD -MP -MF"Drivers/STM32H7xx_HAL_Driver/stm32h7xx_hal_cortex.d" -MT"Drivers/STM32H7xx_HAL_Driver/stm32h7xx_hal_cortex.o" --specs=nano.specs -mfpu=fpv5-d16 -mfloat-abi=hard -mthumb -o "Drivers/STM32H7xx_HAL_Driver/stm32h7xx_hal_cortex.o"
arm-none-eabi-gcc "C:/Users/youse/STM32CubeIDE/workspace_1.18.0/DRC_Workspace/DRC_Rev2_0_DVT_Interposer_Controller/Drivers/STM32H7xx_HAL_Driver/Src/stm32h7xx_hal_dma.c" -mcpu=cortex-m7 -std=gnu11 -g3 -DDEBUG -DCORE_CM7 -DUSE_HAL_DRIVER -DSTM32H755xx -DUSE_PWR_LDO_SUPPLY -c -I../Core/Inc -I../../Drivers/STM32H7xx_HAL_Driver/Inc -I../../Drivers/STM32H7xx_HAL_Driver/Inc/Legacy -I../../Drivers/CMSIS/Device/ST/STM32H7xx/Include -I../../Drivers/CMSIS/Include -O0 -ffunction-sections -fdata-sections -Wall -fstack-usage -fcyclomatic-complexity -MMD -MP -MF"Drivers/STM32H7xx_HAL_Driver/stm32h7xx_hal_dma.d" -MT"Drivers/STM32H7xx_HAL_Driver/stm32h7xx_hal_dma.o" --specs=nano.specs -mfpu=fpv5-d16 -mfloat-abi=hard -mthumb -o "Drivers/STM32H7xx_HAL_Driver/stm32h7xx_hal_dma.o"
arm-none-eabi-gcc "C:/Users/youse/STM32CubeIDE/workspace_1.18.0/DRC_Workspace/DRC_Rev2_0_DVT_Interposer_Controller/Drivers/STM32H7xx_HAL_Driver/Src/stm32h7xx_hal_dma_ex.c" -mcpu=cortex-m7 -std=gnu11 -g3 -DDEBUG -DCORE_CM7 -DUSE_HAL_DRIVER -DSTM32H755xx -DUSE_PWR_LDO_SUPPLY -c -I../Core/Inc -I../../Drivers/STM32H7xx_HAL_Driver/Inc -I../../Drivers/STM32H7xx_HAL_Driver/Inc/Legacy -I../../Drivers/CMSIS/Device/ST/STM32H7xx/Include -I../../Drivers/CMSIS/Include -O0 -ffunction-sections -fdata-sections -Wall -fstack-usage -fcyclomatic-complexity -MMD -MP -MF"Drivers/STM32H7xx_HAL_Driver/stm32h7xx_hal_dma_ex.d" -MT"Drivers/STM32H7xx_HAL_Driver/stm32h7xx_hal_dma_ex.o" --specs=nano.specs -mfpu=fpv5-d16 -mfloat-abi=hard -mthumb -o "Drivers/STM32H7xx_HAL_Driver/stm32h7xx_hal_dma_ex.o"
arm-none-eabi-gcc "C:/Users/youse/STM32CubeIDE/workspace_1.18.0/DRC_Workspace/DRC_Rev2_0_DVT_Interposer_Controller/Drivers/STM32H7xx_HAL_Driver/Src/stm32h7xx_hal_exti.c" -mcpu=cortex-m7 -std=gnu11 -g3 -DDEBUG -DCORE_CM7 -DUSE_HAL_DRIVER -DSTM32H755xx -DUSE_PWR_LDO_SUPPLY -c -I../Core/Inc -I../../Drivers/STM32H7xx_HAL_Driver/Inc -I../../Drivers/STM32H7xx_HAL_Driver/Inc/Legacy -I../../Drivers/CMSIS/Device/ST/STM32H7xx/Include -I../../Drivers/CMSIS/Include -O0 -ffunction-sections -fdata-sections -Wall -fstack-usage -fcyclomatic-complexity -MMD -MP -MF"Drivers/STM32H7xx_HAL_Driver/stm32h7xx_hal_exti.d" -MT"Drivers/STM32H7xx_HAL_Driver/stm32h7xx_hal_exti.o" --specs=nano.specs -mfpu=fpv5-d16 -mfloat-abi=hard -mthumb -o "Drivers/STM32H7xx_HAL_Driver/stm32h7xx_hal_exti.o"
arm-none-eabi-gcc "C:/Users/youse/STM32CubeIDE/workspace_1.18.0/DRC_Workspace/DRC_Rev2_0_DVT_Interposer_Controller/Drivers/STM32H7xx_HAL_Driver/Src/stm32h7xx_hal_flash.c" -mcpu=cortex-m7 -std=gnu11 -g3 -DDEBUG -DCORE_CM7 -DUSE_HAL_DRIVER -DSTM32H755xx -DUSE_PWR_LDO_SUPPLY -c -I../Core/Inc -I../../Drivers/STM32H7xx_HAL_Driver/Inc -I../../Drivers/STM32H7xx_HAL_Driver/Inc/Legacy -I../../Drivers/CMSIS/Device/ST/STM32H7xx/Include -I../../Drivers/CMSIS/Include -O0 -ffunction-sections -fdata-sections -Wall -fstack-usage -fcyclomatic-complexity -MMD -MP -MF"Drivers/STM32H7xx_HAL_Driver/stm32h7xx_hal_flash.d" -MT"Drivers/STM32H7xx_HAL_Driver/stm32h7xx_hal_flash.o" --specs=nano.specs -mfpu=fpv5-d16 -mfloat-abi=hard -mthumb -o "Drivers/STM32H7xx_HAL_Driver/stm32h7xx_hal_flash.o"
arm-none-eabi-gcc "C:/Users/youse/STM32CubeIDE/workspace_1.18.0/DRC_Workspace/DRC_Rev2_0_DVT_Interposer_Controller/Drivers/STM32H7xx_HAL_Driver/Src/stm32h7xx_hal_flash_ex.c" -mcpu=cortex-m7 -std=gnu11 -g3 -DDEBUG -DCORE_CM7 -DUSE_HAL_DRIVER -DSTM32H755xx -DUSE_PWR_LDO_SUPPLY -c -I../Core/Inc -I../../Drivers/STM32H7xx_HAL_Driver/Inc -I../../Drivers/STM32H7xx_HAL_Driver/Inc/Legacy -I../../Drivers/CMSIS/Device/ST/STM32H7xx/Include -I../../Drivers/CMSIS/Include -O0 -ffunction-sections -fdata-sections -Wall -fstack-usage -fcyclomatic-complexity -MMD -MP -MF"Drivers/STM32H7xx_HAL_Driver/stm32h7xx_hal_flash_ex.d" -MT"Drivers/STM32H7xx_HAL_Driver/stm32h7xx_hal_flash_ex.o" --specs=nano.specs -mfpu=fpv5-d16 -mfloat-abi=hard -mthumb -o "Drivers/STM32H7xx_HAL_Driver/stm32h7xx_hal_flash_ex.o"
arm-none-eabi-gcc "C:/Users/youse/STM32CubeIDE/workspace_1.18.0/DRC_Workspace/DRC_Rev2_0_DVT_Interposer_Controller/Drivers/STM32H7xx_HAL_Driver/Src/stm32h7xx_hal_gpio.c" -mcpu=cortex-m7 -std=gnu11 -g3 -DDEBUG -DCORE_CM7 -DUSE_HAL_DRIVER -DSTM32H755xx -DUSE_PWR_LDO_SUPPLY -c -I../Core/Inc -I../../Drivers/STM32H7xx_HAL_Driver/Inc -I../../Drivers/STM32H7xx_HAL_Driver/Inc/Legacy -I../../Drivers/CMSIS/Device/ST/STM32H7xx/Include -I../../Drivers/CMSIS/Include -O0 -ffunction-sections -fdata-sections -Wall -fstack-usage -fcyclomatic-complexity -MMD -MP -MF"Drivers/STM32H7xx_HAL_Driver/stm32h7xx_hal_gpio.d" -MT"Drivers/STM32H7xx_HAL_Driver/stm32h7xx_hal_gpio.o" --specs=nano.specs -mfpu=fpv5-d16 -mfloat-abi=hard -mthumb -o "Drivers/STM32H7xx_HAL_Driver/stm32h7xx_hal_gpio.o"
arm-none-eabi-gcc "C:/Users/youse/STM32CubeIDE/workspace_1.18.0/DRC_Workspace/DRC_Rev2_0_DVT_Interposer_Controller/Drivers/STM32H7xx_HAL_Driver/Src/stm32h7xx_hal_hsem.c" -mcpu=cortex-m7 -std=gnu11 -g3 -DDEBUG -DCORE_CM7 -DUSE_HAL_DRIVER -DSTM32H755xx -DUSE_PWR_LDO_SUPPLY -c -I../Core/Inc -I../../Drivers/STM32H7xx_HAL_Driver/Inc -I../../Drivers/STM32H7xx_HAL_Driver/Inc/Legacy -I../../Drivers/CMSIS/Device/ST/STM32H7xx/Include -I../../Drivers/CMSIS/Include -O0 -ffunction-sections -fdata-sections -Wall -fstack-usage -fcyclomatic-complexity -MMD -MP -MF"Drivers/STM32H7xx_HAL_Driver/stm32h7xx_hal_hsem.d" -MT"Drivers/STM32H7xx_HAL_Driver/stm32h7xx_hal_hsem.o" --specs=nano.specs -mfpu=fpv5-d16 -mfloat-abi=hard -mthumb -o "Drivers/STM32H7xx_HAL_Driver/stm32h7xx_hal_hsem.o"
arm-none-eabi-gcc "C:/Users/youse/STM32CubeIDE/workspace_1.18.0/DRC_Workspace/DRC_Rev2_0_DVT_Interposer_Controller/Drivers/STM32H7xx_HAL_Driver/Src/stm32h7xx_hal_i2c.c" -mcpu=cortex-m7 -std=gnu11 -g3 -DDEBUG -DCORE_CM7 -DUSE_HAL_DRIVER -DSTM32H755xx -DUSE_PWR_LDO_SUPPLY -c -I../Core/Inc -I../../Drivers/STM32H7xx_HAL_Driver/Inc -I../../Drivers/STM32H7xx_HAL_Driver/Inc/Legacy -I../../Drivers/CMSIS/Device/ST/STM32H7xx/Include -I../../Drivers/CMSIS/Include -O0 -ffunction-sections -fdata-sections -Wall -fstack-usage -fcyclomatic-complexity -MMD -MP -MF"Drivers/STM32H7xx_HAL_Driver/stm32h7xx_hal_i2c.d" -MT"Drivers/STM32H7xx_HAL_Driver/stm32h7xx_hal_i2c.o" --specs=nano.specs -mfpu=fpv5-d16 -mfloat-abi=hard -mthumb -o "Drivers/STM32H7xx_HAL_Driver/stm32h7xx_hal_i2c.o"
arm-none-eabi-gcc "C:/Users/youse/STM32CubeIDE/workspace_1.18.0/DRC_Workspace/DRC_Rev2_0_DVT_Interposer_Controller/Drivers/STM32H7xx_HAL_Driver/Src/stm32h7xx_hal_i2c_ex.c" -mcpu=cortex-m7 -std=gnu11 -g3 -DDEBUG -DCORE_CM7 -DUSE_HAL_DRIVER -DSTM32H755xx -DUSE_PWR_LDO_SUPPLY -c -I../Core/Inc -I../../Drivers/STM32H7xx_HAL_Driver/Inc -I../../Drivers/STM32H7xx_HAL_Driver/Inc/Legacy -I../../Drivers/CMSIS/Device/ST/STM32H7xx/Include -I../../Drivers/CMSIS/Include -O0 -ffunction-sections -fdata-sections -Wall -fstack-usage -fcyclomatic-complexity -MMD -MP -MF"Drivers/STM32H7xx_HAL_Driver/stm32h7xx_hal_i2c_ex.d" -MT"Drivers/STM32H7xx_HAL_Driver/stm32h7xx_hal_i2c_ex.o" --specs=nano.specs -mfpu=fpv5-d16 -mfloat-abi=hard -mthumb -o "Drivers/STM32H7xx_HAL_Driver/stm32h7xx_hal_i2c_ex.o"
arm-none-eabi-gcc "C:/Users/youse/STM32CubeIDE/workspace_1.18.0/DRC_Workspace/DRC_Rev2_0_DVT_Interposer_Controller/Drivers/STM32H7xx_HAL_Driver/Src/stm32h7xx_hal_mdma.c" -mcpu=cortex-m7 -std=gnu11 -g3 -DDEBUG -DCORE_CM7 -DUSE_HAL_DRIVER -DSTM32H755xx -DUSE_PWR_LDO_SUPPLY -c -I../Core/Inc -I../../Drivers/STM32H7xx_HAL_Driver/Inc -I../../Drivers/STM32H7xx_HAL_Driver/Inc/Legacy -I../../Drivers/CMSIS/Device/ST/STM32H7xx/Include -I../../Drivers/CMSIS/Include -O0 -ffunction-sections -fdata-sections -Wall -fstack-usage -fcyclomatic-complexity -MMD -MP -MF"Drivers/STM32H7xx_HAL_Driver/stm32h7xx_hal_mdma.d" -MT"Drivers/STM32H7xx_HAL_Driver/stm32h7xx_hal_mdma.o" --specs=nano.specs -mfpu=fpv5-d16 -mfloat-abi=hard -mthumb -o "Drivers/STM32H7xx_HAL_Driver/stm32h7xx_hal_mdma.o"
[...]
      |                                                                  |
      |                                                                  uint8_t * {aka unsigned char *}
C:\ST\STM32CubeIDE_1.17.0\STM32CubeIDE\plugins\com.st.stm32cube.ide.mcu.externaltools.gnu-tools-for-stm32.13.3.rel1.win32_1.0.0.202411081344\tools\bin/../lib/gcc/arm-none-eabi/13.3.1/../../../../arm-none-eabi/include/string.h:41:18: note: expected 'const char *' but argument is of type 'uint8_t *' {aka 'unsigned char *'}
   41 | size_t   strlen (const char *);
      |                  ^~~~~~~~~~~~
../Core/Src/main.c:1164:27: warning: pointer targets in passing argument 1 of 'sprintf' differ in signedness [-Wpointer-sign]
 1164 |                   sprintf(transmitMsg, "Pin %d: %d\n", i, pinstate);
      |                           ^~~~~~~~~~~
      |                           |
      |                           uint8_t * {aka unsigned char *}
C:\ST\STM32CubeIDE_1.17.0\STM32CubeIDE\plugins\com.st.stm32cube.ide.mcu.externaltools.gnu-tools-for-stm32.13.3.rel1.win32_1.0.0.202411081344\tools\bin/../lib/gcc/arm-none-eabi/13.3.1/../../../../arm-none-eabi/include/stdio.h:250:18: note: expected 'char * restrict' but argument is of type 'uint8_t *' {aka 'unsigned char *'}
  250 | int     sprintf (char *__restrict, const char *__restrict, ...)
      |                  ^
../Core/Src/main.c:1166:66: warning: pointer targets in passing argument 1 of 'strlen' differ in signedness [-Wpointer-sign]
 1166 |                   HAL_UART_Transmit(&huart1, transmitMsg, strlen(transmitMsg), 100);
      |                                                                  ^~~~~~~~~~~
      |                                                                  |
      |                                                                  uint8_t * {aka unsigned char *}
C:\ST\STM32CubeIDE_1.17.0\STM32CubeIDE\plugins\com.st.stm32cube.ide.mcu.externaltools.gnu-tools-for-stm32.13.3.rel1.win32_1.0.0.202411081344\tools\bin/../lib/gcc/arm-none-eabi/13.3.1/../../../../arm-none-eabi/include/string.h:41:18: note: expected 'const char *' but argument is of type 'uint8_t *' {aka 'unsigned char *'}
   41 | size_t   strlen (const char *);
      |                  ^~~~~~~~~~~~
arm-none-eabi-gcc -o "DRC_Rev2_0_DVT_Interposer_Controller_CM7.elf" @"objects.list"   -mcpu=cortex-m7 -T"C:\Users\youse\STM32CubeIDE\workspace_1.18.0\DRC_Workspace\DRC_Rev2_0_DVT_Interposer_Controller\CM7\STM32H755ZITX_FLASH.ld" --specs=nosys.specs -Wl,-Map="DRC_Rev2_0_DVT_Interposer_Controller_CM7.map" -Wl,--gc-sections -static --specs=nano.specs -mfpu=fpv5-d16 -mfloat-abi=hard -mthumb -Wl,--start-group -lc -lm -Wl,--end-group
Finished building target: DRC_Rev2_0_DVT_Interposer_Controller_CM7.elf
 
arm-none-eabi-size  DRC_Rev2_0_DVT_Interposer_Controller_CM7.elf 
arm-none-eabi-objdump -h -S DRC_Rev2_0_DVT_Interposer_Controller_CM7.elf  > "DRC_Rev2_0_DVT_Interposer_Controller_CM7.list"
   text	   data	    bss	    dec	    hex	filename
  55528	   2192	   9656	  67376	  10730	DRC_Rev2_0_DVT_Interposer_Controller_CM7.elf
Finished building: default.size.stdout
 
Finished building: DRC_Rev2_0_DVT_Interposer_Controller_CM7.list
 
16:20:17 **** Incremental Build of configuration Debug for project DRC_Rev2_0_DVT_Interposer_Controller_CM4 ****
make -j32 all 
arm-none-eabi-size  DRC_Rev2_0_DVT_Interposer_Controller_CM4.elf 
   text	   data	    bss	    dec	    hex	filename
   3200	     16	   1568	   4784	   12b0	DRC_Rev2_0_DVT_Interposer_Controller_CM4.elf
Finished building: default.size.stdout
 
16:20:17 **** Incremental Build of configuration Debug for project DRC_Rev2_0_DVT_Interposer_Controller_CM7 ****
make -j32 all 
arm-none-eabi-gcc "../Core/Src/main.c" -mcpu=cortex-m7 -std=gnu11 -g3 -DDEBUG -DCORE_CM7 -DUSE_HAL_DRIVER -DSTM32H755xx -DUSE_PWR_LDO_SUPPLY -c -I../Core/Inc -I../../Drivers/STM32H7xx_HAL_Driver/Inc -I../../Drivers/STM32H7xx_HAL_Driver/Inc/Legacy -I../../Drivers/CMSIS/Device/ST/STM32H7xx/Include -I../../Drivers/CMSIS/Include -I../USB_DEVICE/App -I../USB_DEVICE/Target -I../../Middlewares/ST/STM32_USB_Device_Library/Core/Inc -I../../Middlewares/ST/STM32_USB_Device_Library/Class/CDC/Inc -O0 -ffunction-sections -fdata-sections -Wall -fstack-usage -fcyclomatic-complexity -MMD -MP -MF"Core/Src/main.d" -MT"Core/Src/main.o" --specs=nano.specs -mfpu=fpv5-d16 -mfloat-abi=hard -mthumb -o "Core/Src/main.o"
../Core/Src/main.c: In function 'main':
../Core/Src/main.c:1144:30: warning: pointer targets in passing argument 2 of 'HAL_UART_Transmit' differ in signedness [-Wpointer-sign]
 1144 |   HAL_UART_Transmit(&huart1, transmitMsg, strlen(transmitMsg), 100);
      |                              ^~~~~~~~~~~
      |                              |
      |                              char *
In file included from ../Core/Inc/stm32h7xx_hal_conf.h:462,
                 from ../../Drivers/STM32H7xx_HAL_Driver/Inc/stm32h7xx_hal.h:29,
                 from ../Core/Inc/main.h:30,
                 from ../Core/Src/main.c:20:
../../Drivers/STM32H7xx_HAL_Driver/Inc/stm32h7xx_hal_uart.h:1636:79: note: expected 'const uint8_t *' {aka 'const unsigned char *'} but argument is of type 'char *'
 1636 | HAL_StatusTypeDef HAL_UART_Transmit(UART_HandleTypeDef *huart, const uint8_t *pData, uint16_t Size, uint32_t Timeout);
      |                                                                ~~~~~~~~~~~~~~~^~~~~
../Core/Src/main.c:1162:46: warning: pointer targets in passing argument 2 of 'HAL_UART_Transmit' differ in signedness [-Wpointer-sign]
 1162 |                   HAL_UART_Transmit(&huart1, transmitMsg, strlen(transmitMsg), 100);
      |                                              ^~~~~~~~~~~
      |                                              |
      |                                              char *
../../Drivers/STM32H7xx_HAL_Driver/Inc/stm32h7xx_hal_uart.h:1636:79: note: expected 'const uint8_t *' {aka 'const unsigned char *'} but argument is of type 'char *'
 1636 | HAL_StatusTypeDef HAL_UART_Transmit(UART_HandleTypeDef *huart, const uint8_t *pData, uint16_t Size, uint32_t Timeout);
      |                                                                ~~~~~~~~~~~~~~~^~~~~
../Core/Src/main.c:1166:46: warning: pointer targets in passing argument 2 of 'HAL_UART_Transmit' differ in signedness [-Wpointer-sign]
 1166 |                   HAL_UART_Transmit(&huart1, transmitMsg, strlen(transmitMsg), 100);
      |                                              ^~~~~~~~~~~
      |                                              |
      |                                              char *
../../Drivers/STM32H7xx_HAL_Driver/Inc/stm32h7xx_hal_uart.h:1636:79: note: expected 'const uint8_t *' {aka 'const unsigned char *'} but argument is of type 'char *'
 1636 | HAL_StatusTypeDef HAL_UART_Transmit(UART_HandleTypeDef *huart, const uint8_t *pData, uint16_t Size, uint32_t Timeout);
      |                                                                ~~~~~~~~~~~~~~~^~~~~
arm-none-eabi-gcc -o "DRC_Rev2_0_DVT_Interposer_Controller_CM7.elf" @"objects.list"   -mcpu=cortex-m7 -T"C:\Users\youse\STM32CubeIDE\workspace_1.18.0\DRC_Workspace\DRC_Rev2_0_DVT_Interposer_Controller\CM7\STM32H755ZITX_FLASH.ld" --specs=nosys.specs -Wl,-Map="DRC_Rev2_0_DVT_Interposer_Controller_CM7.map" -Wl,--gc-sections -static --specs=nano.specs -mfpu=fpv5-d16 -mfloat-abi=hard -mthumb -Wl,--start-group -lc -lm -Wl,--end-group
Finished building target: DRC_Rev2_0_DVT_Interposer_Controller_CM7.elf
 
arm-none-eabi-size  DRC_Rev2_0_DVT_Interposer_Controller_CM7.elf 
arm-none-eabi-objdump -h -S DRC_Rev2_0_DVT_Interposer_Controller_CM7.elf  > "DRC_Rev2_0_DVT_Interposer_Controller_CM7.list"
   text	   data	    bss	    dec	    hex	filename
  55528	   2192	   9656	  67376	  10730	DRC_Rev2_0_DVT_Interposer_Controller_CM7.elf
Finished building: default.size.stdout
 
Finished building: DRC_Rev2_0_DVT_Interposer_Controller_CM7.list
 
16:21:06 **** Incremental Build of configuration Debug for project DRC_Rev2_0_DVT_Interposer_Controller_CM4 ****
make -j32 all 
arm-none-eabi-size  DRC_Rev2_0_DVT_Interposer_Controller_CM4.elf 
   text	   data	    bss	    dec	    hex	filename
   3200	     16	   1568	   4784	   12b0	DRC_Rev2_0_DVT_Interposer_Controller_CM4.elf
Finished building: default.size.stdout
 
16:21:06 **** Incremental Build of configuration Debug for project DRC_Rev2_0_DVT_Interposer_Controller_CM7 ****
make -j32 all 
arm-none-eabi-gcc "../Core/Src/main.c" -mcpu=cortex-m7 -std=gnu11 -g3 -DDEBUG -DCORE_CM7 -DUSE_HAL_DRIVER -DSTM32H755xx -DUSE_PWR_LDO_SUPPLY -c -I../Core/Inc -I../../Drivers/STM32H7xx_HAL_Driver/Inc -I../../Drivers/STM32H7xx_HAL_Driver/Inc/Legacy -I../../Drivers/CMSIS/Device/ST/STM32H7xx/Include -I../../Drivers/CMSIS/Include -I../USB_DEVICE/App -I../USB_DEVICE/Target -I../../Middlewares/ST/STM32_USB_Device_Library/Core/Inc -I../../Middlewares/ST/STM32_USB_Device_Library/Class/CDC/Inc -O0 -ffunction-sections -fdata-sections -Wall -fstack-usage -fcyclomatic-complexity -MMD -MP -MF"Core/Src/main.d" -MT"Core/Src/main.o" --specs=nano.specs -mfpu=fpv5-d16 -mfloat-abi=hard -mthumb -o "Core/Src/main.o"
../Core/Src/main.c: In function 'main':
../Core/Src/main.c:1143:11: warning: pointer targets in passing argument 1 of 'sprintf' differ in signedness [-Wpointer-sign]
 1143 |   sprintf(transmitMsg, "\033[2J\033[H");
      |           ^~~~~~~~~~~
      |           |
      |           uint8_t * {aka unsigned char *}
In file included from ../USB_DEVICE/Target/usbd_conf.h:30,
                 from ../../Middlewares/ST/STM32_USB_Device_Library/Core/Inc/usbd_def.h:28,
                 from ../USB_DEVICE/App/usb_device.h:32,
                 from ../Core/Src/main.c:21:
C:\ST\STM32CubeIDE_1.17.0\STM32CubeIDE\plugins\com.st.stm32cube.ide.mcu.externaltools.gnu-tools-for-stm32.13.3.rel1.win32_1.0.0.202411081344\tools\bin/../lib/gcc/arm-none-eabi/13.3.1/../../../../arm-none-eabi/include/stdio.h:250:18: note: expected 'char * restrict' but argument is of type 'uint8_t *' {aka 'unsigned char *'}
  250 | int     sprintf (char *__restrict, const char *__restrict, ...)
      |                  ^
../Core/Src/main.c:1144:50: warning: pointer targets in passing argument 1 of 'strlen' differ in signedness [-Wpointer-sign]
 1144 |   HAL_UART_Transmit(&huart1, transmitMsg, strlen(transmitMsg), 100);
      |                                                  ^~~~~~~~~~~
      |                                                  |
      |                                                  uint8_t * {aka unsigned char *}
In file included from ../USB_DEVICE/Target/usbd_conf.h:32:
C:\ST\STM32CubeIDE_1.17.0\STM32CubeIDE\plugins\com.st.stm32cube.ide.mcu.externaltools.gnu-tools-for-stm32.13.3.rel1.win32_1.0.0.202411081344\tools\bin/../lib/gcc/arm-none-eabi/13.3.1/../../../../arm-none-eabi/include/string.h:41:18: note: expected 'const char *' but argument is of type 'uint8_t *' {aka 'unsigned char *'}
   41 | size_t   strlen (const char *);
      |                  ^~~~~~~~~~~~
../Core/Src/main.c:1160:27: warning: pointer targets in passing argument 1 of 'sprintf' differ in signedness [-Wpointer-sign]
 1160 |                   sprintf(transmitMsg, "\033[%d;%dH", i%30 + 1, 30 * (i/30));
      |                           ^~~~~~~~~~~
      |                           |
      |                           uint8_t * {aka unsigned char *}
C:\ST\STM32CubeIDE_1.17.0\STM32CubeIDE\plugins\com.st.stm32cube.ide.mcu.externaltools.gnu-tools-for-stm32.13.3.rel1.win32_1.0.0.202411081344\tools\bin/../lib/gcc/arm-none-eabi/13.3.1/../../../../arm-none-eabi/include/stdio.h:250:18: note: expected 'char * restrict' but argument is of type 'uint8_t *' {aka 'unsigned char *'}
  250 | int     sprintf (char *__restrict, const char *__restrict, ...)
      |                  ^
../Core/Src/main.c:1162:66: warning: pointer targets in passing argument 1 of 'strlen' differ in signedness [-Wpointer-sign]
 1162 |                   HAL_UART_Transmit(&huart1, transmitMsg, strlen(transmitMsg), 100);
      |                                                                  ^~~~~~~~~~~
      |                                                                  |
      |                                                                  uint8_t * {aka unsigned char *}
C:\ST\STM32CubeIDE_1.17.0\STM32CubeIDE\plugins\com.st.stm32cube.ide.mcu.externaltools.gnu-tools-for-stm32.13.3.rel1.win32_1.0.0.202411081344\tools\bin/../lib/gcc/arm-none-eabi/13.3.1/../../../../arm-none-eabi/include/string.h:41:18: note: expected 'const char *' but argument is of type 'uint8_t *' {aka 'unsigned char *'}
   41 | size_t   strlen (const char *);
      |                  ^~~~~~~~~~~~
../Core/Src/main.c:1164:27: warning: pointer targets in passing argument 1 of 'sprintf' differ in signedness [-Wpointer-sign]
 1164 |                   sprintf(transmitMsg, "Pin %d: %d\n", i, pinstate);
      |                           ^~~~~~~~~~~
      |                           |
      |                           uint8_t * {aka unsigned char *}
C:\ST\STM32CubeIDE_1.17.0\STM32CubeIDE\plugins\com.st.stm32cube.ide.mcu.externaltools.gnu-tools-for-stm32.13.3.rel1.win32_1.0.0.202411081344\tools\bin/../lib/gcc/arm-none-eabi/13.3.1/../../../../arm-none-eabi/include/stdio.h:250:18: note: expected 'char * restrict' but argument is of type 'uint8_t *' {aka 'unsigned char *'}
  250 | int     sprintf (char *__restrict, const char *__restrict, ...)
      |                  ^
../Core/Src/main.c:1166:66: warning: pointer targets in passing argument 1 of 'strlen' differ in signedness [-Wpointer-sign]
 1166 |                   HAL_UART_Transmit(&huart1, transmitMsg, strlen(transmitMsg), 100);
      |                                                                  ^~~~~~~~~~~
      |                                                                  |
      |                                                                  uint8_t * {aka unsigned char *}
C:\ST\STM32CubeIDE_1.17.0\STM32CubeIDE\plugins\com.st.stm32cube.ide.mcu.externaltools.gnu-tools-for-stm32.13.3.rel1.win32_1.0.0.202411081344\tools\bin/../lib/gcc/arm-none-eabi/13.3.1/../../../../arm-none-eabi/include/string.h:41:18: note: expected 'const char *' but argument is of type 'uint8_t *' {aka 'unsigned char *'}
   41 | size_t   strlen (const char *);
      |                  ^~~~~~~~~~~~
arm-none-eabi-gcc -o "DRC_Rev2_0_DVT_Interposer_Controller_CM7.elf" @"objects.list"   -mcpu=cortex-m7 -T"C:\Users\youse\STM32CubeIDE\workspace_1.18.0\DRC_Workspace\DRC_Rev2_0_DVT_Interposer_Controller\CM7\STM32H755ZITX_FLASH.ld" --specs=nosys.specs -Wl,-Map="DRC_Rev2_0_DVT_Interposer_Controller_CM7.map" -Wl,--gc-sections -static --specs=nano.specs -mfpu=fpv5-d16 -mfloat-abi=hard -mthumb -Wl,--start-group -lc -lm -Wl,--end-group
Finished building target: DRC_Rev2_0_DVT_Interposer_Controller_CM7.elf
 
arm-none-eabi-size  DRC_Rev2_0_DVT_Interposer_Controller_CM7.elf 
arm-none-eabi-objdump -h -S DRC_Rev2_0_DVT_Interposer_Controller_CM7.elf  > "DRC_Rev2_0_DVT_Interposer_Controller_CM7.list"
   text	   data	    bss	    dec	    hex	filename
  55528	   2192	   9656	  67376	  10730	DRC_Rev2_0_DVT_Interposer_Controller_CM7.elf
Finished building: default.size.stdout
 
Finished building: DRC_Rev2_0_DVT_Interposer_Controller_CM7.list
 
16:21:49 **** Incremental Build of configuration Debug for project DRC_Rev2_0_DVT_Interposer_Controller_CM4 ****
make -j32 all 
arm-none-eabi-size  DRC_Rev2_0_DVT_Interposer_Controller_CM4.elf 
   text	   data	    bss	    dec	    hex	filename
   3200	     16	   1568	   4784	   12b0	DRC_Rev2_0_DVT_Interposer_Controller_CM4.elf
Finished building: default.size.stdout
 
16:21:50 **** Incremental Build of configuration Debug for project DRC_Rev2_0_DVT_Interposer_Controller_CM7 ****
make -j32 all 
arm-none-eabi-gcc "../Core/Src/main.c" -mcpu=cortex-m7 -std=gnu11 -g3 -DDEBUG -DCORE_CM7 -DUSE_HAL_DRIVER -DSTM32H755xx -DUSE_PWR_LDO_SUPPLY -c -I../Core/Inc -I../../Drivers/STM32H7xx_HAL_Driver/Inc -I../../Drivers/STM32H7xx_HAL_Driver/Inc/Legacy -I../../Drivers/CMSIS/Device/ST/STM32H7xx/Include -I../../Drivers/CMSIS/Include -I../USB_DEVICE/App -I../USB_DEVICE/Target -I../../Middlewares/ST/STM32_USB_Device_Library/Core/Inc -I../../Middlewares/ST/STM32_USB_Device_Library/Class/CDC/Inc -O0 -ffunction-sections -fdata-sections -Wall -fstack-usage -fcyclomatic-complexity -MMD -MP -MF"Core/Src/main.d" -MT"Core/Src/main.o" --specs=nano.specs -mfpu=fpv5-d16 -mfloat-abi=hard -mthumb -o "Core/Src/main.o"
../Core/Src/main.c: In function 'main':
../Core/Src/main.c:1144:30: warning: pointer targets in passing argument 2 of 'HAL_UART_Transmit' differ in signedness [-Wpointer-sign]
 1144 |   HAL_UART_Transmit(&huart1, transmitMsg, strlen(transmitMsg), 100);
      |                              ^~~~~~~~~~~
      |                              |
      |                              char *
In file included from ../Core/Inc/stm32h7xx_hal_conf.h:462,
                 from ../../Drivers/STM32H7xx_HAL_Driver/Inc/stm32h7xx_hal.h:29,
                 from ../Core/Inc/main.h:30,
                 from ../Core/Src/main.c:20:
../../Drivers/STM32H7xx_HAL_Driver/Inc/stm32h7xx_hal_uart.h:1636:79: note: expected 'const uint8_t *' {aka 'const unsigned char *'} but argument is of type 'char *'
 1636 | HAL_StatusTypeDef HAL_UART_Transmit(UART_HandleTypeDef *huart, const uint8_t *pData, uint16_t Size, uint32_t Timeout);
      |                                                                ~~~~~~~~~~~~~~~^~~~~
../Core/Src/main.c:1162:46: warning: pointer targets in passing argument 2 of 'HAL_UART_Transmit' differ in signedness [-Wpointer-sign]
 1162 |                   HAL_UART_Transmit(&huart1, transmitMsg, strlen(transmitMsg), 100);
      |                                              ^~~~~~~~~~~
      |                                              |
      |                                              char *
../../Drivers/STM32H7xx_HAL_Driver/Inc/stm32h7xx_hal_uart.h:1636:79: note: expected 'const uint8_t *' {aka 'const unsigned char *'} but argument is of type 'char *'
 1636 | HAL_StatusTypeDef HAL_UART_Transmit(UART_HandleTypeDef *huart, const uint8_t *pData, uint16_t Size, uint32_t Timeout);
      |                                                                ~~~~~~~~~~~~~~~^~~~~
../Core/Src/main.c:1166:46: warning: pointer targets in passing argument 2 of 'HAL_UART_Transmit' differ in signedness [-Wpointer-sign]
 1166 |                   HAL_UART_Transmit(&huart1, transmitMsg, strlen(transmitMsg), 100);
      |                                              ^~~~~~~~~~~
      |                                              |
      |                                              char *
../../Drivers/STM32H7xx_HAL_Driver/Inc/stm32h7xx_hal_uart.h:1636:79: note: expected 'const uint8_t *' {aka 'const unsigned char *'} but argument is of type 'char *'
 1636 | HAL_StatusTypeDef HAL_UART_Transmit(UART_HandleTypeDef *huart, const uint8_t *pData, uint16_t Size, uint32_t Timeout);
      |                                                                ~~~~~~~~~~~~~~~^~~~~
arm-none-eabi-gcc -o "DRC_Rev2_0_DVT_Interposer_Controller_CM7.elf" @"objects.list"   -mcpu=cortex-m7 -T"C:\Users\youse\STM32CubeIDE\workspace_1.18.0\DRC_Workspace\DRC_Rev2_0_DVT_Interposer_Controller\CM7\STM32H755ZITX_FLASH.ld" --specs=nosys.specs -Wl,-Map="DRC_Rev2_0_DVT_Interposer_Controller_CM7.map" -Wl,--gc-sections -static --specs=nano.specs -mfpu=fpv5-d16 -mfloat-abi=hard -mthumb -Wl,--start-group -lc -lm -Wl,--end-group
Finished building target: DRC_Rev2_0_DVT_Interposer_Controller_CM7.elf
 
arm-none-eabi-size  DRC_Rev2_0_DVT_Interposer_Controller_CM7.elf 
arm-none-eabi-objdump -h -S DRC_Rev2_0_DVT_Interposer_Controller_CM7.elf  > "DRC_Rev2_0_DVT_Interposer_Controller_CM7.list"
   text	   data	    bss	    dec	    hex	filename
  55528	   2192	   9656	  67376	  10730	DRC_Rev2_0_DVT_Interposer_Controller_CM7.elf
Finished building: default.size.stdout
 
Finished building: DRC_Rev2_0_DVT_Interposer_Controller_CM7.list
 
